Component: ARM Compiler 5.06 update 6 (build 750) Tool: armlink [4d35ed]

==============================================================================

Section Cross References

    main.o(.text) refers to nnom.o(.text) for check_model_version
    main.o(.text) refers to nnom_input.o(.text) for input_s
    main.o(.text) refers to nnom_conv2d.o(.text) for conv2d_s
    main.o(.text) refers to nnom_activation.o(.text) for act_relu
    main.o(.text) refers to nnom_maxpool.o(.text) for maxpool_s
    main.o(.text) refers to nnom_flatten.o(.text) for flatten_s
    main.o(.text) refers to nnom_dense.o(.text) for dense_s
    main.o(.text) refers to nnom_softmax.o(.text) for softmax_s
    main.o(.text) refers to nnom_output.o(.text) for output_s
    main.o(.text) refers to dcmi.o(.text) for DCMI_Stop
    main.o(.text) refers to lcd.o(.text) for LCD_Fast_DrawPoint
    main.o(.text) refers to delay.o(.text) for delay_ms
    main.o(.text) refers to misc.o(.text) for NVIC_PriorityGroupConfig
    main.o(.text) refers to led.o(.text) for LED_Init
    main.o(.text) refers to key.o(.text) for KEY_Init
    main.o(.text) refers to usart.o(.text) for uart_init
    main.o(.text) refers to timer.o(.text) for TIM3_Int_Init
    main.o(.text) refers to main.o(.bss) for .bss
    main.o(.text) refers to main.o(.constdata) for .constdata
    main.o(.text) refers to main.o(.data) for .data
    main.o(.text) refers to lcd.o(.data) for POINT_COLOR
    main.o(.text) refers to ov2640.o(.text) for OV2640_Init
    main.o(.text) refers to stm32f4xx_dma.o(.text) for DMA_SetCurrDataCounter
    main.o(.text) refers to key.o(.data) for Key_Flag
    main.o(.constdata) refers to main.o(.bss) for nnom_input_data
    main.o(.constdata) refers to main.o(.constdata) for tensor_input_1_dim
    main.o(.constdata) refers to main.o(.constdata) for tensor_input_1_dec
    main.o(.constdata) refers to main.o(.constdata) for tensor_input_1_offset
    main.o(.constdata) refers to main.o(.conststring) for .conststring
    main.o(.constdata) refers to main.o(.constdata) for tensor_input_1
    main.o(.constdata) refers to main.o(.constdata) for tensor_output0
    main.o(.constdata) refers to main.o(.constdata) for tensor_conv2d_kernel_0
    main.o(.constdata) refers to main.o(.constdata) for tensor_conv2d_bias_0
    main.o(.constdata) refers to main.o(.constdata) for conv2d_output_shift
    main.o(.constdata) refers to main.o(.constdata) for conv2d_bias_shift
    main.o(.constdata) refers to main.o(.constdata) for tensor_conv2d_1_kernel_0
    main.o(.constdata) refers to main.o(.constdata) for tensor_conv2d_1_bias_0
    main.o(.constdata) refers to main.o(.constdata) for conv2d_1_output_shift
    main.o(.constdata) refers to main.o(.constdata) for conv2d_1_bias_shift
    main.o(.constdata) refers to main.o(.constdata) for tensor_conv2d_2_kernel_0
    main.o(.constdata) refers to main.o(.constdata) for tensor_conv2d_2_bias_0
    main.o(.constdata) refers to main.o(.constdata) for conv2d_2_output_shift
    main.o(.constdata) refers to main.o(.constdata) for conv2d_2_bias_shift
    main.o(.constdata) refers to main.o(.constdata) for tensor_dense_kernel_0
    main.o(.constdata) refers to main.o(.constdata) for tensor_dense_bias_0
    main.o(.constdata) refers to main.o(.constdata) for dense_output_shift
    main.o(.constdata) refers to main.o(.constdata) for dense_bias_shift
    main.o(.constdata) refers to main.o(.constdata) for tensor_dense_1_kernel_0
    main.o(.constdata) refers to main.o(.constdata) for tensor_dense_1_bias_0
    main.o(.constdata) refers to main.o(.constdata) for dense_1_output_shift
    main.o(.constdata) refers to main.o(.constdata) for dense_1_bias_shift
    main.o(.constdata) refers to main.o(.constdata) for tensor_conv2d_kernel_0_data
    main.o(.constdata) refers to main.o(.constdata) for tensor_conv2d_kernel_0_dim
    main.o(.constdata) refers to main.o(.constdata) for tensor_conv2d_kernel_0_dec
    main.o(.constdata) refers to main.o(.constdata) for tensor_conv2d_kernel_0_offset
    main.o(.constdata) refers to main.o(.constdata) for tensor_conv2d_bias_0_data
    main.o(.constdata) refers to main.o(.constdata) for tensor_conv2d_bias_0_dim
    main.o(.constdata) refers to main.o(.constdata) for tensor_conv2d_bias_0_dec
    main.o(.constdata) refers to main.o(.constdata) for tensor_conv2d_bias_0_offset
    main.o(.constdata) refers to main.o(.constdata) for tensor_conv2d_1_kernel_0_data
    main.o(.constdata) refers to main.o(.constdata) for tensor_conv2d_1_kernel_0_dim
    main.o(.constdata) refers to main.o(.constdata) for tensor_conv2d_1_kernel_0_dec
    main.o(.constdata) refers to main.o(.constdata) for tensor_conv2d_1_kernel_0_offset
    main.o(.constdata) refers to main.o(.constdata) for tensor_conv2d_1_bias_0_data
    main.o(.constdata) refers to main.o(.constdata) for tensor_conv2d_1_bias_0_dim
    main.o(.constdata) refers to main.o(.constdata) for tensor_conv2d_1_bias_0_dec
[...]
    LCD_RD_DATA                              0x08000ad1   Thumb Code    20  lcd.o(.text)
    LCD_WriteReg                             0x08000ae5   Thumb Code    22  lcd.o(.text)
    LCD_ReadReg                              0x08000afb   Thumb Code    22  lcd.o(.text)
    LCD_WriteRAM_Prepare                     0x08000b11   Thumb Code    14  lcd.o(.text)
    LCD_WriteRAM                             0x08000b1f   Thumb Code    10  lcd.o(.text)
    LCD_BGR2RGB                              0x08000b29   Thumb Code    18  lcd.o(.text)
    opt_delay                                0x08000b3b   Thumb Code     8  lcd.o(.text)
    LCD_SetCursor                            0x08000b43   Thumb Code   212  lcd.o(.text)
    LCD_ReadPoint                            0x08000c17   Thumb Code   296  lcd.o(.text)
    LCD_DisplayOn                            0x08000d3f   Thumb Code    54  lcd.o(.text)
    LCD_DisplayOff                           0x08000d75   Thumb Code    52  lcd.o(.text)
    LCD_Scan_Dir                             0x08000da9   Thumb Code   516  lcd.o(.text)
    LCD_DrawPoint                            0x08000fad   Thumb Code    24  lcd.o(.text)
    LCD_Fast_DrawPoint                       0x08000fc5   Thumb Code   214  lcd.o(.text)
    LCD_Display_Dir                          0x0800109b   Thumb Code   256  lcd.o(.text)
    LCD_Set_Window                           0x0800119b   Thumb Code   340  lcd.o(.text)
    LCD_Clear                                0x080012ef   Thumb Code   100  lcd.o(.text)
    LCD_Init                                 0x08001353   Thumb Code 13646  lcd.o(.text)
    LCD_Fill                                 0x080048a1   Thumb Code   134  lcd.o(.text)
    LCD_Color_Fill                           0x08004927   Thumb Code    86  lcd.o(.text)
    LCD_DrawLine                             0x0800497d   Thumb Code   154  lcd.o(.text)
    LCD_DrawRectangle                        0x08004a17   Thumb Code    54  lcd.o(.text)
    LCD_Draw_Circle                          0x08004a4d   Thumb Code   176  lcd.o(.text)
    LCD_ShowChar                             0x08004afd   Thumb Code   198  lcd.o(.text)
    LCD_Pow                                  0x08004bc3   Thumb Code    16  lcd.o(.text)
    LCD_ShowNum                              0x08004bd3   Thumb Code   116  lcd.o(.text)
    LCD_ShowxNum                             0x08004c47   Thumb Code   130  lcd.o(.text)
    LCD_ShowString                           0x08004cc9   Thumb Code    84  lcd.o(.text)
    DCMI_IRQHandler                          0x08004d2d   Thumb Code    50  dcmi.o(.text)
    DCMI_DMA_Init                            0x08004d5f   Thumb Code   104  dcmi.o(.text)
    My_DCMI_Init                             0x08004dc7   Thumb Code   288  dcmi.o(.text)
    DCMI_Start                               0x08004ee7   Thumb Code    32  dcmi.o(.text)
    DCMI_Stop                                0x08004f07   Thumb Code    28  dcmi.o(.text)
    DCMI_Set_Window                          0x08004f23   Thumb Code    74  dcmi.o(.text)
    DCMI_CR_Set                              0x08004f6d   Thumb Code    58  dcmi.o(.text)
    KEY_Init                                 0x08004fcd   Thumb Code    60  key.o(.text)
    KEY_Scan                                 0x08005009   Thumb Code   274  key.o(.text)
    OV2640_Init                              0x08005129   Thumb Code   260  ov2640.o(.text)
    OV2640_JPEG_Mode                         0x0800522d   Thumb Code    60  ov2640.o(.text)
    OV2640_RGB565_Mode                       0x08005269   Thumb Code    32  ov2640.o(.text)
    OV2640_Auto_Exposure                     0x08005289   Thumb Code    36  ov2640.o(.text)
    OV2640_Light_Mode                        0x080052ad   Thumb Code   100  ov2640.o(.text)
    OV2640_Color_Saturation                  0x08005311   Thumb Code    64  ov2640.o(.text)
    OV2640_Brightness                        0x08005351   Thumb Code    58  ov2640.o(.text)
    OV2640_Contrast                          0x0800538b   Thumb Code   112  ov2640.o(.text)
    OV2640_Special_Effects                   0x080053fb   Thumb Code   112  ov2640.o(.text)
    OV2640_Color_Bar                         0x0800546b   Thumb Code    38  ov2640.o(.text)
    OV2640_Window_Set                        0x08005491   Thumb Code   124  ov2640.o(.text)
    OV2640_OutSize_Set                       0x0800550d   Thumb Code   110  ov2640.o(.text)
    OV2640_ImageWin_Set                      0x0800557b   Thumb Code   136  ov2640.o(.text)
    OV2640_ImageSize_Set                     0x08005603   Thumb Code    78  ov2640.o(.text)
    SCCB_Init                                0x08005651   Thumb Code    72  sccb.o(.text)
    SCCB_Start                               0x08005699   Thumb Code    38  sccb.o(.text)
    SCCB_Stop                                0x080056bf   Thumb Code    42  sccb.o(.text)
    SCCB_No_Ack                              0x080056e9   Thumb Code    52  sccb.o(.text)
    SCCB_WR_Byte                             0x0800571d   Thumb Code   122  sccb.o(.text)
    SCCB_RD_Byte                             0x08005797   Thumb Code    94  sccb.o(.text)
    SCCB_WR_Reg                              0x080057f5   Thumb Code    62  sccb.o(.text)
    SCCB_RD_Reg                              0x08005833   Thumb Code    76  sccb.o(.text)
    TIM3_Int_Init                            0x08005889   Thumb Code    88  timer.o(.text)
    TIM3_IRQHandler                          0x080058e1   Thumb Code    80  timer.o(.text)
    delay_init                               0x08005941   Thumb Code    38  delay.o(.text)
    delay_us                                 0x08005967   Thumb Code    46  delay.o(.text)
    delay_xms                                0x08005995   Thumb Code    46  delay.o(.text)
    delay_ms                                 0x080059c3   Thumb Code    50  delay.o(.text)
    _sys_exit                                0x080059f9   Thumb Code     2  usart.o(.text)
    fputc                                    0x080059fb   Thumb Code    14  usart.o(.text)
    uart_init                                0x08005a09   Thumb Code   172  usart.o(.text)
    USART1_IRQHandler                        0x08005ab5   Thumb Code    88  usart.o(.text)
    Reset_Handler                            0x08005b1d   Thumb Code     8  startup_stm32f40_41xxx.o(.text)
    ADC_IRQHandler                           0x08005b37   Thumb Code     0  startup_stm32f40_41xxx.o(.text)
    CAN1_RX0_IRQHandler                      0x08005b37   Thumb Code     0  startup_stm32f40_41xxx.o(.text)
    CAN1_RX1_IRQHandler                      0x08005b37   Thumb Code     0  startup_stm32f40_41xxx.o(.text)
    CAN1_SCE_IRQHandler                      0x08005b37   Thumb Code     0  startup_stm32f40_41xxx.o(.text)
    CAN1_TX_IRQHandler                       0x08005b37   Thumb Code     0  startup_stm32f40_41xxx.o(.text)
    CAN2_RX0_IRQHandler                      0x08005b37   Thumb Code     0  startup_stm32f40_41xxx.o(.text)
    CAN2_RX1_IRQHandler                      0x08005b37   Thumb Code     0  startup_stm32f40_41xxx.o(.text)
    CAN2_SCE_IRQHandler                      0x08005b37   Thumb Code     0  startup_stm32f40_41xxx.o(.text)
    CAN2_TX_IRQHandler                       0x08005b37   Thumb Code     0  startup_stm32f40_41xxx.o(.text)
    CRYP_IRQHandler                          0x08005b37   Thumb Code     0  startup_stm32f40_41xxx.o(.text)
    DMA1_Stream0_IRQHandler                  0x08005b37   Thumb Code     0  startup_stm32f40_41xxx.o(.text)
    DMA1_Stream1_IRQHandler                  0x08005b37   Thumb Code     0  startup_stm32f40_41xxx.o(.text)
    DMA1_Stream2_IRQHandler                  0x08005b37   Thumb Code     0  startup_stm32f40_41xxx.o(.text)
    DMA1_Stream3_IRQHandler                  0x08005b37   Thumb Code     0  startup_stm32f40_41xxx.o(.text)
    DMA1_Stream4_IRQHandler                  0x08005b37   Thumb Code     0  startup_stm32f40_41xxx.o(.text)
    DMA1_Stream5_IRQHandler                  0x08005b37   Thumb Code     0  startup_stm32f40_41xxx.o(.text)
    DMA1_Stream6_IRQHandler                  0x08005b37   Thumb Code     0  startup_stm32f40_41xxx.o(.text)
    DMA1_Stream7_IRQHandler                  0x08005b37   Thumb Code     0  startup_stm32f40_41xxx.o(.text)
    DMA2_Stream0_IRQHandler                  0x08005b37   Thumb Code     0  startup_stm32f40_41xxx.o(.text)
    DMA2_Stream1_IRQHandler                  0x08005b37   Thumb Code     0  startup_stm32f40_41xxx.o(.text)
    DMA2_Stream2_IRQHandler                  0x08005b37   Thumb Code     0  startup_stm32f40_41xxx.o(.text)
    DMA2_Stream3_IRQHandler                  0x08005b37   Thumb Code     0  startup_stm32f40_41xxx.o(.text)
    DMA2_Stream4_IRQHandler                  0x08005b37   Thumb Code     0  startup_stm32f40_41xxx.o(.text)
    DMA2_Stream5_IRQHandler                  0x08005b37   Thumb Code     0  startup_stm32f40_41xxx.o(.text)
    DMA2_Stream6_IRQHandler                  0x08005b37   Thumb Code     0  startup_stm32f40_41xxx.o(.text)
    DMA2_Stream7_IRQHandler                  0x08005b37   Thumb Code     0  startup_stm32f40_41xxx.o(.text)
    ETH_IRQHandler                           0x08005b37   Thumb Code     0  startup_stm32f40_41xxx.o(.text)
    ETH_WKUP_IRQHandler                      0x08005b37   Thumb Code     0  startup_stm32f40_41xxx.o(.text)
    EXTI0_IRQHandler                         0x08005b37   Thumb Code     0  startup_stm32f40_41xxx.o(.text)
    EXTI15_10_IRQHandler                     0x08005b37   Thumb Code     0  startup_stm32f40_41xxx.o(.text)
    EXTI1_IRQHandler                         0x08005b37   Thumb Code     0  startup_stm32f40_41xxx.o(.text)
    EXTI2_IRQHandler                         0x08005b37   Thumb Code     0  startup_stm32f40_41xxx.o(.text)
    EXTI3_IRQHandler                         0x08005b37   Thumb Code     0  startup_stm32f40_41xxx.o(.text)
    EXTI4_IRQHandler                         0x08005b37   Thumb Code     0  startup_stm32f40_41xxx.o(.text)
    EXTI9_5_IRQHandler                       0x08005b37   Thumb Code     0  startup_stm32f40_41xxx.o(.text)
    FLASH_IRQHandler                         0x08005b37   Thumb Code     0  startup_stm32f40_41xxx.o(.text)
    FPU_IRQHandler                           0x08005b37   Thumb Code     0  startup_stm32f40_41xxx.o(.text)
    FSMC_IRQHandler                          0x08005b37   Thumb Code     0  startup_stm32f40_41xxx.o(.text)
    HASH_RNG_IRQHandler                      0x08005b37   Thumb Code     0  startup_stm32f40_41xxx.o(.text)
    I2C1_ER_IRQHandler                       0x08005b37   Thumb Code     0  startup_stm32f40_41xxx.o(.text)
    I2C1_EV_IRQHandler                       0x08005b37   Thumb Code     0  startup_stm32f40_41xxx.o(.text)
    I2C2_ER_IRQHandler                       0x08005b37   Thumb Code     0  startup_stm32f40_41xxx.o(.text)
    I2C2_EV_IRQHandler                       0x08005b37   Thumb Code     0  startup_stm32f40_41xxx.o(.text)
    I2C3_ER_IRQHandler                       0x08005b37   Thumb Code     0  startup_stm32f40_41xxx.o(.text)
    I2C3_EV_IRQHandler                       0x08005b37   Thumb Code     0  startup_stm32f40_41xxx.o(.text)
    OTG_FS_IRQHandler                        0x08005b37   Thumb Code     0  startup_stm32f40_41xxx.o(.text)
    OTG_FS_WKUP_IRQHandler                   0x08005b37   Thumb Code     0  startup_stm32f40_41xxx.o(.text)
    OTG_HS_EP1_IN_IRQHandler                 0x08005b37   Thumb Code     0  startup_stm32f40_41xxx.o(.text)
    OTG_HS_EP1_OUT_IRQHandler                0x08005b37   Thumb Code     0  startup_stm32f40_41xxx.o(.text)
    OTG_HS_IRQHandler                        0x08005b37   Thumb Code     0  startup_stm32f40_41xxx.o(.text)
    OTG_HS_WKUP_IRQHandler                   0x08005b37   Thumb Code     0  startup_stm32f40_41xxx.o(.text)
    PVD_IRQHandler                           0x08005b37   Thumb Code     0  startup_stm32f40_41xxx.o(.text)
    RCC_IRQHandler                           0x08005b37   Thumb Code     0  startup_stm32f40_41xxx.o(.text)
    RTC_Alarm_IRQHandler                     0x08005b37   Thumb Code     0  startup_stm32f40_41xxx.o(.text)
    RTC_WKUP_IRQHandler                      0x08005b37   Thumb Code     0  startup_stm32f40_41xxx.o(.text)
    SDIO_IRQHandler                          0x08005b37   Thumb Code     0  startup_stm32f40_41xxx.o(.text)
    SPI1_IRQHandler                          0x08005b37   Thumb Code     0  startup_stm32f40_41xxx.o(.text)
    SPI2_IRQHandler                          0x08005b37   Thumb Code     0  startup_stm32f40_41xxx.o(.text)
    SPI3_IRQHandler                          0x08005b37   Thumb Code     0  startup_stm32f40_41xxx.o(.text)
    TAMP_STAMP_IRQHandler                    0x08005b37   Thumb Code     0  startup_stm32f40_41xxx.o(.text)
    TIM1_BRK_TIM9_IRQHandler                 0x08005b37   Thumb Code     0  startup_stm32f40_41xxx.o(.text)
    TIM1_CC_IRQHandler                       0x08005b37   Thumb Code     0  startup_stm32f40_41xxx.o(.text)
    TIM1_TRG_COM_TIM11_IRQHandler            0x08005b37   Thumb Code     0  startup_stm32f40_41xxx.o(.text)
    TIM1_UP_TIM10_IRQHandler                 0x08005b37   Thumb Code     0  startup_stm32f40_41xxx.o(.text)
    TIM2_IRQHandler                          0x08005b37   Thumb Code     0  startup_stm32f40_41xxx.o(.text)
    TIM4_IRQHandler                          0x08005b37   Thumb Code     0  startup_stm32f40_41xxx.o(.text)
    TIM5_IRQHandler                          0x08005b37   Thumb Code     0  startup_stm32f40_41xxx.o(.text)
    TIM6_DAC_IRQHandler                      0x08005b37   Thumb Code     0  startup_stm32f40_41xxx.o(.text)
    TIM7_IRQHandler                          0x08005b37   Thumb Code     0  startup_stm32f40_41xxx.o(.text)
    TIM8_BRK_TIM12_IRQHandler                0x08005b37   Thumb Code     0  startup_stm32f40_41xxx.o(.text)
    TIM8_CC_IRQHandler                       0x08005b37   Thumb Code     0  startup_stm32f40_41xxx.o(.text)
    TIM8_TRG_COM_TIM14_IRQHandler            0x08005b37   Thumb Code     0  startup_stm32f40_41xxx.o(.text)
    TIM8_UP_TIM13_IRQHandler                 0x08005b37   Thumb Code     0  startup_stm32f40_41xxx.o(.text)
    UART4_IRQHandler                         0x08005b37   Thumb Code     0  startup_stm32f40_41xxx.o(.text)
    UART5_IRQHandler                         0x08005b37   Thumb Code     0  startup_stm32f40_41xxx.o(.text)
    USART2_IRQHandler                        0x08005b37   Thumb Code     0  startup_stm32f40_41xxx.o(.text)
    USART3_IRQHandler                        0x08005b37   Thumb Code     0  startup_stm32f40_41xxx.o(.text)
    USART6_IRQHandler                        0x08005b37   Thumb Code     0  startup_stm32f40_41xxx.o(.text)
    WWDG_IRQHandler                          0x08005b37   Thumb Code     0  startup_stm32f40_41xxx.o(.text)
    NVIC_PriorityGroupConfig                 0x08005b41   Thumb Code    10  misc.o(.text)
    NVIC_Init                                0x08005b4b   Thumb Code    96  misc.o(.text)
    NVIC_SetVectorTable                      0x08005bab   Thumb Code    14  misc.o(.text)
    NVIC_SystemLPConfig                      0x08005bb9   Thumb Code    20  misc.o(.text)
    SysTick_CLKSourceConfig                  0x08005bcd   Thumb Code    24  misc.o(.text)
    DCMI_DeInit                              0x08005bf1   Thumb Code    22  stm32f4xx_dcmi.o(.text)
    DCMI_Init                                0x08005c07   Thumb Code    54  stm32f4xx_dcmi.o(.text)
    DCMI_StructInit                          0x08005c3d   Thumb Code    18  stm32f4xx_dcmi.o(.text)
    DCMI_CROPConfig                          0x08005c4f   Thumb Code    20  stm32f4xx_dcmi.o(.text)
    DCMI_CROPCmd                             0x08005c63   Thumb Code    22  stm32f4xx_dcmi.o(.text)
    DCMI_SetEmbeddedSynchroCodes             0x08005c79   Thumb Code    14  stm32f4xx_dcmi.o(.text)
    DCMI_JPEGCmd                             0x08005c87   Thumb Code    22  stm32f4xx_dcmi.o(.text)
    DCMI_Cmd                                 0x08005c9d   Thumb Code    22  stm32f4xx_dcmi.o(.text)
    DCMI_CaptureCmd                          0x08005cb3   Thumb Code    22  stm32f4xx_dcmi.o(.text)
    DCMI_ReadData                            0x08005cc9   Thumb Code     6  stm32f4xx_dcmi.o(.text)
    DCMI_ITConfig                            0x08005ccf   Thumb Code    22  stm32f4xx_dcmi.o(.text)
    DCMI_GetFlagStatus                       0x08005ce5   Thumb Code    32  stm32f4xx_dcmi.o(.text)
    DCMI_ClearFlag                           0x08005d05   Thumb Code     6  stm32f4xx_dcmi.o(.text)
    DCMI_GetITStatus                         0x08005d0b   Thumb Code    16  stm32f4xx_dcmi.o(.text)
    DCMI_ClearITPendingBit                   0x08005d1b   Thumb Code     6  stm32f4xx_dcmi.o(.text)
    GPIO_DeInit                              0x08005d25   Thumb Code   216  stm32f4xx_gpio.o(.text)
    GPIO_Init                                0x08005dfd   Thumb Code   162  stm32f4xx_gpio.o(.text)
    GPIO_StructInit                          0x08005e9f   Thumb Code    18  stm32f4xx_gpio.o(.text)
    GPIO_PinLockConfig                       0x08005eb1   Thumb Code    24  stm32f4xx_gpio.o(.text)
    GPIO_ReadInputDataBit                    0x08005ec9   Thumb Code    14  stm32f4xx_gpio.o(.text)
    GPIO_ReadInputData                       0x08005ed7   Thumb Code     6  stm32f4xx_gpio.o(.text)
    GPIO_ReadOutputDataBit                   0x08005edd   Thumb Code    14  stm32f4xx_gpio.o(.text)
    GPIO_ReadOutputData                      0x08005eeb   Thumb Code     6  stm32f4xx_gpio.o(.text)
    GPIO_SetBits                             0x08005ef1   Thumb Code     4  stm32f4xx_gpio.o(.text)
    GPIO_ResetBits                           0x08005ef5   Thumb Code     4  stm32f4xx_gpio.o(.text)
    GPIO_WriteBit                            0x08005ef9   Thumb Code    10  stm32f4xx_gpio.o(.text)
    GPIO_Write                               0x08005f03   Thumb Code     4  stm32f4xx_gpio.o(.text)
    GPIO_ToggleBits                          0x08005f07   Thumb Code     8  stm32f4xx_gpio.o(.text)
    GPIO_PinAFConfig                         0x08005f0f   Thumb Code    32  stm32f4xx_gpio.o(.text)
    FSMC_NORSRAMDeInit                       0x08005f5d   Thumb Code    40  stm32f4xx_fsmc.o(.text)
    FSMC_NORSRAMInit                         0x08005f85   Thumb Code   200  stm32f4xx_fsmc.o(.text)
    FSMC_NORSRAMStructInit                   0x0800604d   Thumb Code    42  stm32f4xx_fsmc.o(.text)
    FSMC_NORSRAMCmd                          0x08006077   Thumb Code    26  stm32f4xx_fsmc.o(.text)
    FSMC_NANDDeInit                          0x08006091   Thumb Code    40  stm32f4xx_fsmc.o(.text)
    FSMC_NANDInit                            0x080060b9   Thumb Code   104  stm32f4xx_fsmc.o(.text)
    FSMC_NANDStructInit                      0x08006121   Thumb Code    54  stm32f4xx_fsmc.o(.text)
    FSMC_NANDCmd                             0x08006157   Thumb Code    54  stm32f4xx_fsmc.o(.text)
    FSMC_NANDECCCmd                          0x0800618d   Thumb Code    54  stm32f4xx_fsmc.o(.text)
    FSMC_GetECC                              0x080061c3   Thumb Code    18  stm32f4xx_fsmc.o(.text)
    FSMC_PCCARDDeInit                        0x080061d5   Thumb Code    26  stm32f4xx_fsmc.o(.text)
    FSMC_PCCARDInit                          0x080061ef   Thumb Code   102  stm32f4xx_fsmc.o(.text)
    FSMC_PCCARDStructInit                    0x08006255   Thumb Code    60  stm32f4xx_fsmc.o(.text)
    FSMC_PCCARDCmd                           0x08006291   Thumb Code    28  stm32f4xx_fsmc.o(.text)
    FSMC_ITConfig                            0x080062ad   Thumb Code    72  stm32f4xx_fsmc.o(.text)
    FSMC_GetFlagStatus                       0x080062f5   Thumb Code    40  stm32f4xx_fsmc.o(.text)
    FSMC_ClearFlag                           0x0800631d   Thumb Code    38  stm32f4xx_fsmc.o(.text)
    FSMC_GetITStatus                         0x08006343   Thumb Code    48  stm32f4xx_fsmc.o(.text)
    FSMC_ClearITPendingBit                   0x08006373   Thumb Code    42  stm32f4xx_fsmc.o(.text)
    DMA_DeInit                               0x080063a5   Thumb Code   272  stm32f4xx_dma.o(.text)
    DMA_Init                                 0x080064b5   Thumb Code    80  stm32f4xx_dma.o(.text)
    DMA_StructInit                           0x08006505   Thumb Code    34  stm32f4xx_dma.o(.text)
    DMA_Cmd                                  0x08006527   Thumb Code    20  stm32f4xx_dma.o(.text)
    DMA_PeriphIncOffsetSizeConfig            0x0800653b   Thumb Code    20  stm32f4xx_dma.o(.text)
    DMA_FlowControllerConfig                 0x0800654f   Thumb Code    20  stm32f4xx_dma.o(.text)
    DMA_SetCurrDataCounter                   0x08006563   Thumb Code     4  stm32f4xx_dma.o(.text)
    DMA_GetCurrDataCounter                   0x08006567   Thumb Code     6  stm32f4xx_dma.o(.text)
    DMA_DoubleBufferModeConfig               0x0800656d   Thumb Code    22  stm32f4xx_dma.o(.text)
    DMA_DoubleBufferModeCmd                  0x08006583   Thumb Code    20  stm32f4xx_dma.o(.text)
    DMA_MemoryTargetConfig                   0x08006597   Thumb Code    10  stm32f4xx_dma.o(.text)
    DMA_GetCurrentMemoryTarget               0x080065a1   Thumb Code    14  stm32f4xx_dma.o(.text)
    DMA_GetCmdStatus                         0x080065af   Thumb Code    14  stm32f4xx_dma.o(.text)
    DMA_GetFIFOStatus                        0x080065bd   Thumb Code     8  stm32f4xx_dma.o(.text)
    DMA_GetFlagStatus                        0x080065c5   Thumb Code    42  stm32f4xx_dma.o(.text)
    DMA_ClearFlag                            0x080065ef   Thumb Code    34  stm32f4xx_dma.o(.text)
    DMA_ITConfig                             0x08006611   Thumb Code    44  stm32f4xx_dma.o(.text)
    DMA_GetITStatus                          0x0800663d   Thumb Code    70  stm32f4xx_dma.o(.text)
    DMA_ClearITPendingBit                    0x08006683   Thumb Code    34  stm32f4xx_dma.o(.text)
    RCC_DeInit                               0x080066c5   Thumb Code    68  stm32f4xx_rcc.o(.text)
    RCC_HSEConfig                            0x08006709   Thumb Code    12  stm32f4xx_rcc.o(.text)
    RCC_GetFlagStatus                        0x08006715   Thumb Code    46  stm32f4xx_rcc.o(.text)
    RCC_WaitForHSEStartUp                    0x08006743   Thumb Code    44  stm32f4xx_rcc.o(.text)
    RCC_AdjustHSICalibrationValue            0x0800676f   Thumb Code    16  stm32f4xx_rcc.o(.text)
    RCC_HSICmd                               0x0800677f   Thumb Code     6  stm32f4xx_rcc.o(.text)
    RCC_LSEConfig                            0x08006785   Thumb Code    24  stm32f4xx_rcc.o(.text)
    RCC_LSICmd                               0x0800679d   Thumb Code     6  stm32f4xx_rcc.o(.text)
    RCC_PLLConfig                            0x080067a3   Thumb Code    32  stm32f4xx_rcc.o(.text)
    RCC_PLLCmd                               0x080067c3   Thumb Code     6  stm32f4xx_rcc.o(.text)
    RCC_PLLI2SConfig                         0x080067c9   Thumb Code    14  stm32f4xx_rcc.o(.text)
    RCC_PLLI2SCmd                            0x080067d7   Thumb Code     6  stm32f4xx_rcc.o(.text)
    RCC_PLLSAIConfig                         0x080067dd   Thumb Code    18  stm32f4xx_rcc.o(.text)
    RCC_PLLSAICmd                            0x080067ef   Thumb Code     6  stm32f4xx_rcc.o(.text)
    RCC_ClockSecuritySystemCmd               0x080067f5   Thumb Code     6  stm32f4xx_rcc.o(.text)
    RCC_MCO1Config                           0x080067fb   Thumb Code    18  stm32f4xx_rcc.o(.text)
    RCC_MCO2Config                           0x0800680d   Thumb Code    18  stm32f4xx_rcc.o(.text)
    RCC_SYSCLKConfig                         0x0800681f   Thumb Code    16  stm32f4xx_rcc.o(.text)
    RCC_GetSYSCLKSource                      0x0800682f   Thumb Code    12  stm32f4xx_rcc.o(.text)
    RCC_HCLKConfig                           0x0800683b   Thumb Code    16  stm32f4xx_rcc.o(.text)
    RCC_PCLK1Config                          0x0800684b   Thumb Code    16  stm32f4xx_rcc.o(.text)
    RCC_PCLK2Config                          0x0800685b   Thumb Code    18  stm32f4xx_rcc.o(.text)
    RCC_GetClocksFreq                        0x0800686d   Thumb Code   134  stm32f4xx_rcc.o(.text)
    RCC_RTCCLKConfig                         0x080068f3   Thumb Code    42  stm32f4xx_rcc.o(.text)
    RCC_RTCCLKCmd                            0x0800691d   Thumb Code     8  stm32f4xx_rcc.o(.text)
    RCC_BackupResetCmd                       0x08006925   Thumb Code     8  stm32f4xx_rcc.o(.text)
    RCC_I2SCLKConfig                         0x0800692d   Thumb Code     8  stm32f4xx_rcc.o(.text)
    RCC_SAIPLLI2SClkDivConfig                0x08006935   Thumb Code    18  stm32f4xx_rcc.o(.text)
    RCC_SAIPLLSAIClkDivConfig                0x08006947   Thumb Code    24  stm32f4xx_rcc.o(.text)
    RCC_SAIBlockACLKConfig                   0x0800695f   Thumb Code    16  stm32f4xx_rcc.o(.text)
    RCC_SAIBlockBCLKConfig                   0x0800696f   Thumb Code    16  stm32f4xx_rcc.o(.text)
    RCC_LTDCCLKDivConfig                     0x0800697f   Thumb Code    16  stm32f4xx_rcc.o(.text)
    RCC_TIMCLKPresConfig                     0x0800698f   Thumb Code     8  stm32f4xx_rcc.o(.text)
    RCC_AHB1PeriphClockCmd                   0x08006997   Thumb Code    20  stm32f4xx_rcc.o(.text)
    RCC_AHB2PeriphClockCmd                   0x080069ab   Thumb Code    20  stm32f4xx_rcc.o(.text)
    RCC_AHB3PeriphClockCmd                   0x080069bf   Thumb Code    20  stm32f4xx_rcc.o(.text)
    RCC_APB1PeriphClockCmd                   0x080069d3   Thumb Code    20  stm32f4xx_rcc.o(.text)
    RCC_APB2PeriphClockCmd                   0x080069e7   Thumb Code    20  stm32f4xx_rcc.o(.text)
    RCC_AHB1PeriphResetCmd                   0x080069fb   Thumb Code    20  stm32f4xx_rcc.o(.text)
    RCC_AHB2PeriphResetCmd                   0x08006a0f   Thumb Code    20  stm32f4xx_rcc.o(.text)
    RCC_AHB3PeriphResetCmd                   0x08006a23   Thumb Code    20  stm32f4xx_rcc.o(.text)
    RCC_APB1PeriphResetCmd                   0x08006a37   Thumb Code    20  stm32f4xx_rcc.o(.text)
    RCC_APB2PeriphResetCmd                   0x08006a4b   Thumb Code    20  stm32f4xx_rcc.o(.text)
    RCC_AHB1PeriphClockLPModeCmd             0x08006a5f   Thumb Code    20  stm32f4xx_rcc.o(.text)
    RCC_AHB2PeriphClockLPModeCmd             0x08006a73   Thumb Code    20  stm32f4xx_rcc.o(.text)
    RCC_AHB3PeriphClockLPModeCmd             0x08006a87   Thumb Code    20  stm32f4xx_rcc.o(.text)
    RCC_APB1PeriphClockLPModeCmd             0x08006a9b   Thumb Code    64  stm32f4xx_rcc.o(.text)
    RCC_APB2PeriphClockLPModeCmd             0x08006adb   Thumb Code    18  stm32f4xx_rcc.o(.text)
    RCC_LSEModeConfig                        0x08006aed   Thumb Code    24  stm32f4xx_rcc.o(.text)
    RCC_ITConfig                             0x08006b05   Thumb Code    20  stm32f4xx_rcc.o(.text)
    RCC_ClearFlag                            0x08006b19   Thumb Code    14  stm32f4xx_rcc.o(.text)
    RCC_GetITStatus                          0x08006b27   Thumb Code    18  stm32f4xx_rcc.o(.text)
    RCC_ClearITPendingBit                    0x08006b39   Thumb Code     8  stm32f4xx_rcc.o(.text)
    USART_DeInit                             0x08006b45   Thumb Code   138  stm32f4xx_usart.o(.text)
    USART_Init                               0x08006bcf   Thumb Code   164  stm32f4xx_usart.o(.text)
    USART_StructInit                         0x08006c73   Thumb Code    22  stm32f4xx_usart.o(.text)
    USART_ClockInit                          0x08006c89   Thumb Code    28  stm32f4xx_usart.o(.text)
    USART_ClockStructInit                    0x08006ca5   Thumb Code    12  stm32f4xx_usart.o(.text)
    USART_Cmd                                0x08006cb1   Thumb Code    20  stm32f4xx_usart.o(.text)
    USART_SetPrescaler                       0x08006cc5   Thumb Code    16  stm32f4xx_usart.o(.text)
    USART_OverSampling8Cmd                   0x08006cd5   Thumb Code    20  stm32f4xx_usart.o(.text)
    USART_OneBitMethodCmd                    0x08006ce9   Thumb Code    20  stm32f4xx_usart.o(.text)
    USART_SendData                           0x08006cfd   Thumb Code     8  stm32f4xx_usart.o(.text)
    USART_ReceiveData                        0x08006d05   Thumb Code     8  stm32f4xx_usart.o(.text)
    USART_SetAddress                         0x08006d0d   Thumb Code    16  stm32f4xx_usart.o(.text)
    USART_ReceiverWakeUpCmd                  0x08006d1d   Thumb Code    20  stm32f4xx_usart.o(.text)
    USART_WakeUpConfig                       0x08006d31   Thumb Code    16  stm32f4xx_usart.o(.text)
    USART_LINBreakDetectLengthConfig         0x08006d41   Thumb Code    16  stm32f4xx_usart.o(.text)
    USART_LINCmd                             0x08006d51   Thumb Code    20  stm32f4xx_usart.o(.text)
    USART_SendBreak                          0x08006d65   Thumb Code    10  stm32f4xx_usart.o(.text)
    USART_HalfDuplexCmd                      0x08006d6f   Thumb Code    20  stm32f4xx_usart.o(.text)
    USART_SetGuardTime                       0x08006d83   Thumb Code    16  stm32f4xx_usart.o(.text)
    USART_SmartCardCmd                       0x08006d93   Thumb Code    20  stm32f4xx_usart.o(.text)
    USART_SmartCardNACKCmd                   0x08006da7   Thumb Code    20  stm32f4xx_usart.o(.text)
    USART_IrDAConfig                         0x08006dbb   Thumb Code    16  stm32f4xx_usart.o(.text)
    USART_IrDACmd                            0x08006dcb   Thumb Code    20  stm32f4xx_usart.o(.text)
    USART_DMACmd                             0x08006ddf   Thumb Code    16  stm32f4xx_usart.o(.text)
    USART_ITConfig                           0x08006def   Thumb Code    48  stm32f4xx_usart.o(.text)
    USART_GetFlagStatus                      0x08006e1f   Thumb Code    14  stm32f4xx_usart.o(.text)
    USART_ClearFlag                          0x08006e2d   Thumb Code     6  stm32f4xx_usart.o(.text)
    USART_GetITStatus                        0x08006e33   Thumb Code    62  stm32f4xx_usart.o(.text)
    USART_ClearITPendingBit                  0x08006e71   Thumb Code    12  stm32f4xx_usart.o(.text)
    TIM_DeInit                               0x08006e9d   Thumb Code   284  stm32f4xx_tim.o(.text)
    TIM_TimeBaseInit                         0x08006fb9   Thumb Code    96  stm32f4xx_tim.o(.text)
    TIM_TimeBaseStructInit                   0x08007019   Thumb Code    18  stm32f4xx_tim.o(.text)
    TIM_PrescalerConfig                      0x0800702b   Thumb Code     6  stm32f4xx_tim.o(.text)
    TIM_CounterModeConfig                    0x08007031   Thumb Code    12  stm32f4xx_tim.o(.text)
    TIM_SetCounter                           0x0800703d   Thumb Code     4  stm32f4xx_tim.o(.text)
    TIM_SetAutoreload                        0x08007041   Thumb Code     4  stm32f4xx_tim.o(.text)
    TIM_GetCounter                           0x08007045   Thumb Code     4  stm32f4xx_tim.o(.text)
    TIM_GetPrescaler                         0x08007049   Thumb Code     4  stm32f4xx_tim.o(.text)
    TIM_UpdateDisableConfig                  0x0800704d   Thumb Code    20  stm32f4xx_tim.o(.text)
    TIM_UpdateRequestConfig                  0x08007061   Thumb Code    20  stm32f4xx_tim.o(.text)
    TIM_ARRPreloadConfig                     0x08007075   Thumb Code    20  stm32f4xx_tim.o(.text)
    TIM_SelectOnePulseMode                   0x08007089   Thumb Code    16  stm32f4xx_tim.o(.text)
    TIM_SetClockDivision                     0x08007099   Thumb Code    16  stm32f4xx_tim.o(.text)
    TIM_Cmd                                  0x080070a9   Thumb Code    20  stm32f4xx_tim.o(.text)
    TIM_OC1Init                              0x080070bd   Thumb Code    88  stm32f4xx_tim.o(.text)
    TIM_OC2Init                              0x08007115   Thumb Code   120  stm32f4xx_tim.o(.text)
    TIM_OC3Init                              0x0800718d   Thumb Code   116  stm32f4xx_tim.o(.text)
    TIM_OC4Init                              0x08007201   Thumb Code    88  stm32f4xx_tim.o(.text)
    TIM_OCStructInit                         0x08007259   Thumb Code    20  stm32f4xx_tim.o(.text)
    TIM_SelectOCxM                           0x0800726d   Thumb Code   130  stm32f4xx_tim.o(.text)
    TIM_SetCompare1                          0x080072ef   Thumb Code     4  stm32f4xx_tim.o(.text)
    TIM_SetCompare2                          0x080072f3   Thumb Code     4  stm32f4xx_tim.o(.text)
    TIM_SetCompare3                          0x080072f7   Thumb Code     4  stm32f4xx_tim.o(.text)
    TIM_SetCompare4                          0x080072fb   Thumb Code     4  stm32f4xx_tim.o(.text)
    TIM_ForcedOC1Config                      0x080072ff   Thumb Code    12  stm32f4xx_tim.o(.text)
    TIM_ForcedOC2Config                      0x0800730b   Thumb Code    20  stm32f4xx_tim.o(.text)
    TIM_ForcedOC3Config                      0x0800731f   Thumb Code    12  stm32f4xx_tim.o(.text)
    TIM_ForcedOC4Config                      0x0800732b   Thumb Code    20  stm32f4xx_tim.o(.text)
    TIM_OC1PreloadConfig                     0x0800733f   Thumb Code    12  stm32f4xx_tim.o(.text)
    TIM_OC2PreloadConfig                     0x0800734b   Thumb Code    20  stm32f4xx_tim.o(.text)
    TIM_OC3PreloadConfig                     0x0800735f   Thumb Code    12  stm32f4xx_tim.o(.text)
    TIM_OC4PreloadConfig                     0x0800736b   Thumb Code    20  stm32f4xx_tim.o(.text)
    TIM_OC1FastConfig                        0x0800737f   Thumb Code    12  stm32f4xx_tim.o(.text)
    TIM_OC2FastConfig                        0x0800738b   Thumb Code    20  stm32f4xx_tim.o(.text)
    TIM_OC3FastConfig                        0x0800739f   Thumb Code    12  stm32f4xx_tim.o(.text)
    TIM_OC4FastConfig                        0x080073ab   Thumb Code    20  stm32f4xx_tim.o(.text)
    TIM_ClearOC1Ref                          0x080073bf   Thumb Code    12  stm32f4xx_tim.o(.text)
    TIM_ClearOC2Ref                          0x080073cb   Thumb Code    20  stm32f4xx_tim.o(.text)
    TIM_ClearOC3Ref                          0x080073df   Thumb Code    12  stm32f4xx_tim.o(.text)
    TIM_ClearOC4Ref                          0x080073eb   Thumb Code    20  stm32f4xx_tim.o(.text)
    TIM_OC1PolarityConfig                    0x080073ff   Thumb Code    12  stm32f4xx_tim.o(.text)
    TIM_OC1NPolarityConfig                   0x0800740b   Thumb Code    12  stm32f4xx_tim.o(.text)
    TIM_OC2PolarityConfig                    0x08007417   Thumb Code    20  stm32f4xx_tim.o(.text)
    TIM_OC2NPolarityConfig                   0x0800742b   Thumb Code    20  stm32f4xx_tim.o(.text)
    TIM_OC3PolarityConfig                    0x0800743f   Thumb Code    20  stm32f4xx_tim.o(.text)
    TIM_OC3NPolarityConfig                   0x08007453   Thumb Code    20  stm32f4xx_tim.o(.text)
    TIM_OC4PolarityConfig                    0x08007467   Thumb Code    20  stm32f4xx_tim.o(.text)
    TIM_CCxCmd                               0x0800747b   Thumb Code    22  stm32f4xx_tim.o(.text)
    TIM_CCxNCmd                              0x08007491   Thumb Code    22  stm32f4xx_tim.o(.text)
    TIM_SetIC4Prescaler                      0x080074a7   Thumb Code    24  stm32f4xx_tim.o(.text)
    TIM_SetIC3Prescaler                      0x080074bf   Thumb Code    16  stm32f4xx_tim.o(.text)
    TIM_SetIC2Prescaler                      0x080074cf   Thumb Code    24  stm32f4xx_tim.o(.text)
    TIM_SetIC1Prescaler                      0x0800751d   Thumb Code    16  stm32f4xx_tim.o(.text)
    TIM_ICInit                               0x0800752d   Thumb Code   164  stm32f4xx_tim.o(.text)
    TIM_ICStructInit                         0x080075d1   Thumb Code    16  stm32f4xx_tim.o(.text)
    TIM_PWMIConfig                           0x080075e1   Thumb Code   104  stm32f4xx_tim.o(.text)
    TIM_GetCapture1                          0x08007649   Thumb Code     4  stm32f4xx_tim.o(.text)
    TIM_GetCapture2                          0x0800764d   Thumb Code     4  stm32f4xx_tim.o(.text)
    TIM_GetCapture3                          0x08007651   Thumb Code     4  stm32f4xx_tim.o(.text)
    TIM_GetCapture4                          0x08007655   Thumb Code     4  stm32f4xx_tim.o(.text)
    TIM_BDTRConfig                           0x08007659   Thumb Code    34  stm32f4xx_tim.o(.text)
    TIM_BDTRStructInit                       0x0800767b   Thumb Code    18  stm32f4xx_tim.o(.text)
    TIM_CtrlPWMOutputs                       0x0800768d   Thumb Code    22  stm32f4xx_tim.o(.text)
    TIM_SelectCOM                            0x080076a3   Thumb Code    20  stm32f4xx_tim.o(.text)
    TIM_CCPreloadControl                     0x080076b7   Thumb Code    20  stm32f4xx_tim.o(.text)
    TIM_ITConfig                             0x080076cb   Thumb Code    16  stm32f4xx_tim.o(.text)
    TIM_GenerateEvent                        0x080076db   Thumb Code     4  stm32f4xx_tim.o(.text)
    TIM_GetFlagStatus                        0x080076df   Thumb Code    14  stm32f4xx_tim.o(.text)
    TIM_ClearFlag                            0x080076ed   Thumb Code     6  stm32f4xx_tim.o(.text)
    TIM_GetITStatus                          0x080076f3   Thumb Code    24  stm32f4xx_tim.o(.text)
    TIM_ClearITPendingBit                    0x0800770b   Thumb Code     6  stm32f4xx_tim.o(.text)
    TIM_DMAConfig                            0x08007711   Thumb Code     8  stm32f4xx_tim.o(.text)
    TIM_DMACmd                               0x08007719   Thumb Code    16  stm32f4xx_tim.o(.text)
    TIM_SelectCCDMA                          0x08007729   Thumb Code    20  stm32f4xx_tim.o(.text)
    TIM_InternalClockConfig                  0x0800773d   Thumb Code    10  stm32f4xx_tim.o(.text)
    TIM_SelectInputTrigger                   0x08007747   Thumb Code    12  stm32f4xx_tim.o(.text)
    TIM_ITRxExternalClockConfig              0x08007753   Thumb Code    18  stm32f4xx_tim.o(.text)
    TIM_TIxExternalClockConfig               0x08007765   Thumb Code    46  stm32f4xx_tim.o(.text)
    TIM_ETRConfig                            0x08007793   Thumb Code    24  stm32f4xx_tim.o(.text)
    TIM_ETRClockMode1Config                  0x080077ab   Thumb Code    18  stm32f4xx_tim.o(.text)
    TIM_ETRClockMode2Config                  0x080077bd   Thumb Code    18  stm32f4xx_tim.o(.text)
    TIM_SelectOutputTrigger                  0x080077cf   Thumb Code    16  stm32f4xx_tim.o(.text)
    TIM_SelectSlaveMode                      0x080077df   Thumb Code    16  stm32f4xx_tim.o(.text)
    TIM_SelectMasterSlaveMode                0x080077ef   Thumb Code    16  stm32f4xx_tim.o(.text)
    TIM_EncoderInterfaceConfig               0x080077ff   Thumb Code    50  stm32f4xx_tim.o(.text)
    TIM_SelectHallSensor                     0x08007831   Thumb Code    20  stm32f4xx_tim.o(.text)
    TIM_RemapConfig                          0x08007845   Thumb Code     6  stm32f4xx_tim.o(.text)
    local_avepool_q7_HWC                     0x08007879   Thumb Code   190  nnom_local.o(.text)
    local_avepool_q7_CHW                     0x08007937   Thumb Code   200  nnom_local.o(.text)
    local_maxpool_q7_HWC                     0x080079ff   Thumb Code   170  nnom_local.o(.text)
    local_maxpool_q7_CHW                     0x08007aa9   Thumb Code   188  nnom_local.o(.text)
    local_sumpool_q7_HWC                     0x08007b65   Thumb Code   170  nnom_local.o(.text)
    local_sumpool_q7_CHW                     0x08007c0f   Thumb Code   188  nnom_local.o(.text)
    local_up_sampling_q7_HWC                 0x08007ccb   Thumb Code   140  nnom_local.o(.text)
    local_up_sampling_q7_CHW                 0x08007d57   Thumb Code   150  nnom_local.o(.text)
    local_convolve_HWC_q7_nonsquare          0x08007ded   Thumb Code   418  nnom_local.o(.text)
    local_convolve_CHW_q7_nonsquare          0x08007f8f   Thumb Code   326  nnom_local.o(.text)
    local_conv_trans_HWC_q7_nonsquare        0x08008171   Thumb Code   378  nnom_local.o(.text)
    local_depthwise_separable_conv_HWC_q7_nonsquare 0x080082eb   Thumb Code   396  nnom_local.o(.text)
    local_depthwise_separable_conv_CHW_q7_nonsquare 0x08008477   Thumb Code   428  nnom_local.o(.text)
    local_zero_padding_HWC_q7                0x08008623   Thumb Code   116  nnom_local.o(.text)
    local_zero_padding_CHW_q7                0x08008697   Thumb Code   134  nnom_local.o(.text)
    local_cropping_HWC_q7                    0x0800871d   Thumb Code    64  nnom_local.o(.text)
    local_cropping_CHW_q7                    0x0800875d   Thumb Code    82  nnom_local.o(.text)
    local_dot_q7_opt                         0x080087af   Thumb Code   484  nnom_local.o(.text)
    local_dot_q7                             0x08008993   Thumb Code    80  nnom_local.o(.text)
    local_fully_connected_q7_opt             0x080089e3   Thumb Code   572  nnom_local.o(.text)
    local_fully_connected_q7                 0x08008c1f   Thumb Code   148  nnom_local.o(.text)
    local_softmax_q7                         0x08008cb3   Thumb Code   140  nnom_local.o(.text)
    local_hard_sigmoid_q7                    0x08008d3f   Thumb Code   102  nnom_local.o(.text)
    local_hard_tanh_q7                       0x08008da5   Thumb Code   108  nnom_local.o(.text)
    local_sigmoid_q7                         0x08008e11   Thumb Code    70  nnom_local.o(.text)
    local_tanh_q7                            0x08008e57   Thumb Code    88  nnom_local.o(.text)
    local_relu_q7                            0x08008eaf   Thumb Code    24  nnom_local.o(.text)
    local_leaky_relu_q7                      0x08008ec7   Thumb Code    34  nnom_local.o(.text)
    local_adv_relu_q7                        0x08008ee9   Thumb Code    46  nnom_local.o(.text)
    local_mult_q7                            0x08008f17   Thumb Code    58  nnom_local.o(.text)
    local_add_q7                             0x08008f51   Thumb Code    58  nnom_local.o(.text)
    local_sub_q7                             0x08008f8b   Thumb Code    56  nnom_local.o(.text)
    local_multiple_add_q7                    0x08008fc3   Thumb Code    74  nnom_local.o(.text)
    local_multiple_mult_q7                   0x0800900d   Thumb Code    72  nnom_local.o(.text)
    local_multiple_sub_q7                    0x08009055   Thumb Code    72  nnom_local.o(.text)
    local_q7_to_q15_no_shift                 0x0800909d   Thumb Code    98  nnom_local.o(.text)
    local_q7_to_q15                          0x080090ff   Thumb Code   114  nnom_local.o(.text)
    local_q15_to_q7                          0x08009171   Thumb Code    20  nnom_local.o(.text)
    local_avepool_q15_HWC                    0x080091c9   Thumb Code   178  nnom_local_q15.o(.text)
    local_avepool_q15_CHW                    0x0800927b   Thumb Code   212  nnom_local_q15.o(.text)
    local_maxpool_q15_HWC                    0x0800934f   Thumb Code   166  nnom_local_q15.o(.text)
    local_maxpool_q15_CHW                    0x080093f5   Thumb Code   190  nnom_local_q15.o(.text)
    local_sumpool_q15_HWC                    0x080094b3   Thumb Code   180  nnom_local_q15.o(.text)
    local_sumpool_q15_CHW                    0x08009567   Thumb Code   218  nnom_local_q15.o(.text)
    local_up_sampling_q15_HWC                0x08009641   Thumb Code   156  nnom_local_q15.o(.text)
    local_up_sampling_q15_CHW                0x080096dd   Thumb Code   168  nnom_local_q15.o(.text)
    local_convolve_HWC_q15_nonsquare         0x08009785   Thumb Code   434  nnom_local_q15.o(.text)
    local_convolve_CHW_q15_nonsquare         0x08009937   Thumb Code   344  nnom_local_q15.o(.text)
    local_conv_trans_HWC_q15_nonsquare       0x08009b2b   Thumb Code   426  nnom_local_q15.o(.text)
    local_depthwise_separable_conv_HWC_q15_nonsquare 0x08009cd5   Thumb Code   374  nnom_local_q15.o(.text)
    local_depthwise_separable_conv_CHW_q15_nonsquare 0x08009e4b   Thumb Code   388  nnom_local_q15.o(.text)
    local_zero_padding_HWC_q15               0x08009fcf   Thumb Code   126  nnom_local_q15.o(.text)
    local_zero_padding_CHW_q15               0x0800a04d   Thumb Code   158  nnom_local_q15.o(.text)
    local_cropping_HWC_q15                   0x0800a0eb   Thumb Code    84  nnom_local_q15.o(.text)
    local_cropping_CHW_q15                   0x0800a13f   Thumb Code   106  nnom_local_q15.o(.text)
    local_dot_q15                            0x0800a1a9   Thumb Code    78  nnom_local_q15.o(.text)
    local_dot_q15_opt                        0x0800a1f7   Thumb Code   456  nnom_local_q15.o(.text)
    local_fully_connected_mat_q7_vec_q15_opt 0x0800a3bf   Thumb Code   618  nnom_local_q15.o(.text)
    local_fully_connected_mat_q7_vec_q15     0x0800a629   Thumb Code   182  nnom_local_q15.o(.text)
    local_softmax_q15                        0x0800a6df   Thumb Code   152  nnom_local_q15.o(.text)
    local_hard_sigmoid_q15                   0x0800a777   Thumb Code   104  nnom_local_q15.o(.text)
    local_hard_tanh_q15                      0x0800a7df   Thumb Code   124  nnom_local_q15.o(.text)
    local_relu_q15                           0x0800a85b   Thumb Code    30  nnom_local_q15.o(.text)
    local_leaky_relu_q15                     0x0800a879   Thumb Code    40  nnom_local_q15.o(.text)
    local_adv_relu_q15                       0x0800a8a1   Thumb Code    52  nnom_local_q15.o(.text)
    local_sigmoid_q15                        0x0800a929   Thumb Code     4  nnom_local_q15.o(.text)
    local_tanh_q15                           0x0800a92d   Thumb Code     4  nnom_local_q15.o(.text)
    local_mult_q15                           0x0800a931   Thumb Code    60  nnom_local_q15.o(.text)
    local_add_q15                            0x0800a96d   Thumb Code    58  nnom_local_q15.o(.text)
    local_sub_q15                            0x0800a9a7   Thumb Code    56  nnom_local_q15.o(.text)
    local_multiple_add_q15                   0x0800a9df   Thumb Code    76  nnom_local_q15.o(.text)
    local_multiple_mult_q15                  0x0800aa2b   Thumb Code    98  nnom_local_q15.o(.text)
    local_multiple_sub_q15                   0x0800aa8d   Thumb Code    96  nnom_local_q15.o(.text)
    local_1_minor_z_q15                      0x0800aaed   Thumb Code   126  nnom_local_q15.o(.text)
    nnom_set_static_buf                      0x0800aba9   Thumb Code    12  nnom.o(.text)
    nnom_alignto                             0x0800abb5   Thumb Code    26  nnom.o(.text)
    nnom_malloc                              0x0800abcf   Thumb Code    52  nnom.o(.text)
    nnom_free                                0x0800ac03   Thumb Code     2  nnom.o(.text)
    nnom_mem                                 0x0800ac05   Thumb Code    38  nnom.o(.text)
    nnom_mem_stat                            0x0800ac2b   Thumb Code     6  nnom.o(.text)
    new_model                                0x0800acff   Thumb Code    54  nnom.o(.text)
    model_delete                             0x0800ad35   Thumb Code    82  nnom.o(.text)
    nnom_io_length                           0x0800adb7   Thumb Code    18  nnom.o(.text)
    nnom_hook_length                         0x0800adc9   Thumb Code    18  nnom.o(.text)
    compile_layers                           0x0800af33   Thumb Code   726  nnom.o(.text)
    mem_analysis_result                      0x0800b209   Thumb Code    54  nnom.o(.text)
    block_mem_set                            0x0800b23f   Thumb Code    34  nnom.o(.text)
    tensor_mem_set                           0x0800b261   Thumb Code    46  nnom.o(.text)
    set_tailed_activation                    0x0800b28f   Thumb Code    42  nnom.o(.text)
    model_compile                            0x0800b2b9   Thumb Code   224  nnom.o(.text)
    sequencial_compile                       0x0800b399   Thumb Code    24  nnom.o(.text)
    layer_run                                0x0800b3b1   Thumb Code    40  nnom.o(.text)
    model_run_to                             0x0800b3d9   Thumb Code   120  nnom.o(.text)
    model_run                                0x0800b451   Thumb Code     4  nnom.o(.text)
    model_set_callback                       0x0800b455   Thumb Code    20  nnom.o(.text)
    model_delete_callback                    0x0800b469   Thumb Code     6  nnom.o(.text)
    check_model_version                      0x0800b46f   Thumb Code    62  nnom.o(.text)
    shape_size                               0x0800b755   Thumb Code    16  nnom_layers.o(.text)
    shape                                    0x0800b765   Thumb Code    26  nnom_layers.o(.text)
    kernel                                   0x0800b77f   Thumb Code     4  nnom_layers.o(.text)
    stride                                   0x0800b783   Thumb Code     4  nnom_layers.o(.text)
    dilation                                 0x0800b787   Thumb Code     4  nnom_layers.o(.text)
    border                                   0x0800b78b   Thumb Code    26  nnom_layers.o(.text)
    io_init                                  0x0800b7a5   Thumb Code     6  nnom_layers.o(.text)
    io_add_aux                               0x0800b7ab   Thumb Code    36  nnom_layers.o(.text)
    tensor_size                              0x0800b7d1   Thumb Code    34  nnom_tensor.o(.text)
    tensor_size_byte                         0x0800b7f3   Thumb Code    16  nnom_tensor.o(.text)
    tensor_get_num_channel                   0x0800b803   Thumb Code    16  nnom_tensor.o(.text)
    new_tensor                               0x0800b813   Thumb Code    76  nnom_tensor.o(.text)
    delete_tensor                            0x0800b85f   Thumb Code    10  nnom_tensor.o(.text)
    tensor_set_attr_v                        0x0800b869   Thumb Code    42  nnom_tensor.o(.text)
    tensor_set_attr                          0x0800b893   Thumb Code    70  nnom_tensor.o(.text)
    tensor_cpy_attr                          0x0800b8d9   Thumb Code    86  nnom_tensor.o(.text)
    tensor_hwc2chw_q7                        0x0800b92f   Thumb Code    74  nnom_tensor.o(.text)
    tensor_chw2hwc_q7                        0x0800b979   Thumb Code    88  nnom_tensor.o(.text)
    hwc2chw_q7                               0x0800b9d1   Thumb Code    60  nnom_tensor.o(.text)
    chw2hwc_q7                               0x0800ba0d   Thumb Code    74  nnom_tensor.o(.text)
    act_delete                               0x0800ba7d   Thumb Code     4  nnom_activation.o(.text)
    activation_free                          0x0800ba81   Thumb Code    14  nnom_activation.o(.text)
    act_tensor_run                           0x0800ba8f   Thumb Code     6  nnom_activation.o(.text)
    activation_run                           0x0800ba95   Thumb Code     8  nnom_activation.o(.text)
    Activation                               0x0800ba9d   Thumb Code    74  nnom_activation.o(.text)
    act_relu                                 0x0800bb15   Thumb Code    18  nnom_activation.o(.text)
    ReLU                                     0x0800bb27   Thumb Code    20  nnom_activation.o(.text)
    act_leaky_relu                           0x0800bb71   Thumb Code    48  nnom_activation.o(.text)
    LeakyReLU                                0x0800bba1   Thumb Code    20  nnom_activation.o(.text)
    act_adv_relu                             0x0800bd0f   Thumb Code    64  nnom_activation.o(.text)
    AdvReLU                                  0x0800bd4f   Thumb Code    20  nnom_activation.o(.text)
    act_sigmoid                              0x0800bda7   Thumb Code    22  nnom_activation.o(.text)
    Sigmoid                                  0x0800bdbd   Thumb Code    20  nnom_activation.o(.text)
    act_tanh                                 0x0800be15   Thumb Code    22  nnom_activation.o(.text)
    TanH                                     0x0800be2b   Thumb Code    20  nnom_activation.o(.text)
    act_hard_tanh                            0x0800bed9   Thumb Code    22  nnom_activation.o(.text)
    act_hard_sigmoid                         0x0800beef   Thumb Code    22  nnom_activation.o(.text)
    act_get_dec_bit                          0x0800bf05   Thumb Code    22  nnom_activation.o(.text)
    default_build                            0x0800bf25   Thumb Code    74  nnom_baselayer.o(.text)
    default_run                              0x0800bf6f   Thumb Code    40  nnom_baselayer.o(.text)
    BaseLayer                                0x0800bf97   Thumb Code    64  nnom_baselayer.o(.text)
    baselayer_s                              0x0800bfd7   Thumb Code    16  nnom_baselayer.o(.text)
    conv2d_free                              0x0800bfe9   Thumb Code    24  nnom_conv2d.o(.text)
    conv_output_length                       0x0800c001   Thumb Code    32  nnom_conv2d.o(.text)
    conv2d_build                             0x0800c021   Thumb Code   246  nnom_conv2d.o(.text)
    conv2d_run                               0x0800c117   Thumb Code   178  nnom_conv2d.o(.text)
    conv2d_s                                 0x0800c1c9   Thumb Code   296  nnom_conv2d.o(.text)
    Conv2D                                   0x0800c2f1   Thumb Code   292  nnom_conv2d.o(.text)
    dense_free                               0x0800c415   Thumb Code    24  nnom_dense.o(.text)
    dense_build                              0x0800c42d   Thumb Code   150  nnom_dense.o(.text)
    dense_run                                0x0800c4c3   Thumb Code    82  nnom_dense.o(.text)
    dense_s                                  0x0800c515   Thumb Code   110  nnom_dense.o(.text)
    Dense                                    0x0800c583   Thumb Code   220  nnom_dense.o(.text)
    flatten_build                            0x0800c661   Thumb Code    78  nnom_flatten.o(.text)
    flatten_run                              0x0800c6af   Thumb Code     4  nnom_flatten.o(.text)
    Flatten                                  0x0800c6b3   Thumb Code    66  nnom_flatten.o(.text)
    flatten_s                                0x0800c6f5   Thumb Code    16  nnom_flatten.o(.text)
    input_build                              0x0800c705   Thumb Code    42  nnom_input.o(.text)
    input_run                                0x0800c72f   Thumb Code    30  nnom_input.o(.text)
    input_s                                  0x0800c74d   Thumb Code   196  nnom_input.o(.text)
    Input                                    0x0800c811   Thumb Code   146  nnom_input.o(.text)
    maxpool_build                            0x0800c8a5   Thumb Code   186  nnom_maxpool.o(.text)
    maxpool_run                              0x0800c95f   Thumb Code    86  nnom_maxpool.o(.text)
    MaxPool                                  0x0800c9b5   Thumb Code   158  nnom_maxpool.o(.text)
    maxpool_s                                0x0800ca53   Thumb Code    84  nnom_maxpool.o(.text)
    output_run                               0x0800caa9   Thumb Code    30  nnom_output.o(.text)
    output_s                                 0x0800cac7   Thumb Code    30  nnom_output.o(.text)
    Output                                   0x0800cae5   Thumb Code    26  nnom_output.o(.text)
    softmax_build                            0x0800cb05   Thumb Code    58  nnom_softmax.o(.text)
    softmax_run                              0x0800cb3f   Thumb Code    34  nnom_softmax.o(.text)
    Softmax                                  0x0800cb61   Thumb Code    64  nnom_softmax.o(.text)
    softmax_s                                0x0800cba1   Thumb Code    16  nnom_softmax.o(.text)
    __aeabi_uldivmod                         0x0800cbb1   Thumb Code    98  uldiv.o(.text)
    __aeabi_ldivmod                          0x0800cc13   Thumb Code    98  ldiv.o(.text)
    __aeabi_lasr                             0x0800cc75   Thumb Code    36  llsshr.o(.text)
    _ll_sshift_r                             0x0800cc75   Thumb Code     0  llsshr.o(.text)
    __aeabi_memcpy                           0x0800cc99   Thumb Code    36  memcpya.o(.text)
    __aeabi_memcpy4                          0x0800cc99   Thumb Code     0  memcpya.o(.text)
    __aeabi_memcpy8                          0x0800cc99   Thumb Code     0  memcpya.o(.text)
    __aeabi_memset                           0x0800ccbd   Thumb Code    14  memseta.o(.text)
    __aeabi_memset4                          0x0800ccbd   Thumb Code     0  memseta.o(.text)
    __aeabi_memset8                          0x0800ccbd   Thumb Code     0  memseta.o(.text)
    __aeabi_memclr                           0x0800cccb   Thumb Code     4  memseta.o(.text)
    __aeabi_memclr4                          0x0800cccb   Thumb Code     0  memseta.o(.text)
    __aeabi_memclr8                          0x0800cccb   Thumb Code     0  memseta.o(.text)
    _memset$wrapper                          0x0800cccf   Thumb Code    18  memseta.o(.text)
    __aeabi_dadd                             0x0800cce1   Thumb Code   322  dadd.o(.text)
    __aeabi_dsub                             0x0800ce23   Thumb Code     6  dadd.o(.text)
    __aeabi_drsub                            0x0800ce29   Thumb Code     6  dadd.o(.text)
    __aeabi_dmul                             0x0800ce2f   Thumb Code   228  dmul.o(.text)
    __aeabi_ddiv                             0x0800cf13   Thumb Code   222  ddiv.o(.text)
    __aeabi_uidiv                            0x0800cff1   Thumb Code     0  uidiv.o(.text)
    __aeabi_uidivmod                         0x0800cff1   Thumb Code    44  uidiv.o(.text)
    __aeabi_llsl                             0x0800d01d   Thumb Code    30  llshl.o(.text)
    _ll_shift_l                              0x0800d01d   Thumb Code     0  llshl.o(.text)
    __aeabi_llsr                             0x0800d03b   Thumb Code    32  llushr.o(.text)
    _ll_ushift_r                             0x0800d03b   Thumb Code     0  llushr.o(.text)
    __I$use$fp                               0x0800d05b   Thumb Code     0  iusefp.o(.text)
    _double_round                            0x0800d05b   Thumb Code    30  depilogue.o(.text)
    _double_epilogue                         0x0800d079   Thumb Code   156  depilogue.o(.text)
    __aeabi_d2ulz                            0x0800d115   Thumb Code    48  dfixul.o(.text)
    __aeabi_cdrcmple                         0x0800d145   Thumb Code    48  cdrcmple.o(.text)
    __scatterload                            0x0800d175   Thumb Code    28  init.o(.text)
    __scatterload_rt2                        0x0800d175   Thumb Code     0  init.o(.text)
    __0printf                                0x0800d199   Thumb Code    22  printfa.o(i.__0printf)
    __1printf                                0x0800d199   Thumb Code     0  printfa.o(i.__0printf)
    __2printf                                0x0800d199   Thumb Code     0  printfa.o(i.__0printf)
    __c89printf                              0x0800d199   Thumb Code     0  printfa.o(i.__0printf)
    printf                                   0x0800d199   Thumb Code     0  printfa.o(i.__0printf)
    __scatterload_copy                       0x0800d1b9   Thumb Code    14  handlers.o(i.__scatterload_copy)
    __scatterload_null                       0x0800d1c7   Thumb Code     2  handlers.o(i.__scatterload_null)
    __scatterload_zeroinit                   0x0800d1c9   Thumb Code    14  handlers.o(i.__scatterload_zeroinit)
    tensor_input_1_dim                       0x0800da8a   Data           6  main.o(.constdata)
    tensor_input_1_dec                       0x0800da90   Data           4  main.o(.constdata)
    tensor_input_1_offset                    0x0800da94   Data           4  main.o(.constdata)
    tensor_input_1                           0x0800da98   Data          20  main.o(.constdata)
    flatten_config                           0x0800daac   Data           4  main.o(.constdata)
    softmax_config                           0x0800dab0   Data           4  main.o(.constdata)
    input_1_config                           0x0800dab4   Data           8  main.o(.constdata)
    output0_config                           0x0800dabc   Data           8  main.o(.constdata)
    conv2d_config                            0x0800dac4   Data          40  main.o(.constdata)
    max_pooling2d_config                     0x0800daec   Data          16  main.o(.constdata)
    conv2d_1_config                          0x0800dafc   Data          40  main.o(.constdata)
    max_pooling2d_1_config                   0x0800db24   Data          16  main.o(.constdata)
    conv2d_2_config                          0x0800db34   Data          40  main.o(.constdata)
    dense_config                             0x0800db5c   Data          24  main.o(.constdata)
    dense_1_config                           0x0800db74   Data          24  main.o(.constdata)
    tensor_conv2d_kernel_0_data              0x0800db8c   Data          36  main.o(.constdata)
    tensor_conv2d_kernel_0_dim               0x0800dbb0   Data           8  main.o(.constdata)
    tensor_conv2d_kernel_0_dec               0x0800dbb8   Data           4  main.o(.constdata)
    tensor_conv2d_kernel_0_offset            0x0800dbbc   Data           4  main.o(.constdata)
    tensor_conv2d_kernel_0                   0x0800dbc0   Data          20  main.o(.constdata)
    tensor_conv2d_bias_0_data                0x0800dbd4   Data           4  main.o(.constdata)
    tensor_conv2d_bias_0_dim                 0x0800dbd8   Data           2  main.o(.constdata)
    tensor_conv2d_bias_0_dec                 0x0800dbdc   Data           4  main.o(.constdata)
    tensor_conv2d_bias_0_offset              0x0800dbe0   Data           4  main.o(.constdata)
    tensor_conv2d_bias_0                     0x0800dbe4   Data          20  main.o(.constdata)
    conv2d_output_shift                      0x0800dbf8   Data           4  main.o(.constdata)
    conv2d_bias_shift                        0x0800dbfc   Data           4  main.o(.constdata)
    tensor_conv2d_1_kernel_0_data            0x0800dc00   Data         432  main.o(.constdata)
    tensor_conv2d_1_kernel_0_dim             0x0800ddb0   Data           8  main.o(.constdata)
    tensor_conv2d_1_kernel_0_dec             0x0800ddb8   Data           4  main.o(.constdata)
    tensor_conv2d_1_kernel_0_offset          0x0800ddbc   Data           4  main.o(.constdata)
    tensor_conv2d_1_kernel_0                 0x0800ddc0   Data          20  main.o(.constdata)
    tensor_conv2d_1_bias_0_data              0x0800ddd4   Data          12  main.o(.constdata)
    tensor_conv2d_1_bias_0_dim               0x0800dde0   Data           2  main.o(.constdata)
    tensor_conv2d_1_bias_0_dec               0x0800dde4   Data           4  main.o(.constdata)
    tensor_conv2d_1_bias_0_offset            0x0800dde8   Data           4  main.o(.constdata)
    tensor_conv2d_1_bias_0                   0x0800ddec   Data          20  main.o(.constdata)
    conv2d_1_output_shift                    0x0800de00   Data           4  main.o(.constdata)
    conv2d_1_bias_shift                      0x0800de04   Data           4  main.o(.constdata)
    tensor_conv2d_2_kernel_0_data            0x0800de08   Data        1296  main.o(.constdata)
    tensor_conv2d_2_kernel_0_dim             0x0800e318   Data           8  main.o(.constdata)
    tensor_conv2d_2_kernel_0_dec             0x0800e320   Data           4  main.o(.constdata)
    tensor_conv2d_2_kernel_0_offset          0x0800e324   Data           4  main.o(.constdata)
    tensor_conv2d_2_kernel_0                 0x0800e328   Data          20  main.o(.constdata)
    tensor_conv2d_2_bias_0_data              0x0800e33c   Data          12  main.o(.constdata)
    tensor_conv2d_2_bias_0_dim               0x0800e348   Data           2  main.o(.constdata)
    tensor_conv2d_2_bias_0_dec               0x0800e34c   Data           4  main.o(.constdata)
    tensor_conv2d_2_bias_0_offset            0x0800e350   Data           4  main.o(.constdata)
    tensor_conv2d_2_bias_0                   0x0800e354   Data          20  main.o(.constdata)
    conv2d_2_output_shift                    0x0800e368   Data           4  main.o(.constdata)
    conv2d_2_bias_shift                      0x0800e36c   Data           4  main.o(.constdata)
    tensor_dense_kernel_0_data               0x0800e370   Data       75264  main.o(.constdata)
    tensor_dense_kernel_0_dim                0x08020970   Data           4  main.o(.constdata)
    tensor_dense_kernel_0_dec                0x08020974   Data           4  main.o(.constdata)
    tensor_dense_kernel_0_offset             0x08020978   Data           4  main.o(.constdata)
    tensor_dense_kernel_0                    0x0802097c   Data          20  main.o(.constdata)
    tensor_dense_bias_0_data                 0x08020990   Data         128  main.o(.constdata)
    tensor_dense_bias_0_dim                  0x08020a10   Data           2  main.o(.constdata)
    tensor_dense_bias_0_dec                  0x08020a14   Data           4  main.o(.constdata)
    tensor_dense_bias_0_offset               0x08020a18   Data           4  main.o(.constdata)
    tensor_dense_bias_0                      0x08020a1c   Data          20  main.o(.constdata)
    dense_output_shift                       0x08020a30   Data           4  main.o(.constdata)
    dense_bias_shift                         0x08020a34   Data           4  main.o(.constdata)
    tensor_dense_1_kernel_0_data             0x08020a38   Data        1280  main.o(.constdata)
    tensor_dense_1_kernel_0_dim              0x08020f38   Data           4  main.o(.constdata)
    tensor_dense_1_kernel_0_dec              0x08020f3c   Data           4  main.o(.constdata)
    tensor_dense_1_kernel_0_offset           0x08020f40   Data           4  main.o(.constdata)
    tensor_dense_1_kernel_0                  0x08020f44   Data          20  main.o(.constdata)
    tensor_dense_1_bias_0_data               0x08020f58   Data          10  main.o(.constdata)
    tensor_dense_1_bias_0_dim                0x08020f62   Data           2  main.o(.constdata)
    tensor_dense_1_bias_0_dec                0x08020f64   Data           4  main.o(.constdata)
    tensor_dense_1_bias_0_offset             0x08020f68   Data           4  main.o(.constdata)
    tensor_dense_1_bias_0                    0x08020f6c   Data          20  main.o(.constdata)
    dense_1_output_shift                     0x08020f80   Data           4  main.o(.constdata)
    dense_1_bias_shift                       0x08020f84   Data           4  main.o(.constdata)
    tensor_output0_dim                       0x08020f88   Data           2  main.o(.constdata)
    tensor_output0_dec                       0x08020f8c   Data           4  main.o(.constdata)
    tensor_output0_offset                    0x08020f90   Data           4  main.o(.constdata)
    tensor_output0                           0x08020f94   Data          20  main.o(.constdata)
    asc2_1206                                0x08020fa8   Data        1140  lcd.o(.constdata)
    asc2_1608                                0x0802141c   Data        1520  lcd.o(.constdata)
    asc2_2412                                0x08021a0c   Data        3420  lcd.o(.constdata)
    ov2640_sxga_init_reg_tbl                 0x08022768   Data         360  ov2640.o(.constdata)
    ov2640_jpeg_reg_tbl                      0x080228d0   Data          14  ov2640.o(.constdata)
    ov2640_rgb565_reg_tbl                    0x080228de   Data          28  ov2640.o(.constdata)
    ov2640_yuv422_reg_tbl                    0x080228fa   Data          16  ov2640.o(.constdata)
    FSMC_DefaultTimingStruct                 0x08022934   Data          28  stm32f4xx_fsmc.o(.constdata)
    default_layer_names                      0x08022f50   Data         396  nnom.o(.constdata)
    default_activation_names                 0x080230dc   Data          64  nnom.o(.constdata)
    default_cell_names                       0x0802311c   Data          32  nnom.o(.constdata)
    Region$$Table$$Base                      0x0802346c   Number         0  anon$$obj.o(Region$$Table)
    Region$$Table$$Limit                     0x0802348c   Number         0  anon$$obj.o(Region$$Table)
    ov2640_mode                              0x20000000   Data           1  main.o(.data)
    jpeg_data_ok                             0x20000001   Data           1  main.o(.data)
    Com1SendFlag                             0x20000002   Data           1  main.o(.data)
    SystemCoreClock                          0x20000004   Data           4  system_stm32f4xx.o(.data)
    AHBPrescTable                            0x20000008   Data          16  system_stm32f4xx.o(.data)
    POINT_COLOR                              0x20000018   Data           2  lcd.o(.data)
    BACK_COLOR                               0x2000001a   Data           2  lcd.o(.data)
    ov_frame                                 0x2000001c   Data           1  dcmi.o(.data)
    Key_Flag                                 0x2000001e   Data           1  key.o(.data)
    key_up                                   0x2000001f   Data           1  key.o(.data)
    Key_times                                0x20000020   Data           6  key.o(.data)
    Key_Time_out                             0x20000026   Data           6  key.o(.data)
    TimeS                                    0x2000002c   Data           1  timer.o(.data)
    USART_RX_STA                             0x20000032   Data           2  usart.o(.data)
    __stdout                                 0x20000034   Data           4  usart.o(.data)
    nnom_memory_taken                        0x20000048   Data           4  nnom.o(.data)
    getimage                                 0x200003fc   Data         784  main.o(.bss)
    jpeg_buf                                 0x2000070c   Data       100384  main.o(.bss)
    static_buf                               0x20018f2c   Data       18432  main.o(.bss)
    lcddev                                   0x2001d72c   Data          14  lcd.o(.bss)
    DCMI_InitStructure                       0x2001d73a   Data          14  dcmi.o(.bss)
    USART_RX_BUF                             0x2001d748   Data         200  usart.o(.bss)
    __initial_sp                             0x2001dc10   Data           0  startup_stm32f40_41xxx.o(STACK)



==============================================================================

Memory Map of the image

  Image Entry point : 0x08000189

  Load Region LR_IROM1 (Base: 0x08000000, Size: 0x000234e4, Max: 0x00100000, ABSOLUTE)

    Execution Region ER_IROM1 (Exec base: 0x08000000, Load base: 0x08000000, Size: 0x0002348c, Max: 0x00100000, ABSOLUTE)

    Exec Addr    Load Addr    Size         Type   Attr      Idx    E Section Name        Object

    0x08000000   0x08000000   0x00000188   Data   RO          691    RESET               startup_stm32f40_41xxx.o
    0x08000188   0x08000188   0x00000000   Code   RO         1585  * .ARM.Collect$$$$00000000  mc_w.l(entry.o)
    0x08000188   0x08000188   0x00000004   Code   RO         1875    .ARM.Collect$$$$00000001  mc_w.l(entry2.o)
    0x0800018c   0x0800018c   0x00000004   Code   RO         1878    .ARM.Collect$$$$00000004  mc_w.l(entry5.o)
    0x08000190   0x08000190   0x00000000   Code   RO         1880    .ARM.Collect$$$$00000008  mc_w.l(entry7b.o)
    0x08000190   0x08000190   0x00000000   Code   RO         1882    .ARM.Collect$$$$0000000A  mc_w.l(entry8b.o)
    0x08000190   0x08000190   0x00000008   Code   RO         1883    .ARM.Collect$$$$0000000B  mc_w.l(entry9a.o)
    0x08000198   0x08000198   0x00000000   Code   RO         1885    .ARM.Collect$$$$0000000D  mc_w.l(entry10a.o)
    0x08000198   0x08000198   0x00000000   Code   RO         1887    .ARM.Collect$$$$0000000F  mc_w.l(entry11a.o)
    0x08000198   0x08000198   0x00000004   Code   RO         1876    .ARM.Collect$$$$00002712  mc_w.l(entry2.o)
    0x0800019c   0x0800019c   0x00000734   Code   RO            3    .text               main.o
    0x080008d0   0x080008d0   0x00000012   Code   RO          361    .text               stm32f4xx_it.o
    0x080008e2   0x080008e2   0x00000002   PAD
    0x080008e4   0x080008e4   0x0000017c   Code   RO          410    .text               system_stm32f4xx.o
    0x08000a60   0x08000a60   0x00000040   Code   RO          436    .text               led.o
    0x08000aa0   0x08000aa0   0x0000428c   Code   RO          456    .text               lcd.o
    0x08004d2c   0x08004d2c   0x000002a0   Code   RO          495    .text               dcmi.o
    0x08004fcc   0x08004fcc   0x0000015c   Code   RO          520    .text               key.o
    0x08005128   0x08005128   0x00000528   Code   RO          543    .text               ov2640.o
    0x08005650   0x08005650   0x00000238   Code   RO          574    .text               sccb.o
    0x08005888   0x08005888   0x000000b8   Code   RO          595    .text               timer.o
    0x08005940   0x08005940   0x000000b8   Code   RO          619    .text               delay.o
    0x080059f8   0x080059f8   0x00000124   Code   RO          659    .text               usart.o
    0x08005b1c   0x08005b1c   0x00000024   Code   RO          692    .text               startup_stm32f40_41xxx.o
    0x08005b40   0x08005b40   0x000000b0   Code   RO          698    .text               misc.o
    0x08005bf0   0x08005bf0   0x00000134   Code   RO          718    .text               stm32f4xx_dcmi.o
    0x08005d24   0x08005d24   0x00000238   Code   RO          738    .text               stm32f4xx_gpio.o
    0x08005f5c   0x08005f5c   0x00000448   Code   RO          758    .text               stm32f4xx_fsmc.o
    0x080063a4   0x080063a4   0x00000320   Code   RO          781    .text               stm32f4xx_dma.o
    0x080066c4   0x080066c4   0x00000480   Code   RO          801    .text               stm32f4xx_rcc.o
    0x08006b44   0x08006b44   0x00000358   Code   RO          843    .text               stm32f4xx_usart.o
    0x08006e9c   0x08006e9c   0x000009dc   Code   RO          863    .text               stm32f4xx_tim.o
    0x08007878   0x08007878   0x00001950   Code   RO          882    .text               nnom_local.o
    0x080091c8   0x080091c8   0x000019de   Code   RO          982    .text               nnom_local_q15.o
    0x0800aba6   0x0800aba6   0x00000002   PAD
    0x0800aba8   0x0800aba8   0x00000bac   Code   RO          999    .text               nnom.o
    0x0800b754   0x0800b754   0x0000007a   Code   RO         1096    .text               nnom_layers.o
    0x0800b7ce   0x0800b7ce   0x00000002   PAD
    0x0800b7d0   0x0800b7d0   0x000002ac   Code   RO         1109    .text               nnom_tensor.o
    0x0800ba7c   0x0800ba7c   0x000004a8   Code   RO         1134    .text               nnom_activation.o
    0x0800bf24   0x0800bf24   0x000000c2   Code   RO         1160    .text               nnom_baselayer.o
    0x0800bfe6   0x0800bfe6   0x00000002   PAD
    0x0800bfe8   0x0800bfe8   0x0000042c   Code   RO         1187    .text               nnom_conv2d.o
    0x0800c414   0x0800c414   0x0000024a   Code   RO         1226    .text               nnom_dense.o
    0x0800c65e   0x0800c65e   0x00000002   PAD
    0x0800c660   0x0800c660   0x000000a4   Code   RO         1250    .text               nnom_flatten.o
    0x0800c704   0x0800c704   0x0000019e   Code   RO         1286    .text               nnom_input.o
    0x0800c8a2   0x0800c8a2   0x00000002   PAD
    0x0800c8a4   0x0800c8a4   0x00000202   Code   RO         1335    .text               nnom_maxpool.o
    0x0800caa6   0x0800caa6   0x00000002   PAD
    0x0800caa8   0x0800caa8   0x0000005c   Code   RO         1347    .text               nnom_output.o
    0x0800cb04   0x0800cb04   0x000000ac   Code   RO         1395    .text               nnom_softmax.o
    0x0800cbb0   0x0800cbb0   0x00000062   Code   RO         1588    .text               mc_w.l(uldiv.o)
    0x0800cc12   0x0800cc12   0x00000062   Code   RO         1590    .text               mc_w.l(ldiv.o)
    0x0800cc74   0x0800cc74   0x00000024   Code   RO         1592    .text               mc_w.l(llsshr.o)
    0x0800cc98   0x0800cc98   0x00000024   Code   RO         1594    .text               mc_w.l(memcpya.o)
    0x0800ccbc   0x0800ccbc   0x00000024   Code   RO         1596    .text               mc_w.l(memseta.o)
    0x0800cce0   0x0800cce0   0x0000014e   Code   RO         1861    .text               mf_w.l(dadd.o)
    0x0800ce2e   0x0800ce2e   0x000000e4   Code   RO         1863    .text               mf_w.l(dmul.o)
    0x0800cf12   0x0800cf12   0x000000de   Code   RO         1865    .text               mf_w.l(ddiv.o)
    0x0800cff0   0x0800cff0   0x0000002c   Code   RO         1889    .text               mc_w.l(uidiv.o)
    0x0800d01c   0x0800d01c   0x0000001e   Code   RO         1891    .text               mc_w.l(llshl.o)
    0x0800d03a   0x0800d03a   0x00000020   Code   RO         1893    .text               mc_w.l(llushr.o)
    0x0800d05a   0x0800d05a   0x00000000   Code   RO         1895    .text               mc_w.l(iusefp.o)
    0x0800d05a   0x0800d05a   0x000000ba   Code   RO         1898    .text               mf_w.l(depilogue.o)
    0x0800d114   0x0800d114   0x00000030   Code   RO         1900    .text               mf_w.l(dfixul.o)
    0x0800d144   0x0800d144   0x00000030   Code   RO         1902    .text               mf_w.l(cdrcmple.o)
    0x0800d174   0x0800d174   0x00000024   Code   RO         1904    .text               mc_w.l(init.o)
    0x0800d198   0x0800d198   0x00000020   Code   RO         1833    i.__0printf         mc_w.l(printfa.o)
    0x0800d1b8   0x0800d1b8   0x0000000e   Code   RO         1908    i.__scatterload_copy  mc_w.l(handlers.o)
    0x0800d1c6   0x0800d1c6   0x00000002   Code   RO         1909    i.__scatterload_null  mc_w.l(handlers.o)
    0x0800d1c8   0x0800d1c8   0x0000000e   Code   RO         1910    i.__scatterload_zeroinit  mc_w.l(handlers.o)
    0x0800d1d6   0x0800d1d6   0x00000002   PAD
    0x0800d1d8   0x0800d1d8   0x00000184   Code   RO         1840    i._fp_digits        mc_w.l(printfa.o)
    0x0800d35c   0x0800d35c   0x000006dc   Code   RO         1841    i._printf_core      mc_w.l(printfa.o)
    0x0800da38   0x0800da38   0x00000024   Code   RO         1842    i._printf_post_padding  mc_w.l(printfa.o)
    0x0800da5c   0x0800da5c   0x0000002e   Code   RO         1843    i._printf_pre_padding  mc_w.l(printfa.o)
    0x0800da8a   0x0800da8a   0x00000006   Data   RO            5    .constdata          main.o
    0x0800da90   0x0800da90   0x00000004   Data   RO            6    .constdata          main.o
    0x0800da94   0x0800da94   0x00000004   Data   RO            7    .constdata          main.o
    0x0800da98   0x0800da98   0x00000014   Data   RO            8    .constdata          main.o
    0x0800daac   0x0800daac   0x000000e0   Data   RO            9    .constdata          main.o
    0x0800db8c   0x0800db8c   0x00000024   Data   RO           10    .constdata          main.o
    0x0800dbb0   0x0800dbb0   0x00000008   Data   RO           11    .constdata          main.o
    0x0800dbb8   0x0800dbb8   0x00000004   Data   RO           12    .constdata          main.o
    0x0800dbbc   0x0800dbbc   0x00000004   Data   RO           13    .constdata          main.o
    0x0800dbc0   0x0800dbc0   0x00000014   Data   RO           14    .constdata          main.o
    0x0800dbd4   0x0800dbd4   0x00000004   Data   RO           15    .constdata          main.o
    0x0800dbd8   0x0800dbd8   0x00000002   Data   RO           16    .constdata          main.o
    0x0800dbda   0x0800dbda   0x00000002   PAD
    0x0800dbdc   0x0800dbdc   0x00000004   Data   RO           17    .constdata          main.o
    0x0800dbe0   0x0800dbe0   0x00000004   Data   RO           18    .constdata          main.o
    0x0800dbe4   0x0800dbe4   0x00000014   Data   RO           19    .constdata          main.o
    0x0800dbf8   0x0800dbf8   0x00000004   Data   RO           20    .constdata          main.o
    0x0800dbfc   0x0800dbfc   0x00000004   Data   RO           21    .constdata          main.o
    0x0800dc00   0x0800dc00   0x000001b0   Data   RO           22    .constdata          main.o
    0x0800ddb0   0x0800ddb0   0x00000008   Data   RO           23    .constdata          main.o
    0x0800ddb8   0x0800ddb8   0x00000004   Data   RO           24    .constdata          main.o
    0x0800ddbc   0x0800ddbc   0x00000004   Data   RO           25    .constdata          main.o
    0x0800ddc0   0x0800ddc0   0x00000014   Data   RO           26    .constdata          main.o
    0x0800ddd4   0x0800ddd4   0x0000000c   Data   RO           27    .constdata          main.o
    0x0800dde0   0x0800dde0   0x00000002   Data   RO           28    .constdata          main.o
    0x0800dde2   0x0800dde2   0x00000002   PAD
    0x0800dde4   0x0800dde4   0x00000004   Data   RO           29    .constdata          main.o
    0x0800dde8   0x0800dde8   0x00000004   Data   RO           30    .constdata          main.o
    0x0800ddec   0x0800ddec   0x00000014   Data   RO           31    .constdata          main.o
    0x0800de00   0x0800de00   0x00000004   Data   RO           32    .constdata          main.o
    0x0800de04   0x0800de04   0x00000004   Data   RO           33    .constdata          main.o
    0x0800de08   0x0800de08   0x00000510   Data   RO           34    .constdata          main.o
    0x0800e318   0x0800e318   0x00000008   Data   RO           35    .constdata          main.o
    0x0800e320   0x0800e320   0x00000004   Data   RO           36    .constdata          main.o
    0x0800e324   0x0800e324   0x00000004   Data   RO           37    .constdata          main.o
    0x0800e328   0x0800e328   0x00000014   Data   RO           38    .constdata          main.o
    0x0800e33c   0x0800e33c   0x0000000c   Data   RO           39    .constdata          main.o
    0x0800e348   0x0800e348   0x00000002   Data   RO           40    .constdata          main.o
    0x0800e34a   0x0800e34a   0x00000002   PAD
    0x0800e34c   0x0800e34c   0x00000004   Data   RO           41    .constdata          main.o
    0x0800e350   0x0800e350   0x00000004   Data   RO           42    .constdata          main.o
    0x0800e354   0x0800e354   0x00000014   Data   RO           43    .constdata          main.o
    0x0800e368   0x0800e368   0x00000004   Data   RO           44    .constdata          main.o
    0x0800e36c   0x0800e36c   0x00000004   Data   RO           45    .constdata          main.o
    0x0800e370   0x0800e370   0x00012600   Data   RO           46    .constdata          main.o
    0x08020970   0x08020970   0x00000004   Data   RO           47    .constdata          main.o
    0x08020974   0x08020974   0x00000004   Data   RO           48    .constdata          main.o
    0x08020978   0x08020978   0x00000004   Data   RO           49    .constdata          main.o
    0x0802097c   0x0802097c   0x00000014   Data   RO           50    .constdata          main.o
    0x08020990   0x08020990   0x00000080   Data   RO           51    .constdata          main.o
    0x08020a10   0x08020a10   0x00000002   Data   RO           52    .constdata          main.o
    0x08020a12   0x08020a12   0x00000002   PAD
    0x08020a14   0x08020a14   0x00000004   Data   RO           53    .constdata          main.o
    0x08020a18   0x08020a18   0x00000004   Data   RO           54    .constdata          main.o
    0x08020a1c   0x08020a1c   0x00000014   Data   RO           55    .constdata          main.o
    0x08020a30   0x08020a30   0x00000004   Data   RO           56    .constdata          main.o
    0x08020a34   0x08020a34   0x00000004   Data   RO           57    .constdata          main.o
    0x08020a38   0x08020a38   0x00000500   Data   RO           58    .constdata          main.o
    0x08020f38   0x08020f38   0x00000004   Data   RO           59    .constdata          main.o
    0x08020f3c   0x08020f3c   0x00000004   Data   RO           60    .constdata          main.o
    0x08020f40   0x08020f40   0x00000004   Data   RO           61    .constdata          main.o
    0x08020f44   0x08020f44   0x00000014   Data   RO           62    .constdata          main.o
    0x08020f58   0x08020f58   0x0000000a   Data   RO           63    .constdata          main.o
    0x08020f62   0x08020f62   0x00000002   Data   RO           64    .constdata          main.o
    0x08020f64   0x08020f64   0x00000004   Data   RO           65    .constdata          main.o
    0x08020f68   0x08020f68   0x00000004   Data   RO           66    .constdata          main.o
    0x08020f6c   0x08020f6c   0x00000014   Data   RO           67    .constdata          main.o
    0x08020f80   0x08020f80   0x00000004   Data   RO           68    .constdata          main.o
    0x08020f84   0x08020f84   0x00000004   Data   RO           69    .constdata          main.o
    0x08020f88   0x08020f88   0x00000002   Data   RO           70    .constdata          main.o
    0x08020f8a   0x08020f8a   0x00000002   PAD
    0x08020f8c   0x08020f8c   0x00000004   Data   RO           71    .constdata          main.o
    0x08020f90   0x08020f90   0x00000004   Data   RO           72    .constdata          main.o
    0x08020f94   0x08020f94   0x00000014   Data   RO           73    .constdata          main.o
    0x08020fa8   0x08020fa8   0x000017c0   Data   RO          458    .constdata          lcd.o
    0x08022768   0x08022768   0x000001ca   Data   RO          544    .constdata          ov2640.o
    0x08022932   0x08022932   0x00000002   PAD
    0x08022934   0x08022934   0x0000001c   Data   RO          759    .constdata          stm32f4xx_fsmc.o
    0x08022950   0x08022950   0x00000200   Data   RO          883    .constdata          nnom_local.o
    0x08022b50   0x08022b50   0x00000400   Data   RO          983    .constdata          nnom_local_q15.o
    0x08022f50   0x08022f50   0x000001ec   Data   RO         1000    .constdata          nnom.o
    0x0802313c   0x0802313c   0x00000070   Data   RO           75    .conststring        main.o
    0x080231ac   0x080231ac   0x000002bd   Data   RO         1001    .conststring        nnom.o
    0x08023469   0x08023469   0x00000003   PAD
    0x0802346c   0x0802346c   0x00000020   Data   RO         1906    Region$$Table       anon$$obj.o


    Execution Region RW_IRAM1 (Exec base: 0x20000000, Load base: 0x0802348c, Size: 0x0001dc10, Max: 0x00020000, ABSOLUTE)

    Exec Addr    Load Addr    Size         Type   Attr      Idx    E Section Name        Object

    0x20000000   0x0802348c   0x00000002   Data   RW           78    .data               main.o
    0x20000002   0x0802348e   0x00000001   Data   RW           82    .data               main.o
    0x20000003   0x0802348f   0x00000001   PAD
    0x20000004   0x08023490   0x00000014   Data   RW          411    .data               system_stm32f4xx.o
    0x20000018   0x080234a4   0x00000004   Data   RW          459    .data               lcd.o
    0x2000001c   0x080234a8   0x00000001   Data   RW          497    .data               dcmi.o
    0x2000001d   0x080234a9   0x00000001   PAD
    0x2000001e   0x080234aa   0x0000000e   Data   RW          521    .data               key.o
    0x2000002c   0x080234b8   0x00000001   Data   RW          596    .data               timer.o
    0x2000002d   0x080234b9   0x00000001   PAD
    0x2000002e   0x080234ba   0x00000004   Data   RW          620    .data               delay.o
    0x20000032   0x080234be   0x00000002   Data   RW          661    .data               usart.o
    0x20000034   0x080234c0   0x00000004   Data   RW          662    .data               usart.o
    0x20000038   0x080234c4   0x00000010   Data   RW          802    .data               stm32f4xx_rcc.o
    0x20000048   0x080234d4   0x00000010   Data   RW         1002    .data               nnom.o
    0x20000058        -       0x0001d6d4   Zero   RW            4    .bss                main.o
    0x2001d72c        -       0x0000000e   Zero   RW          457    .bss                lcd.o
    0x2001d73a        -       0x0000000e   Zero   RW          496    .bss                dcmi.o
    0x2001d748        -       0x000000c8   Zero   RW          660    .bss                usart.o
    0x2001d810        -       0x00000400   Zero   RW          689    STACK               startup_stm32f40_41xxx.o


==============================================================================

Image component sizes


      Code (inc. data)   RO Data    RW Data    ZI Data      Debug   Object Name

       672         38          0          1         14       3102   dcmi.o
       184          4          0          4          0       1549   delay.o
       348         14          0         14          0       1605   key.o
     17036         86       6080          4         14      23935   lcd.o
        64          6          0          0          0        559   led.o
      1844        114      79236          3     120532     657295   main.o
       176         12          0          0          0       1969   misc.o
      2988        770       1193         16          0      19342   nnom.o
      1192         68          0          0          0       7521   nnom_activation.o
       194          0          0          0          0       1806   nnom_baselayer.o
      1068          0          0          0          0       3431   nnom_conv2d.o
       586          0          0          0          0       2605   nnom_dense.o
       164          0          0          0          0       1834   nnom_flatten.o
       414          0          0          0          0       2186   nnom_input.o
       122          0          0          0          0       3066   nnom_layers.o
      6480          8        512          0          0      53507   nnom_local.o
      6622         22       1024          0          0      43181   nnom_local_q15.o
       514          0          0          0          0       2350   nnom_maxpool.o
        92          6          0          0          0       1597   nnom_output.o
       172          0          0          0          0       1750   nnom_softmax.o
       684         38          0          0          0       5361   nnom_tensor.o
      1320         32        458          0          0       6237   ov2640.o
       568         10          0          0          0       2621   sccb.o
        36          8        392          0       1024        840   startup_stm32f40_41xxx.o
       308          4          0          0          0       3690   stm32f4xx_dcmi.o
       800         32          0          0          0       6985   stm32f4xx_dma.o
      1096          8         28          0          0       6194   stm32f4xx_fsmc.o
       568         46          0          0          0       4545   stm32f4xx_gpio.o
        18          0          0          0          0       1230   stm32f4xx_it.o
      1152         48          0         16          0      13372   stm32f4xx_rcc.o
      2524         52          0          0          0      23054   stm32f4xx_tim.o
       856         32          0          0          0       8208   stm32f4xx_usart.o
       380         36          0         20          0       1939   system_stm32f4xx.o
       184         16          0          1          0       1152   timer.o
       292         16          0          6        200       3394   usart.o

    ----------------------------------------------------------------------
     51732       1526      88970         88     121784     923012   Object Totals
         0          0         32          0          0          0   (incl. Generated)
        14          0         15          3          0          0   (incl. Padding)

    ----------------------------------------------------------------------

      Code (inc. data)   RO Data    RW Data    ZI Data      Debug   Library Member Name

         0          0          0          0          0          0   entry.o
         0          0          0          0          0          0   entry10a.o
         0          0          0          0          0          0   entry11a.o
         8          4          0          0          0          0   entry2.o
         4          0          0          0          0          0   entry5.o
         0          0          0          0          0          0   entry7b.o
         0          0          0          0          0          0   entry8b.o
         8          4          0          0          0          0   entry9a.o
        30          0          0          0          0          0   handlers.o
        36          8          0          0          0         68   init.o
         0          0          0          0          0          0   iusefp.o
        98          0          0          0          0         84   ldiv.o
        30          0          0          0          0         68   llshl.o
        36          0          0          0          0         68   llsshr.o
        32          0          0          0          0         68   llushr.o
        36          0          0          0          0         68   memcpya.o
        36          0          0          0          0        108   memseta.o
      2258         90          0          0          0        452   printfa.o
        44          0          0          0          0         80   uidiv.o
        98          0          0          0          0         92   uldiv.o
        48          0          0          0          0         68   cdrcmple.o
       334          0          0          0          0        148   dadd.o
       222          0          0          0          0        100   ddiv.o
       186          0          0          0          0        176   depilogue.o
        48          0          0          0          0         68   dfixul.o
       228          0          0          0          0         96   dmul.o

    ----------------------------------------------------------------------
      3822        106          0          0          0       1812   Library Totals
         2          0          0          0          0          0   (incl. Padding)

    ----------------------------------------------------------------------

      Code (inc. data)   RO Data    RW Data    ZI Data      Debug   Library Name

      2754        106          0          0          0       1156   mc_w.l
      1066          0          0          0          0        656   mf_w.l

    ----------------------------------------------------------------------
      3822        106          0          0          0       1812   Library Totals

    ----------------------------------------------------------------------

==============================================================================


      Code (inc. data)   RO Data    RW Data    ZI Data      Debug   

     55554       1632      88970         88     121784     916092   Grand Totals
     55554       1632      88970         88     121784     916092   ELF Image Totals
     55554       1632      88970         88          0          0   ROM Totals

==============================================================================

    Total RO  Size (Code + RO Data)               144524 ( 141.14kB)
    Total RW  Size (RW Data + ZI Data)            121872 ( 119.02kB)
    Total ROM Size (Code + RO Data + RW Data)     144612 ( 141.22kB)

==============================================================================

