Component: ARM Compiler 5.06 update 1 (build 61) Tool: armlink [4d35a8]

==============================================================================

Section Cross References

    main.o(.text) refers to _printf_percent.o(.ARM.Collect$$_printf_percent$$00000000) for _printf_percent
    main.o(.text) refers to _printf_s.o(.ARM.Collect$$_printf_percent$$00000014) for _printf_s
    main.o(.text) refers to _printf_str.o(.text) for _printf_str
    main.o(.text) refers to _printf_d.o(.ARM.Collect$$_printf_percent$$00000009) for _printf_d
    main.o(.text) refers to _printf_dec.o(.text) for _printf_int_dec
    main.o(.text) refers to stm32f4xx_dma.o(.text) for DMA_Cmd
    main.o(.text) refers to lcd.o(.text) for LCD_Clear
    main.o(.text) refers to noretval__2sprintf.o(.text) for __2sprintf
    main.o(.text) refers to ov2640.o(.text) for OV2640_JPEG_Mode
    main.o(.text) refers to dcmi.o(.text) for My_DCMI_Init
    main.o(.text) refers to stm32f4xx_usart.o(.text) for USART_GetFlagStatus
    main.o(.text) refers to delay.o(.text) for delay_ms
    main.o(.text) refers to main.o(.data) for .data
    main.o(.text) refers to lcd.o(.data) for POINT_COLOR
    main.o(.text) refers to main.o(.bss) for .bss
    main.o(.text) refers to main.o(.constdata) for .constdata
    main.o(.text) refers to key.o(.data) for Key_Flag
    main.o(.text) refers to lcd.o(.bss) for lcddev
    main.o(.text) refers to noretval__2printf.o(.text) for __2printf
    main.o(.text) refers to misc.o(.text) for NVIC_PriorityGroupConfig
    main.o(.text) refers to usart.o(.text) for uart_init
    main.o(.text) refers to usart2.o(.text) for usart2_init
    main.o(.text) refers to led.o(.text) for LED_Init
    main.o(.text) refers to key.o(.text) for KEY_Init
    main.o(.text) refers to timer.o(.text) for TIM3_Int_Init
    main.o(.text) refers to dcmi.o(.data) for ov_frame
    main.o(.text) refers to usmart_config.o(.data) for usmart_dev
    main.o(.data) refers to main.o(.conststring) for .conststring
    system_stm32f4xx.o(.text) refers to system_stm32f4xx.o(.data) for .data
    led.o(.text) refers to stm32f4xx_rcc.o(.text) for RCC_AHB1PeriphClockCmd
    led.o(.text) refers to stm32f4xx_gpio.o(.text) for GPIO_Init
    lcd.o(.text) refers to delay.o(.text) for delay_us
    lcd.o(.text) refers to lcd.o(.bss) for .bss
    lcd.o(.text) refers to stm32f4xx_rcc.o(.text) for RCC_AHB1PeriphClockCmd
    lcd.o(.text) refers to stm32f4xx_gpio.o(.text) for GPIO_Init
    lcd.o(.text) refers to lcd.o(.data) for .data
    lcd.o(.text) refers to stm32f4xx_fsmc.o(.text) for FSMC_NORSRAMInit
    lcd.o(.text) refers to lcd.o(.constdata) for .constdata
    key.o(.text) refers to stm32f4xx_rcc.o(.text) for RCC_AHB1PeriphClockCmd
    key.o(.text) refers to stm32f4xx_gpio.o(.text) for GPIO_Init
    key.o(.text) refers to key.o(.data) for .data
    dcmi.o(.text) refers to stm32f4xx_dcmi.o(.text) for DCMI_GetITStatus
    dcmi.o(.text) refers to main.o(.text) for jpeg_data_process
    dcmi.o(.text) refers to stm32f4xx_rcc.o(.text) for RCC_AHB1PeriphClockCmd
    dcmi.o(.text) refers to stm32f4xx_dma.o(.text) for DMA_DeInit
    dcmi.o(.text) refers to stm32f4xx_gpio.o(.text) for GPIO_Init
    dcmi.o(.text) refers to misc.o(.text) for NVIC_Init
    dcmi.o(.text) refers to lcd.o(.text) for LCD_SetCursor
    dcmi.o(.text) refers to ov2640.o(.text) for OV2640_OutSize_Set
    dcmi.o(.text) refers to dcmi.o(.data) for .data
    dcmi.o(.text) refers to dcmi.o(.bss) for .bss
    ov2640.o(.text) refers to _printf_percent.o(.ARM.Collect$$_printf_percent$$00000000) for _printf_percent
    ov2640.o(.text) refers to _printf_d.o(.ARM.Collect$$_printf_percent$$00000009) for _printf_d
    ov2640.o(.text) refers to _printf_dec.o(.text) for _printf_int_dec
    ov2640.o(.text) refers to stm32f4xx_rcc.o(.text) for RCC_AHB1PeriphClockCmd
    ov2640.o(.text) refers to stm32f4xx_gpio.o(.text) for GPIO_Init
    ov2640.o(.text) refers to delay.o(.text) for delay_ms
    ov2640.o(.text) refers to sccb.o(.text) for SCCB_Init
    ov2640.o(.text) refers to noretval__2printf.o(.text) for __2printf
    ov2640.o(.text) refers to ov2640.o(.constdata) for .constdata
    sccb.o(.text) refers to stm32f4xx_gpio.o(.text) for GPIO_Init
    sccb.o(.text) refers to stm32f4xx_rcc.o(.text) for RCC_AHB1PeriphClockCmd
    sccb.o(.text) refers to delay.o(.text) for delay_us
    usart2.o(.text) refers to stm32f4xx_rcc.o(.text) for RCC_AHB1PeriphClockCmd
    usart2.o(.text) refers to stm32f4xx_gpio.o(.text) for GPIO_Init
    usart2.o(.text) refers to stm32f4xx_usart.o(.text) for USART_Init
    timer.o(.text) refers to stm32f4xx_rcc.o(.text) for RCC_APB1PeriphClockCmd
    timer.o(.text) refers to stm32f4xx_tim.o(.text) for TIM_TimeBaseInit
    timer.o(.text) refers to misc.o(.text) for NVIC_Init
    timer.o(.text) refers to key.o(.text) for KEY_Scan
    timer.o(.text) refers to timer.o(.data) for .data
    timer.o(.text) refers to main.o(.data) for Com1SendFlag
[...]
    .ARM.Collect$$libinit$$00000000          0x0800025e   Section        2  libinit.o(.ARM.Collect$$libinit$$00000000)
    .ARM.Collect$$libinit$$00000001          0x08000260   Section        4  libinit2.o(.ARM.Collect$$libinit$$00000001)
    .ARM.Collect$$libinit$$00000004          0x08000264   Section        0  libinit2.o(.ARM.Collect$$libinit$$00000004)
    .ARM.Collect$$libinit$$0000000A          0x08000264   Section        0  libinit2.o(.ARM.Collect$$libinit$$0000000A)
    .ARM.Collect$$libinit$$0000000C          0x08000264   Section        0  libinit2.o(.ARM.Collect$$libinit$$0000000C)
    .ARM.Collect$$libinit$$0000000E          0x08000264   Section        0  libinit2.o(.ARM.Collect$$libinit$$0000000E)
    .ARM.Collect$$libinit$$00000011          0x08000264   Section        0  libinit2.o(.ARM.Collect$$libinit$$00000011)
    .ARM.Collect$$libinit$$00000013          0x08000264   Section        0  libinit2.o(.ARM.Collect$$libinit$$00000013)
    .ARM.Collect$$libinit$$00000015          0x08000264   Section        0  libinit2.o(.ARM.Collect$$libinit$$00000015)
    .ARM.Collect$$libinit$$00000017          0x08000264   Section        0  libinit2.o(.ARM.Collect$$libinit$$00000017)
    .ARM.Collect$$libinit$$00000019          0x08000264   Section        0  libinit2.o(.ARM.Collect$$libinit$$00000019)
    .ARM.Collect$$libinit$$0000001B          0x08000264   Section        0  libinit2.o(.ARM.Collect$$libinit$$0000001B)
    .ARM.Collect$$libinit$$0000001D          0x08000264   Section        0  libinit2.o(.ARM.Collect$$libinit$$0000001D)
    .ARM.Collect$$libinit$$0000001F          0x08000264   Section        0  libinit2.o(.ARM.Collect$$libinit$$0000001F)
    .ARM.Collect$$libinit$$00000021          0x08000264   Section        0  libinit2.o(.ARM.Collect$$libinit$$00000021)
    .ARM.Collect$$libinit$$00000023          0x08000264   Section        0  libinit2.o(.ARM.Collect$$libinit$$00000023)
    .ARM.Collect$$libinit$$00000025          0x08000264   Section        0  libinit2.o(.ARM.Collect$$libinit$$00000025)
    .ARM.Collect$$libinit$$0000002C          0x08000264   Section        0  libinit2.o(.ARM.Collect$$libinit$$0000002C)
    .ARM.Collect$$libinit$$0000002E          0x08000264   Section        0  libinit2.o(.ARM.Collect$$libinit$$0000002E)
    .ARM.Collect$$libinit$$00000030          0x08000264   Section        0  libinit2.o(.ARM.Collect$$libinit$$00000030)
    .ARM.Collect$$libinit$$00000032          0x08000264   Section        0  libinit2.o(.ARM.Collect$$libinit$$00000032)
    .ARM.Collect$$libinit$$00000033          0x08000264   Section        2  libinit2.o(.ARM.Collect$$libinit$$00000033)
    .ARM.Collect$$libshutdown$$00000000      0x08000266   Section        2  libshutdown.o(.ARM.Collect$$libshutdown$$00000000)
    .ARM.Collect$$libshutdown$$00000002      0x08000268   Section        0  libshutdown2.o(.ARM.Collect$$libshutdown$$00000002)
    .ARM.Collect$$libshutdown$$00000004      0x08000268   Section        0  libshutdown2.o(.ARM.Collect$$libshutdown$$00000004)
    .ARM.Collect$$libshutdown$$00000007      0x08000268   Section        0  libshutdown2.o(.ARM.Collect$$libshutdown$$00000007)
    .ARM.Collect$$libshutdown$$0000000A      0x08000268   Section        0  libshutdown2.o(.ARM.Collect$$libshutdown$$0000000A)
    .ARM.Collect$$libshutdown$$0000000C      0x08000268   Section        0  libshutdown2.o(.ARM.Collect$$libshutdown$$0000000C)
    .ARM.Collect$$libshutdown$$0000000F      0x08000268   Section        0  libshutdown2.o(.ARM.Collect$$libshutdown$$0000000F)
    .ARM.Collect$$libshutdown$$00000010      0x08000268   Section        2  libshutdown2.o(.ARM.Collect$$libshutdown$$00000010)
    .ARM.Collect$$rtentry$$00000000          0x0800026a   Section        0  __rtentry.o(.ARM.Collect$$rtentry$$00000000)
    .ARM.Collect$$rtentry$$00000002          0x0800026a   Section        0  __rtentry2.o(.ARM.Collect$$rtentry$$00000002)
    .ARM.Collect$$rtentry$$00000004          0x0800026a   Section        6  __rtentry4.o(.ARM.Collect$$rtentry$$00000004)
    .ARM.Collect$$rtentry$$00000009          0x08000270   Section        0  __rtentry2.o(.ARM.Collect$$rtentry$$00000009)
    .ARM.Collect$$rtentry$$0000000A          0x08000270   Section        4  __rtentry2.o(.ARM.Collect$$rtentry$$0000000A)
    .ARM.Collect$$rtentry$$0000000C          0x08000274   Section        0  __rtentry2.o(.ARM.Collect$$rtentry$$0000000C)
    .ARM.Collect$$rtentry$$0000000D          0x08000274   Section        8  __rtentry2.o(.ARM.Collect$$rtentry$$0000000D)
    .ARM.Collect$$rtexit$$00000000           0x0800027c   Section        2  rtexit.o(.ARM.Collect$$rtexit$$00000000)
    .ARM.Collect$$rtexit$$00000002           0x0800027e   Section        0  rtexit2.o(.ARM.Collect$$rtexit$$00000002)
    .ARM.Collect$$rtexit$$00000003           0x0800027e   Section        4  rtexit2.o(.ARM.Collect$$rtexit$$00000003)
    .ARM.Collect$$rtexit$$00000004           0x08000282   Section        6  rtexit2.o(.ARM.Collect$$rtexit$$00000004)
    .text                                    0x08000288   Section        0  main.o(.text)
    .text                                    0x080009d0   Section        0  stm32f4xx_it.o(.text)
    .text                                    0x080009e4   Section        0  system_stm32f4xx.o(.text)
    SetSysClock                              0x080009e5   Thumb Code   162  system_stm32f4xx.o(.text)
    .text                                    0x08000b60   Section        0  led.o(.text)
    .text                                    0x08000b9c   Section        0  lcd.o(.text)
    .text                                    0x08004da4   Section        0  key.o(.text)
    .text                                    0x08004ef4   Section        0  dcmi.o(.text)
    .text                                    0x0800518c   Section        0  ov2640.o(.text)
    .text                                    0x080056b8   Section        0  sccb.o(.text)
    .text                                    0x08005908   Section        0  usart2.o(.text)
    .text                                    0x0800598c   Section        0  timer.o(.text)
    .text                                    0x08005a44   Section        0  delay.o(.text)
    .text                                    0x08005afc   Section        0  usart.o(.text)
    .text                                    0x08005c20   Section       64  startup_stm32f40_41xxx.o(.text)
    $v0                                      0x08005c20   Number         0  startup_stm32f40_41xxx.o(.text)
    .text                                    0x08005c60   Section        0  misc.o(.text)
    .text                                    0x08005d10   Section        0  stm32f4xx_dcmi.o(.text)
    .text                                    0x08005e44   Section        0  stm32f4xx_gpio.o(.text)
    .text                                    0x08006050   Section        0  stm32f4xx_fsmc.o(.text)
    .text                                    0x08006498   Section        0  stm32f4xx_dma.o(.text)
    .text                                    0x080067b8   Section        0  stm32f4xx_rcc.o(.text)
    .text                                    0x08006c38   Section        0  stm32f4xx_usart.o(.text)
    .text                                    0x08006f90   Section        0  stm32f4xx_tim.o(.text)
    TI2_Config                               0x080075db   Thumb Code    54  stm32f4xx_tim.o(.text)
    TI1_Config                               0x0800793f   Thumb Code    46  stm32f4xx_tim.o(.text)
    .text                                    0x0800796c   Section        0  usmart.o(.text)
    .text                                    0x08008428   Section        0  usmart_str.o(.text)
    .text                                    0x08008848   Section        2  use_no_semi_2.o(.text)
    .text                                    0x0800884c   Section        0  noretval__2printf.o(.text)
    .text                                    0x08008864   Section        0  noretval__2sprintf.o(.text)
    .text                                    0x0800888c   Section        0  _printf_pad.o(.text)
    .text                                    0x080088da   Section        0  _printf_str.o(.text)
    .text                                    0x0800892c   Section        0  _printf_dec.o(.text)
    .text                                    0x080089a4   Section        0  _printf_hex_int.o(.text)
    .text                                    0x080089fc   Section        0  __printf_flags_ss_wp.o(.text)
    .text                                    0x08008b84   Section        0  heapauxi.o(.text)
    .text                                    0x08008b8a   Section        2  use_no_semi.o(.text)
    .text                                    0x08008b8c   Section        0  _printf_intcommon.o(.text)
    .text                                    0x08008c40   Section        0  _printf_char_common.o(.text)
    _printf_input_char                       0x08008c41   Thumb Code    10  _printf_char_common.o(.text)
    .text                                    0x08008c70   Section        0  _sputc.o(.text)
    .text                                    0x08008c7a   Section        0  _printf_char.o(.text)
    .text                                    0x08008ca8   Section        0  _printf_char_file.o(.text)
    .text                                    0x08008ccc   Section        0  ferror.o(.text)
    .text                                    0x08008cd4   Section       74  sys_stackheap_outer.o(.text)
    .text                                    0x08008d1e   Section        0  exit.o(.text)
    .text                                    0x08008d30   Section        8  libspace.o(.text)
    i._is_digit                              0x08008d38   Section        0  __printf_wp.o(i._is_digit)
    x$fpl$fpinit                             0x08008d46   Section       10  fpinit.o(x$fpl$fpinit)
    $v0                                      0x08008d46   Number         0  fpinit.o(x$fpl$fpinit)
    .constdata                               0x08008d50   Section       36  main.o(.constdata)
    .constdata                               0x08008d74   Section     6080  lcd.o(.constdata)
    .constdata                               0x0800a534   Section      454  ov2640.o(.constdata)
    OV2640_AUTOEXPOSURE_LEVEL                0x0800a6d2   Data          40  ov2640.o(.constdata)
    .constdata                               0x0800a6fc   Section       28  stm32f4xx_fsmc.o(.constdata)
    .constdata                               0x0800a718   Section       40  _printf_hex_int.o(.constdata)
    uc_hextab                                0x0800a718   Data          20  _printf_hex_int.o(.constdata)
    lc_hextab                                0x0800a72c   Data          20  _printf_hex_int.o(.constdata)
    .constdata                               0x0800a740   Section       17  __printf_flags_ss_wp.o(.constdata)
    maptable                                 0x0800a740   Data          17  __printf_flags_ss_wp.o(.constdata)
    .conststring                             0x0800a754   Section      119  main.o(.conststring)
    .conststring                             0x0800a7cc   Section       40  usmart.o(.conststring)
    .conststring                             0x0800a7f4   Section      785  usmart_config.o(.conststring)
    .data                                    0x20000000   Section       72  main.o(.data)
    .data                                    0x20000048   Section       20  system_stm32f4xx.o(.data)
    .data                                    0x2000005c   Section        4  lcd.o(.data)
    .data                                    0x20000060   Section       14  key.o(.data)
    .data                                    0x2000006e   Section        1  dcmi.o(.data)
    .data                                    0x2000006f   Section        1  timer.o(.data)
    .data                                    0x20000070   Section        4  delay.o(.data)
    fac_us                                   0x20000070   Data           1  delay.o(.data)
    fac_ms                                   0x20000072   Data           2  delay.o(.data)
    .data                                    0x20000074   Section        2  usart.o(.data)
    .data                                    0x20000078   Section        4  usart.o(.data)
    .data                                    0x2000007c   Section       16  stm32f4xx_rcc.o(.data)
    APBAHBPrescTable                         0x2000007c   Data          16  stm32f4xx_rcc.o(.data)
    .data                                    0x2000008c   Section       28  usmart.o(.data)
    .data                                    0x200000a8   Section      168  usmart_config.o(.data)
    .data                                    0x20000150   Section      244  usmart_config.o(.data)
    .bss                                     0x20000244   Section    126976  main.o(.bss)
    .bss                                     0x2001f244   Section       14  lcd.o(.bss)
    .bss                                     0x2001f252   Section       14  dcmi.o(.bss)
    .bss                                     0x2001f260   Section      200  usart.o(.bss)
    .bss                                     0x2001f328   Section       96  libspace.o(.bss)
    HEAP                                     0x2001f388   Section      512  startup_stm32f40_41xxx.o(HEAP)
    Heap_Mem                                 0x2001f388   Data         512  startup_stm32f40_41xxx.o(HEAP)
    STACK                                    0x2001f588   Section     1024  startup_stm32f40_41xxx.o(STACK)
    Stack_Mem                                0x2001f588   Data        1024  startup_stm32f40_41xxx.o(STACK)
    __initial_sp                             0x2001f988   Data           0  startup_stm32f40_41xxx.o(STACK)

    Global Symbols

    Symbol Name                              Value     Ov Type        Size  Object(Section)

    BuildAttributes$$THM_ISAv4$E$P$D$K$B$S$7EM$VFPi3$EXTD16$VFPS$VFMA$PE$A:L22UL41UL21$X:L11$S22US41US21$IEEE1$IW$USESV6$~STKCKD$USESV7$~SHL$OSPACE$ROPI$EBA8$UX$STANDARDLIB$REQ8$PRES8$EABIv2 0x00000000   Number         0  anon$$obj.o ABSOLUTE
    __ARM_use_no_argv                        0x00000000   Number         0  main.o ABSOLUTE
    _printf_flags                            0x00000000   Number         0  printf_stubs.o ABSOLUTE
    _printf_return_value                     0x00000000   Number         0  printf_stubs.o ABSOLUTE
    _printf_sizespec                         0x00000000   Number         0  printf_stubs.o ABSOLUTE
    _printf_widthprec                        0x00000000   Number         0  printf_stubs.o ABSOLUTE
    __ARM_exceptions_init                     - Undefined Weak Reference
    __alloca_initialize                       - Undefined Weak Reference
    __arm_preinit_                            - Undefined Weak Reference
    __cpp_initialize__aeabi_                  - Undefined Weak Reference
    __cxa_finalize                            - Undefined Weak Reference
    __rt_locale                               - Undefined Weak Reference
    __sigvec_lookup                           - Undefined Weak Reference
    _atexit_init                              - Undefined Weak Reference
    _call_atexit_fns                          - Undefined Weak Reference
    _clock_init                               - Undefined Weak Reference
    _fp_trap_init                             - Undefined Weak Reference
    _fp_trap_shutdown                         - Undefined Weak Reference
    _get_lc_collate                           - Undefined Weak Reference
    _get_lc_ctype                             - Undefined Weak Reference
    _get_lc_monetary                          - Undefined Weak Reference
    _get_lc_numeric                           - Undefined Weak Reference
    _get_lc_time                              - Undefined Weak Reference
    _getenv_init                              - Undefined Weak Reference
    _handle_redirection                       - Undefined Weak Reference
    _init_alloc                               - Undefined Weak Reference
    _init_user_alloc                          - Undefined Weak Reference
    _initio                                   - Undefined Weak Reference
    _mutex_acquire                            - Undefined Weak Reference
    _mutex_release                            - Undefined Weak Reference
    _printf_mbtowc                            - Undefined Weak Reference
    _printf_truncate_signed                   - Undefined Weak Reference
    _printf_truncate_unsigned                 - Undefined Weak Reference
    _rand_init                                - Undefined Weak Reference
    _signal_finish                            - Undefined Weak Reference
    _signal_init                              - Undefined Weak Reference
    _terminate_alloc                          - Undefined Weak Reference
    _terminate_user_alloc                     - Undefined Weak Reference
    _terminateio                              - Undefined Weak Reference
    __Vectors_Size                           0x00000188   Number         0  startup_stm32f40_41xxx.o ABSOLUTE
    __Vectors                                0x08000000   Data           4  startup_stm32f40_41xxx.o(RESET)
    __Vectors_End                            0x08000188   Data           0  startup_stm32f40_41xxx.o(RESET)
    __main                                   0x08000189   Thumb Code     8  __main.o(!!!main)
    __scatterload                            0x08000191   Thumb Code     0  __scatter.o(!!!scatter)
    __scatterload_rt2                        0x08000191   Thumb Code    44  __scatter.o(!!!scatter)
    __scatterload_rt2_thumb_only             0x08000191   Thumb Code     0  __scatter.o(!!!scatter)
    __scatterload_null                       0x0800019f   Thumb Code     0  __scatter.o(!!!scatter)
    __decompress                             0x080001c5   Thumb Code    90  __dczerorl2.o(!!dczerorl2)
    __decompress1                            0x080001c5   Thumb Code     0  __dczerorl2.o(!!dczerorl2)
    __scatterload_zeroinit                   0x08000221   Thumb Code    28  __scatter_zi.o(!!handler_zi)
    _printf_d                                0x0800023d   Thumb Code     0  _printf_d.o(.ARM.Collect$$_printf_percent$$00000009)
    _printf_percent                          0x0800023d   Thumb Code     0  _printf_percent.o(.ARM.Collect$$_printf_percent$$00000000)
    _printf_u                                0x08000243   Thumb Code     0  _printf_u.o(.ARM.Collect$$_printf_percent$$0000000A)
    _printf_x                                0x08000249   Thumb Code     0  _printf_x.o(.ARM.Collect$$_printf_percent$$0000000C)
    _printf_c                                0x0800024f   Thumb Code     0  _printf_c.o(.ARM.Collect$$_printf_percent$$00000013)
    _printf_s                                0x08000255   Thumb Code     0  _printf_s.o(.ARM.Collect$$_printf_percent$$00000014)
    _printf_percent_end                      0x0800025b   Thumb Code     0  _printf_percent_end.o(.ARM.Collect$$_printf_percent$$00000017)
    __rt_lib_init                            0x0800025f   Thumb Code     0  libinit.o(.ARM.Collect$$libinit$$00000000)
    __rt_lib_init_fp_1                       0x08000261   Thumb Code     0  libinit2.o(.ARM.Collect$$libinit$$00000001)
    __rt_lib_init_alloca_1                   0x08000265   Thumb Code     0  libinit2.o(.ARM.Collect$$libinit$$0000002E)
    __rt_lib_init_argv_1                     0x08000265   Thumb Code     0  libinit2.o(.ARM.Collect$$libinit$$0000002C)
    __rt_lib_init_atexit_1                   0x08000265   Thumb Code     0  libinit2.o(.ARM.Collect$$libinit$$0000001B)
    __rt_lib_init_clock_1                    0x08000265   Thumb Code     0  libinit2.o(.ARM.Collect$$libinit$$00000021)
    __rt_lib_init_cpp_1                      0x08000265   Thumb Code     0  libinit2.o(.ARM.Collect$$libinit$$00000032)
    __rt_lib_init_exceptions_1               0x08000265   Thumb Code     0  libinit2.o(.ARM.Collect$$libinit$$00000030)
    __rt_lib_init_fp_trap_1                  0x08000265   Thumb Code     0  libinit2.o(.ARM.Collect$$libinit$$0000001F)
    __rt_lib_init_getenv_1                   0x08000265   Thumb Code     0  libinit2.o(.ARM.Collect$$libinit$$00000023)
    __rt_lib_init_heap_1                     0x08000265   Thumb Code     0  libinit2.o(.ARM.Collect$$libinit$$0000000A)
    __rt_lib_init_lc_collate_1               0x08000265   Thumb Code     0  libinit2.o(.ARM.Collect$$libinit$$00000011)
    __rt_lib_init_lc_ctype_1                 0x08000265   Thumb Code     0  libinit2.o(.ARM.Collect$$libinit$$00000013)
    __rt_lib_init_lc_monetary_1              0x08000265   Thumb Code     0  libinit2.o(.ARM.Collect$$libinit$$00000015)
    __rt_lib_init_lc_numeric_1               0x08000265   Thumb Code     0  libinit2.o(.ARM.Collect$$libinit$$00000017)
    __rt_lib_init_lc_time_1                  0x08000265   Thumb Code     0  libinit2.o(.ARM.Collect$$libinit$$00000019)
    __rt_lib_init_preinit_1                  0x08000265   Thumb Code     0  libinit2.o(.ARM.Collect$$libinit$$00000004)
    __rt_lib_init_rand_1                     0x08000265   Thumb Code     0  libinit2.o(.ARM.Collect$$libinit$$0000000E)
    __rt_lib_init_return                     0x08000265   Thumb Code     0  libinit2.o(.ARM.Collect$$libinit$$00000033)
    __rt_lib_init_signal_1                   0x08000265   Thumb Code     0  libinit2.o(.ARM.Collect$$libinit$$0000001D)
    __rt_lib_init_stdio_1                    0x08000265   Thumb Code     0  libinit2.o(.ARM.Collect$$libinit$$00000025)
    __rt_lib_init_user_alloc_1               0x08000265   Thumb Code     0  libinit2.o(.ARM.Collect$$libinit$$0000000C)
    __rt_lib_shutdown                        0x08000267   Thumb Code     0  libshutdown.o(.ARM.Collect$$libshutdown$$00000000)
    __rt_lib_shutdown_cpp_1                  0x08000269   Thumb Code     0  libshutdown2.o(.ARM.Collect$$libshutdown$$00000002)
    __rt_lib_shutdown_fp_trap_1              0x08000269   Thumb Code     0  libshutdown2.o(.ARM.Collect$$libshutdown$$00000007)
    __rt_lib_shutdown_heap_1                 0x08000269   Thumb Code     0  libshutdown2.o(.ARM.Collect$$libshutdown$$0000000F)
    __rt_lib_shutdown_return                 0x08000269   Thumb Code     0  libshutdown2.o(.ARM.Collect$$libshutdown$$00000010)
    __rt_lib_shutdown_signal_1               0x08000269   Thumb Code     0  libshutdown2.o(.ARM.Collect$$libshutdown$$0000000A)
    __rt_lib_shutdown_stdio_1                0x08000269   Thumb Code     0  libshutdown2.o(.ARM.Collect$$libshutdown$$00000004)
    __rt_lib_shutdown_user_alloc_1           0x08000269   Thumb Code     0  libshutdown2.o(.ARM.Collect$$libshutdown$$0000000C)
    __rt_entry                               0x0800026b   Thumb Code     0  __rtentry.o(.ARM.Collect$$rtentry$$00000000)
    __rt_entry_presh_1                       0x0800026b   Thumb Code     0  __rtentry2.o(.ARM.Collect$$rtentry$$00000002)
    __rt_entry_sh                            0x0800026b   Thumb Code     0  __rtentry4.o(.ARM.Collect$$rtentry$$00000004)
    __rt_entry_li                            0x08000271   Thumb Code     0  __rtentry2.o(.ARM.Collect$$rtentry$$0000000A)
    __rt_entry_postsh_1                      0x08000271   Thumb Code     0  __rtentry2.o(.ARM.Collect$$rtentry$$00000009)
    __rt_entry_main                          0x08000275   Thumb Code     0  __rtentry2.o(.ARM.Collect$$rtentry$$0000000D)
    __rt_entry_postli_1                      0x08000275   Thumb Code     0  __rtentry2.o(.ARM.Collect$$rtentry$$0000000C)
    __rt_exit                                0x0800027d   Thumb Code     0  rtexit.o(.ARM.Collect$$rtexit$$00000000)
    __rt_exit_ls                             0x0800027f   Thumb Code     0  rtexit2.o(.ARM.Collect$$rtexit$$00000003)
    __rt_exit_prels_1                        0x0800027f   Thumb Code     0  rtexit2.o(.ARM.Collect$$rtexit$$00000002)
    __rt_exit_exit                           0x08000283   Thumb Code     0  rtexit2.o(.ARM.Collect$$rtexit$$00000004)
    jpeg_data_process                        0x08000289   Thumb Code    86  main.o(.text)
    jpeg_test                                0x080002df   Thumb Code   544  main.o(.text)
    rgb565_test                              0x080004ff   Thumb Code   792  main.o(.text)
    main                                     0x08000817   Thumb Code   306  main.o(.text)
    NMI_Handler                              0x080009d1   Thumb Code     2  stm32f4xx_it.o(.text)
    HardFault_Handler                        0x080009d3   Thumb Code     2  stm32f4xx_it.o(.text)
    MemManage_Handler                        0x080009d5   Thumb Code     2  stm32f4xx_it.o(.text)
    BusFault_Handler                         0x080009d7   Thumb Code     2  stm32f4xx_it.o(.text)
    UsageFault_Handler                       0x080009d9   Thumb Code     2  stm32f4xx_it.o(.text)
    SVC_Handler                              0x080009db   Thumb Code     2  stm32f4xx_it.o(.text)
    DebugMon_Handler                         0x080009dd   Thumb Code     2  stm32f4xx_it.o(.text)
    PendSV_Handler                           0x080009df   Thumb Code     2  stm32f4xx_it.o(.text)
    SysTick_Handler                          0x080009e1   Thumb Code     2  stm32f4xx_it.o(.text)
    SystemInit                               0x08000a87   Thumb Code    74  system_stm32f4xx.o(.text)
    SystemCoreClockUpdate                    0x08000ad1   Thumb Code   108  system_stm32f4xx.o(.text)
    LED_Init                                 0x08000b61   Thumb Code    56  led.o(.text)
    LCD_WR_REG                               0x08000b9d   Thumb Code    20  lcd.o(.text)
    LCD_WR_DATA                              0x08000bb1   Thumb Code    22  lcd.o(.text)
    LCD_RD_DATA                              0x08000bc7   Thumb Code    18  lcd.o(.text)
    LCD_WriteReg                             0x08000bd9   Thumb Code    20  lcd.o(.text)
    LCD_ReadReg                              0x08000bed   Thumb Code    22  lcd.o(.text)
    LCD_WriteRAM_Prepare                     0x08000c03   Thumb Code    10  lcd.o(.text)
    LCD_WriteRAM                             0x08000c0d   Thumb Code     8  lcd.o(.text)
    LCD_BGR2RGB                              0x08000c15   Thumb Code    18  lcd.o(.text)
    opt_delay                                0x08000c27   Thumb Code     8  lcd.o(.text)
    LCD_SetCursor                            0x08000c2f   Thumb Code   204  lcd.o(.text)
    LCD_ReadPoint                            0x08000cfb   Thumb Code   288  lcd.o(.text)
    LCD_DisplayOn                            0x08000e1b   Thumb Code    52  lcd.o(.text)
    LCD_DisplayOff                           0x08000e4f   Thumb Code    50  lcd.o(.text)
    LCD_Scan_Dir                             0x08000e81   Thumb Code   520  lcd.o(.text)
    LCD_DrawPoint                            0x08001089   Thumb Code    20  lcd.o(.text)
    LCD_Fast_DrawPoint                       0x0800109d   Thumb Code   206  lcd.o(.text)
    LCD_Display_Dir                          0x0800116b   Thumb Code   256  lcd.o(.text)
    LCD_Set_Window                           0x0800126b   Thumb Code   362  lcd.o(.text)
    LCD_Clear                                0x080013d5   Thumb Code   100  lcd.o(.text)
    LCD_Init                                 0x08001439   Thumb Code 13540  lcd.o(.text)
    LCD_Fill                                 0x0800491d   Thumb Code   132  lcd.o(.text)
    LCD_Color_Fill                           0x080049a1   Thumb Code    84  lcd.o(.text)
    LCD_DrawLine                             0x080049f5   Thumb Code   150  lcd.o(.text)
    LCD_DrawRectangle                        0x08004a8b   Thumb Code    54  lcd.o(.text)
    LCD_Draw_Circle                          0x08004ac1   Thumb Code   176  lcd.o(.text)
    LCD_ShowChar                             0x08004b71   Thumb Code   198  lcd.o(.text)
    LCD_Pow                                  0x08004c37   Thumb Code    16  lcd.o(.text)
    LCD_ShowNum                              0x08004c47   Thumb Code   116  lcd.o(.text)
    LCD_ShowxNum                             0x08004cbb   Thumb Code   130  lcd.o(.text)
    LCD_ShowString                           0x08004d3d   Thumb Code    82  lcd.o(.text)
    KEY_Init                                 0x08004da5   Thumb Code    58  key.o(.text)
    KEY_Scan                                 0x08004ddf   Thumb Code   264  key.o(.text)
    DCMI_IRQHandler                          0x08004ef5   Thumb Code    50  dcmi.o(.text)
    DCMI_DMA_Init                            0x08004f27   Thumb Code   104  dcmi.o(.text)
    My_DCMI_Init                             0x08004f8f   Thumb Code   282  dcmi.o(.text)
    DCMI_Start                               0x080050a9   Thumb Code    32  dcmi.o(.text)
    DCMI_Stop                                0x080050c9   Thumb Code    28  dcmi.o(.text)
    DCMI_Set_Window                          0x080050e5   Thumb Code    74  dcmi.o(.text)
    DCMI_CR_Set                              0x0800512f   Thumb Code    58  dcmi.o(.text)
    OV2640_Init                              0x0800518d   Thumb Code   242  ov2640.o(.text)
    OV2640_JPEG_Mode                         0x0800527f   Thumb Code    58  ov2640.o(.text)
    OV2640_RGB565_Mode                       0x080052b9   Thumb Code    32  ov2640.o(.text)
    OV2640_Auto_Exposure                     0x080052d9   Thumb Code    36  ov2640.o(.text)
    OV2640_Light_Mode                        0x080052fd   Thumb Code   100  ov2640.o(.text)
    OV2640_Color_Saturation                  0x08005361   Thumb Code    64  ov2640.o(.text)
    OV2640_Brightness                        0x080053a1   Thumb Code    58  ov2640.o(.text)
    OV2640_Contrast                          0x080053db   Thumb Code   112  ov2640.o(.text)
    OV2640_Special_Effects                   0x0800544b   Thumb Code   112  ov2640.o(.text)
    OV2640_Color_Bar                         0x080054bb   Thumb Code    38  ov2640.o(.text)
    OV2640_Window_Set                        0x080054e1   Thumb Code   124  ov2640.o(.text)
    OV2640_OutSize_Set                       0x0800555d   Thumb Code   132  ov2640.o(.text)
    OV2640_ImageWin_Set                      0x080055e1   Thumb Code   136  ov2640.o(.text)
    OV2640_ImageSize_Set                     0x08005669   Thumb Code    78  ov2640.o(.text)
    SCCB_SDA_OUT                             0x080056b9   Thumb Code    40  sccb.o(.text)
    SCCB_SDA_IN                              0x080056e1   Thumb Code    36  sccb.o(.text)
    SCCB_Init                                0x08005705   Thumb Code    62  sccb.o(.text)
    SCCB_Start                               0x08005743   Thumb Code    38  sccb.o(.text)
    SCCB_Stop                                0x08005769   Thumb Code    42  sccb.o(.text)
    SCCB_No_Ack                              0x08005793   Thumb Code    52  sccb.o(.text)
    SCCB_WR_Byte                             0x080057c7   Thumb Code   106  sccb.o(.text)
    SCCB_RD_Byte                             0x08005831   Thumb Code    68  sccb.o(.text)
    SCCB_WR_Reg                              0x08005875   Thumb Code    62  sccb.o(.text)
    SCCB_RD_Reg                              0x080058b3   Thumb Code    76  sccb.o(.text)
    usart2_init                              0x08005909   Thumb Code   124  usart2.o(.text)
    TIM3_Int_Init                            0x0800598d   Thumb Code    88  timer.o(.text)
    TIM3_IRQHandler                          0x080059e5   Thumb Code    80  timer.o(.text)
    delay_init                               0x08005a45   Thumb Code    38  delay.o(.text)
    delay_us                                 0x08005a6b   Thumb Code    46  delay.o(.text)
    delay_xms                                0x08005a99   Thumb Code    46  delay.o(.text)
    delay_ms                                 0x08005ac7   Thumb Code    50  delay.o(.text)
    _sys_exit                                0x08005afd   Thumb Code     2  usart.o(.text)
    fputc                                    0x08005aff   Thumb Code    14  usart.o(.text)
    uart_init                                0x08005b0d   Thumb Code   172  usart.o(.text)
    USART1_IRQHandler                        0x08005bb9   Thumb Code    88  usart.o(.text)
    Reset_Handler                            0x08005c21   Thumb Code     8  startup_stm32f40_41xxx.o(.text)
    ADC_IRQHandler                           0x08005c3b   Thumb Code     0  startup_stm32f40_41xxx.o(.text)
    CAN1_RX0_IRQHandler                      0x08005c3b   Thumb Code     0  startup_stm32f40_41xxx.o(.text)
    CAN1_RX1_IRQHandler                      0x08005c3b   Thumb Code     0  startup_stm32f40_41xxx.o(.text)
    CAN1_SCE_IRQHandler                      0x08005c3b   Thumb Code     0  startup_stm32f40_41xxx.o(.text)
    CAN1_TX_IRQHandler                       0x08005c3b   Thumb Code     0  startup_stm32f40_41xxx.o(.text)
    CAN2_RX0_IRQHandler                      0x08005c3b   Thumb Code     0  startup_stm32f40_41xxx.o(.text)
    CAN2_RX1_IRQHandler                      0x08005c3b   Thumb Code     0  startup_stm32f40_41xxx.o(.text)
    CAN2_SCE_IRQHandler                      0x08005c3b   Thumb Code     0  startup_stm32f40_41xxx.o(.text)
    CAN2_TX_IRQHandler                       0x08005c3b   Thumb Code     0  startup_stm32f40_41xxx.o(.text)
    CRYP_IRQHandler                          0x08005c3b   Thumb Code     0  startup_stm32f40_41xxx.o(.text)
    DMA1_Stream0_IRQHandler                  0x08005c3b   Thumb Code     0  startup_stm32f40_41xxx.o(.text)
    DMA1_Stream1_IRQHandler                  0x08005c3b   Thumb Code     0  startup_stm32f40_41xxx.o(.text)
    DMA1_Stream2_IRQHandler                  0x08005c3b   Thumb Code     0  startup_stm32f40_41xxx.o(.text)
    DMA1_Stream3_IRQHandler                  0x08005c3b   Thumb Code     0  startup_stm32f40_41xxx.o(.text)
    DMA1_Stream4_IRQHandler                  0x08005c3b   Thumb Code     0  startup_stm32f40_41xxx.o(.text)
    DMA1_Stream5_IRQHandler                  0x08005c3b   Thumb Code     0  startup_stm32f40_41xxx.o(.text)
    DMA1_Stream6_IRQHandler                  0x08005c3b   Thumb Code     0  startup_stm32f40_41xxx.o(.text)
    DMA1_Stream7_IRQHandler                  0x08005c3b   Thumb Code     0  startup_stm32f40_41xxx.o(.text)
    DMA2_Stream0_IRQHandler                  0x08005c3b   Thumb Code     0  startup_stm32f40_41xxx.o(.text)
    DMA2_Stream1_IRQHandler                  0x08005c3b   Thumb Code     0  startup_stm32f40_41xxx.o(.text)
    DMA2_Stream2_IRQHandler                  0x08005c3b   Thumb Code     0  startup_stm32f40_41xxx.o(.text)
    DMA2_Stream3_IRQHandler                  0x08005c3b   Thumb Code     0  startup_stm32f40_41xxx.o(.text)
    DMA2_Stream4_IRQHandler                  0x08005c3b   Thumb Code     0  startup_stm32f40_41xxx.o(.text)
    DMA2_Stream5_IRQHandler                  0x08005c3b   Thumb Code     0  startup_stm32f40_41xxx.o(.text)
    DMA2_Stream6_IRQHandler                  0x08005c3b   Thumb Code     0  startup_stm32f40_41xxx.o(.text)
    DMA2_Stream7_IRQHandler                  0x08005c3b   Thumb Code     0  startup_stm32f40_41xxx.o(.text)
    ETH_IRQHandler                           0x08005c3b   Thumb Code     0  startup_stm32f40_41xxx.o(.text)
    ETH_WKUP_IRQHandler                      0x08005c3b   Thumb Code     0  startup_stm32f40_41xxx.o(.text)
    EXTI0_IRQHandler                         0x08005c3b   Thumb Code     0  startup_stm32f40_41xxx.o(.text)
    EXTI15_10_IRQHandler                     0x08005c3b   Thumb Code     0  startup_stm32f40_41xxx.o(.text)
    EXTI1_IRQHandler                         0x08005c3b   Thumb Code     0  startup_stm32f40_41xxx.o(.text)
    EXTI2_IRQHandler                         0x08005c3b   Thumb Code     0  startup_stm32f40_41xxx.o(.text)
    EXTI3_IRQHandler                         0x08005c3b   Thumb Code     0  startup_stm32f40_41xxx.o(.text)
    EXTI4_IRQHandler                         0x08005c3b   Thumb Code     0  startup_stm32f40_41xxx.o(.text)
    EXTI9_5_IRQHandler                       0x08005c3b   Thumb Code     0  startup_stm32f40_41xxx.o(.text)
    FLASH_IRQHandler                         0x08005c3b   Thumb Code     0  startup_stm32f40_41xxx.o(.text)
    FPU_IRQHandler                           0x08005c3b   Thumb Code     0  startup_stm32f40_41xxx.o(.text)
    FSMC_IRQHandler                          0x08005c3b   Thumb Code     0  startup_stm32f40_41xxx.o(.text)
    HASH_RNG_IRQHandler                      0x08005c3b   Thumb Code     0  startup_stm32f40_41xxx.o(.text)
    I2C1_ER_IRQHandler                       0x08005c3b   Thumb Code     0  startup_stm32f40_41xxx.o(.text)
    I2C1_EV_IRQHandler                       0x08005c3b   Thumb Code     0  startup_stm32f40_41xxx.o(.text)
    I2C2_ER_IRQHandler                       0x08005c3b   Thumb Code     0  startup_stm32f40_41xxx.o(.text)
    I2C2_EV_IRQHandler                       0x08005c3b   Thumb Code     0  startup_stm32f40_41xxx.o(.text)
    I2C3_ER_IRQHandler                       0x08005c3b   Thumb Code     0  startup_stm32f40_41xxx.o(.text)
    I2C3_EV_IRQHandler                       0x08005c3b   Thumb Code     0  startup_stm32f40_41xxx.o(.text)
    OTG_FS_IRQHandler                        0x08005c3b   Thumb Code     0  startup_stm32f40_41xxx.o(.text)
    OTG_FS_WKUP_IRQHandler                   0x08005c3b   Thumb Code     0  startup_stm32f40_41xxx.o(.text)
    OTG_HS_EP1_IN_IRQHandler                 0x08005c3b   Thumb Code     0  startup_stm32f40_41xxx.o(.text)
    OTG_HS_EP1_OUT_IRQHandler                0x08005c3b   Thumb Code     0  startup_stm32f40_41xxx.o(.text)
    OTG_HS_IRQHandler                        0x08005c3b   Thumb Code     0  startup_stm32f40_41xxx.o(.text)
    OTG_HS_WKUP_IRQHandler                   0x08005c3b   Thumb Code     0  startup_stm32f40_41xxx.o(.text)
    PVD_IRQHandler                           0x08005c3b   Thumb Code     0  startup_stm32f40_41xxx.o(.text)
    RCC_IRQHandler                           0x08005c3b   Thumb Code     0  startup_stm32f40_41xxx.o(.text)
    RTC_Alarm_IRQHandler                     0x08005c3b   Thumb Code     0  startup_stm32f40_41xxx.o(.text)
    RTC_WKUP_IRQHandler                      0x08005c3b   Thumb Code     0  startup_stm32f40_41xxx.o(.text)
    SDIO_IRQHandler                          0x08005c3b   Thumb Code     0  startup_stm32f40_41xxx.o(.text)
    SPI1_IRQHandler                          0x08005c3b   Thumb Code     0  startup_stm32f40_41xxx.o(.text)
    SPI2_IRQHandler                          0x08005c3b   Thumb Code     0  startup_stm32f40_41xxx.o(.text)
    SPI3_IRQHandler                          0x08005c3b   Thumb Code     0  startup_stm32f40_41xxx.o(.text)
    TAMP_STAMP_IRQHandler                    0x08005c3b   Thumb Code     0  startup_stm32f40_41xxx.o(.text)
    TIM1_BRK_TIM9_IRQHandler                 0x08005c3b   Thumb Code     0  startup_stm32f40_41xxx.o(.text)
    TIM1_CC_IRQHandler                       0x08005c3b   Thumb Code     0  startup_stm32f40_41xxx.o(.text)
    TIM1_TRG_COM_TIM11_IRQHandler            0x08005c3b   Thumb Code     0  startup_stm32f40_41xxx.o(.text)
    TIM1_UP_TIM10_IRQHandler                 0x08005c3b   Thumb Code     0  startup_stm32f40_41xxx.o(.text)
    TIM2_IRQHandler                          0x08005c3b   Thumb Code     0  startup_stm32f40_41xxx.o(.text)
    TIM5_IRQHandler                          0x08005c3b   Thumb Code     0  startup_stm32f40_41xxx.o(.text)
    TIM6_DAC_IRQHandler                      0x08005c3b   Thumb Code     0  startup_stm32f40_41xxx.o(.text)
    TIM7_IRQHandler                          0x08005c3b   Thumb Code     0  startup_stm32f40_41xxx.o(.text)
    TIM8_BRK_TIM12_IRQHandler                0x08005c3b   Thumb Code     0  startup_stm32f40_41xxx.o(.text)
    TIM8_CC_IRQHandler                       0x08005c3b   Thumb Code     0  startup_stm32f40_41xxx.o(.text)
    TIM8_TRG_COM_TIM14_IRQHandler            0x08005c3b   Thumb Code     0  startup_stm32f40_41xxx.o(.text)
    TIM8_UP_TIM13_IRQHandler                 0x08005c3b   Thumb Code     0  startup_stm32f40_41xxx.o(.text)
    UART4_IRQHandler                         0x08005c3b   Thumb Code     0  startup_stm32f40_41xxx.o(.text)
    UART5_IRQHandler                         0x08005c3b   Thumb Code     0  startup_stm32f40_41xxx.o(.text)
    USART2_IRQHandler                        0x08005c3b   Thumb Code     0  startup_stm32f40_41xxx.o(.text)
    USART3_IRQHandler                        0x08005c3b   Thumb Code     0  startup_stm32f40_41xxx.o(.text)
    USART6_IRQHandler                        0x08005c3b   Thumb Code     0  startup_stm32f40_41xxx.o(.text)
    WWDG_IRQHandler                          0x08005c3b   Thumb Code     0  startup_stm32f40_41xxx.o(.text)
    __user_initial_stackheap                 0x08005c3d   Thumb Code     0  startup_stm32f40_41xxx.o(.text)
    NVIC_PriorityGroupConfig                 0x08005c61   Thumb Code    10  misc.o(.text)
    NVIC_Init                                0x08005c6b   Thumb Code    96  misc.o(.text)
    NVIC_SetVectorTable                      0x08005ccb   Thumb Code    14  misc.o(.text)
    NVIC_SystemLPConfig                      0x08005cd9   Thumb Code    20  misc.o(.text)
    SysTick_CLKSourceConfig                  0x08005ced   Thumb Code    24  misc.o(.text)
    DCMI_DeInit                              0x08005d11   Thumb Code    22  stm32f4xx_dcmi.o(.text)
    DCMI_Init                                0x08005d27   Thumb Code    54  stm32f4xx_dcmi.o(.text)
    DCMI_StructInit                          0x08005d5d   Thumb Code    18  stm32f4xx_dcmi.o(.text)
    DCMI_CROPConfig                          0x08005d6f   Thumb Code    20  stm32f4xx_dcmi.o(.text)
    DCMI_CROPCmd                             0x08005d83   Thumb Code    22  stm32f4xx_dcmi.o(.text)
    DCMI_SetEmbeddedSynchroCodes             0x08005d99   Thumb Code    14  stm32f4xx_dcmi.o(.text)
    DCMI_JPEGCmd                             0x08005da7   Thumb Code    22  stm32f4xx_dcmi.o(.text)
    DCMI_Cmd                                 0x08005dbd   Thumb Code    22  stm32f4xx_dcmi.o(.text)
    DCMI_CaptureCmd                          0x08005dd3   Thumb Code    22  stm32f4xx_dcmi.o(.text)
    DCMI_ReadData                            0x08005de9   Thumb Code     6  stm32f4xx_dcmi.o(.text)
    DCMI_ITConfig                            0x08005def   Thumb Code    22  stm32f4xx_dcmi.o(.text)
    DCMI_GetFlagStatus                       0x08005e05   Thumb Code    32  stm32f4xx_dcmi.o(.text)
    DCMI_ClearFlag                           0x08005e25   Thumb Code     6  stm32f4xx_dcmi.o(.text)
    DCMI_GetITStatus                         0x08005e2b   Thumb Code    16  stm32f4xx_dcmi.o(.text)
    DCMI_ClearITPendingBit                   0x08005e3b   Thumb Code     6  stm32f4xx_dcmi.o(.text)
    GPIO_DeInit                              0x08005e45   Thumb Code   216  stm32f4xx_gpio.o(.text)
    GPIO_Init                                0x08005f1d   Thumb Code   120  stm32f4xx_gpio.o(.text)
    GPIO_StructInit                          0x08005f95   Thumb Code    18  stm32f4xx_gpio.o(.text)
    GPIO_PinLockConfig                       0x08005fa7   Thumb Code    24  stm32f4xx_gpio.o(.text)
    GPIO_ReadInputDataBit                    0x08005fbf   Thumb Code    14  stm32f4xx_gpio.o(.text)
    GPIO_ReadInputData                       0x08005fcd   Thumb Code     6  stm32f4xx_gpio.o(.text)
    GPIO_ReadOutputDataBit                   0x08005fd3   Thumb Code    14  stm32f4xx_gpio.o(.text)
    GPIO_ReadOutputData                      0x08005fe1   Thumb Code     6  stm32f4xx_gpio.o(.text)
    GPIO_SetBits                             0x08005fe7   Thumb Code     4  stm32f4xx_gpio.o(.text)
    GPIO_ResetBits                           0x08005feb   Thumb Code     4  stm32f4xx_gpio.o(.text)
    GPIO_WriteBit                            0x08005fef   Thumb Code    10  stm32f4xx_gpio.o(.text)
    GPIO_Write                               0x08005ff9   Thumb Code     4  stm32f4xx_gpio.o(.text)
    GPIO_ToggleBits                          0x08005ffd   Thumb Code     8  stm32f4xx_gpio.o(.text)
    GPIO_PinAFConfig                         0x08006005   Thumb Code    32  stm32f4xx_gpio.o(.text)
    FSMC_NORSRAMDeInit                       0x08006051   Thumb Code    38  stm32f4xx_fsmc.o(.text)
    FSMC_NORSRAMInit                         0x08006077   Thumb Code   200  stm32f4xx_fsmc.o(.text)
    FSMC_NORSRAMStructInit                   0x0800613f   Thumb Code    42  stm32f4xx_fsmc.o(.text)
    FSMC_NORSRAMCmd                          0x08006169   Thumb Code    26  stm32f4xx_fsmc.o(.text)
    FSMC_NANDDeInit                          0x08006183   Thumb Code    40  stm32f4xx_fsmc.o(.text)
    FSMC_NANDInit                            0x080061ab   Thumb Code   104  stm32f4xx_fsmc.o(.text)
    FSMC_NANDStructInit                      0x08006213   Thumb Code    54  stm32f4xx_fsmc.o(.text)
    FSMC_NANDCmd                             0x08006249   Thumb Code    54  stm32f4xx_fsmc.o(.text)
    FSMC_NANDECCCmd                          0x0800627f   Thumb Code    54  stm32f4xx_fsmc.o(.text)
    FSMC_GetECC                              0x080062b5   Thumb Code    18  stm32f4xx_fsmc.o(.text)
    FSMC_PCCARDDeInit                        0x080062c7   Thumb Code    26  stm32f4xx_fsmc.o(.text)
    FSMC_PCCARDInit                          0x080062e1   Thumb Code   102  stm32f4xx_fsmc.o(.text)
    FSMC_PCCARDStructInit                    0x08006347   Thumb Code    60  stm32f4xx_fsmc.o(.text)
    FSMC_PCCARDCmd                           0x08006383   Thumb Code    28  stm32f4xx_fsmc.o(.text)
    FSMC_ITConfig                            0x0800639f   Thumb Code    72  stm32f4xx_fsmc.o(.text)
    FSMC_GetFlagStatus                       0x080063e7   Thumb Code    40  stm32f4xx_fsmc.o(.text)
    FSMC_ClearFlag                           0x0800640f   Thumb Code    38  stm32f4xx_fsmc.o(.text)
    FSMC_GetITStatus                         0x08006435   Thumb Code    48  stm32f4xx_fsmc.o(.text)
    FSMC_ClearITPendingBit                   0x08006465   Thumb Code    42  stm32f4xx_fsmc.o(.text)
    DMA_DeInit                               0x08006499   Thumb Code   272  stm32f4xx_dma.o(.text)
    DMA_Init                                 0x080065a9   Thumb Code    80  stm32f4xx_dma.o(.text)
    DMA_StructInit                           0x080065f9   Thumb Code    34  stm32f4xx_dma.o(.text)
    DMA_Cmd                                  0x0800661b   Thumb Code    20  stm32f4xx_dma.o(.text)
    DMA_PeriphIncOffsetSizeConfig            0x0800662f   Thumb Code    20  stm32f4xx_dma.o(.text)
    DMA_FlowControllerConfig                 0x08006643   Thumb Code    20  stm32f4xx_dma.o(.text)
    DMA_SetCurrDataCounter                   0x08006657   Thumb Code     4  stm32f4xx_dma.o(.text)
    DMA_GetCurrDataCounter                   0x0800665b   Thumb Code     6  stm32f4xx_dma.o(.text)
    DMA_DoubleBufferModeConfig               0x08006661   Thumb Code    22  stm32f4xx_dma.o(.text)
    DMA_DoubleBufferModeCmd                  0x08006677   Thumb Code    20  stm32f4xx_dma.o(.text)
    DMA_MemoryTargetConfig                   0x0800668b   Thumb Code    10  stm32f4xx_dma.o(.text)
    DMA_GetCurrentMemoryTarget               0x08006695   Thumb Code    14  stm32f4xx_dma.o(.text)
    DMA_GetCmdStatus                         0x080066a3   Thumb Code    14  stm32f4xx_dma.o(.text)
    DMA_GetFIFOStatus                        0x080066b1   Thumb Code     8  stm32f4xx_dma.o(.text)
    DMA_GetFlagStatus                        0x080066b9   Thumb Code    42  stm32f4xx_dma.o(.text)
    DMA_ClearFlag                            0x080066e3   Thumb Code    34  stm32f4xx_dma.o(.text)
    DMA_ITConfig                             0x08006705   Thumb Code    44  stm32f4xx_dma.o(.text)
    DMA_GetITStatus                          0x08006731   Thumb Code    70  stm32f4xx_dma.o(.text)
    DMA_ClearITPendingBit                    0x08006777   Thumb Code    34  stm32f4xx_dma.o(.text)
    RCC_DeInit                               0x080067b9   Thumb Code    68  stm32f4xx_rcc.o(.text)
    RCC_HSEConfig                            0x080067fd   Thumb Code    12  stm32f4xx_rcc.o(.text)
    RCC_GetFlagStatus                        0x08006809   Thumb Code    46  stm32f4xx_rcc.o(.text)
    RCC_WaitForHSEStartUp                    0x08006837   Thumb Code    44  stm32f4xx_rcc.o(.text)
    RCC_AdjustHSICalibrationValue            0x08006863   Thumb Code    16  stm32f4xx_rcc.o(.text)
    RCC_HSICmd                               0x08006873   Thumb Code     6  stm32f4xx_rcc.o(.text)
    RCC_LSEConfig                            0x08006879   Thumb Code    24  stm32f4xx_rcc.o(.text)
    RCC_LSICmd                               0x08006891   Thumb Code     6  stm32f4xx_rcc.o(.text)
    RCC_PLLConfig                            0x08006897   Thumb Code    32  stm32f4xx_rcc.o(.text)
    RCC_PLLCmd                               0x080068b7   Thumb Code     6  stm32f4xx_rcc.o(.text)
    RCC_PLLI2SConfig                         0x080068bd   Thumb Code    14  stm32f4xx_rcc.o(.text)
    RCC_PLLI2SCmd                            0x080068cb   Thumb Code     6  stm32f4xx_rcc.o(.text)
    RCC_PLLSAIConfig                         0x080068d1   Thumb Code    18  stm32f4xx_rcc.o(.text)
    RCC_PLLSAICmd                            0x080068e3   Thumb Code     6  stm32f4xx_rcc.o(.text)
    RCC_ClockSecuritySystemCmd               0x080068e9   Thumb Code     6  stm32f4xx_rcc.o(.text)
    RCC_MCO1Config                           0x080068ef   Thumb Code    18  stm32f4xx_rcc.o(.text)
    RCC_MCO2Config                           0x08006901   Thumb Code    18  stm32f4xx_rcc.o(.text)
    RCC_SYSCLKConfig                         0x08006913   Thumb Code    16  stm32f4xx_rcc.o(.text)
    RCC_GetSYSCLKSource                      0x08006923   Thumb Code    12  stm32f4xx_rcc.o(.text)
    RCC_HCLKConfig                           0x0800692f   Thumb Code    16  stm32f4xx_rcc.o(.text)
    RCC_PCLK1Config                          0x0800693f   Thumb Code    16  stm32f4xx_rcc.o(.text)
    RCC_PCLK2Config                          0x0800694f   Thumb Code    18  stm32f4xx_rcc.o(.text)
    RCC_GetClocksFreq                        0x08006961   Thumb Code   134  stm32f4xx_rcc.o(.text)
    RCC_RTCCLKConfig                         0x080069e7   Thumb Code    42  stm32f4xx_rcc.o(.text)
    RCC_RTCCLKCmd                            0x08006a11   Thumb Code     8  stm32f4xx_rcc.o(.text)
    RCC_BackupResetCmd                       0x08006a19   Thumb Code     8  stm32f4xx_rcc.o(.text)
    RCC_I2SCLKConfig                         0x08006a21   Thumb Code     8  stm32f4xx_rcc.o(.text)
    RCC_SAIPLLI2SClkDivConfig                0x08006a29   Thumb Code    18  stm32f4xx_rcc.o(.text)
    RCC_SAIPLLSAIClkDivConfig                0x08006a3b   Thumb Code    24  stm32f4xx_rcc.o(.text)
    RCC_SAIBlockACLKConfig                   0x08006a53   Thumb Code    16  stm32f4xx_rcc.o(.text)
    RCC_SAIBlockBCLKConfig                   0x08006a63   Thumb Code    16  stm32f4xx_rcc.o(.text)
    RCC_LTDCCLKDivConfig                     0x08006a73   Thumb Code    16  stm32f4xx_rcc.o(.text)
    RCC_TIMCLKPresConfig                     0x08006a83   Thumb Code     8  stm32f4xx_rcc.o(.text)
    RCC_AHB1PeriphClockCmd                   0x08006a8b   Thumb Code    20  stm32f4xx_rcc.o(.text)
    RCC_AHB2PeriphClockCmd                   0x08006a9f   Thumb Code    20  stm32f4xx_rcc.o(.text)
    RCC_AHB3PeriphClockCmd                   0x08006ab3   Thumb Code    20  stm32f4xx_rcc.o(.text)
    RCC_APB1PeriphClockCmd                   0x08006ac7   Thumb Code    20  stm32f4xx_rcc.o(.text)
    RCC_APB2PeriphClockCmd                   0x08006adb   Thumb Code    20  stm32f4xx_rcc.o(.text)
    RCC_AHB1PeriphResetCmd                   0x08006aef   Thumb Code    20  stm32f4xx_rcc.o(.text)
    RCC_AHB2PeriphResetCmd                   0x08006b03   Thumb Code    20  stm32f4xx_rcc.o(.text)
    RCC_AHB3PeriphResetCmd                   0x08006b17   Thumb Code    20  stm32f4xx_rcc.o(.text)
    RCC_APB1PeriphResetCmd                   0x08006b2b   Thumb Code    20  stm32f4xx_rcc.o(.text)
    RCC_APB2PeriphResetCmd                   0x08006b3f   Thumb Code    20  stm32f4xx_rcc.o(.text)
    RCC_AHB1PeriphClockLPModeCmd             0x08006b53   Thumb Code    20  stm32f4xx_rcc.o(.text)
    RCC_AHB2PeriphClockLPModeCmd             0x08006b67   Thumb Code    20  stm32f4xx_rcc.o(.text)
    RCC_AHB3PeriphClockLPModeCmd             0x08006b7b   Thumb Code    20  stm32f4xx_rcc.o(.text)
    RCC_APB1PeriphClockLPModeCmd             0x08006b8f   Thumb Code    64  stm32f4xx_rcc.o(.text)
    RCC_APB2PeriphClockLPModeCmd             0x08006bcf   Thumb Code    18  stm32f4xx_rcc.o(.text)
    RCC_LSEModeConfig                        0x08006be1   Thumb Code    24  stm32f4xx_rcc.o(.text)
    RCC_ITConfig                             0x08006bf9   Thumb Code    20  stm32f4xx_rcc.o(.text)
    RCC_ClearFlag                            0x08006c0d   Thumb Code    14  stm32f4xx_rcc.o(.text)
    RCC_GetITStatus                          0x08006c1b   Thumb Code    18  stm32f4xx_rcc.o(.text)
    RCC_ClearITPendingBit                    0x08006c2d   Thumb Code     8  stm32f4xx_rcc.o(.text)
    USART_DeInit                             0x08006c39   Thumb Code   138  stm32f4xx_usart.o(.text)
    USART_Init                               0x08006cc3   Thumb Code   164  stm32f4xx_usart.o(.text)
    USART_StructInit                         0x08006d67   Thumb Code    22  stm32f4xx_usart.o(.text)
    USART_ClockInit                          0x08006d7d   Thumb Code    28  stm32f4xx_usart.o(.text)
    USART_ClockStructInit                    0x08006d99   Thumb Code    12  stm32f4xx_usart.o(.text)
    USART_Cmd                                0x08006da5   Thumb Code    20  stm32f4xx_usart.o(.text)
    USART_SetPrescaler                       0x08006db9   Thumb Code    16  stm32f4xx_usart.o(.text)
    USART_OverSampling8Cmd                   0x08006dc9   Thumb Code    20  stm32f4xx_usart.o(.text)
    USART_OneBitMethodCmd                    0x08006ddd   Thumb Code    20  stm32f4xx_usart.o(.text)
    USART_SendData                           0x08006df1   Thumb Code     8  stm32f4xx_usart.o(.text)
    USART_ReceiveData                        0x08006df9   Thumb Code     8  stm32f4xx_usart.o(.text)
    USART_SetAddress                         0x08006e01   Thumb Code    16  stm32f4xx_usart.o(.text)
    USART_ReceiverWakeUpCmd                  0x08006e11   Thumb Code    20  stm32f4xx_usart.o(.text)
    USART_WakeUpConfig                       0x08006e25   Thumb Code    16  stm32f4xx_usart.o(.text)
    USART_LINBreakDetectLengthConfig         0x08006e35   Thumb Code    16  stm32f4xx_usart.o(.text)
    USART_LINCmd                             0x08006e45   Thumb Code    20  stm32f4xx_usart.o(.text)
    USART_SendBreak                          0x08006e59   Thumb Code    10  stm32f4xx_usart.o(.text)
    USART_HalfDuplexCmd                      0x08006e63   Thumb Code    20  stm32f4xx_usart.o(.text)
    USART_SetGuardTime                       0x08006e77   Thumb Code    16  stm32f4xx_usart.o(.text)
    USART_SmartCardCmd                       0x08006e87   Thumb Code    20  stm32f4xx_usart.o(.text)
    USART_SmartCardNACKCmd                   0x08006e9b   Thumb Code    20  stm32f4xx_usart.o(.text)
    USART_IrDAConfig                         0x08006eaf   Thumb Code    16  stm32f4xx_usart.o(.text)
    USART_IrDACmd                            0x08006ebf   Thumb Code    20  stm32f4xx_usart.o(.text)
    USART_DMACmd                             0x08006ed3   Thumb Code    16  stm32f4xx_usart.o(.text)
    USART_ITConfig                           0x08006ee3   Thumb Code    48  stm32f4xx_usart.o(.text)
    USART_GetFlagStatus                      0x08006f13   Thumb Code    14  stm32f4xx_usart.o(.text)
    USART_ClearFlag                          0x08006f21   Thumb Code     6  stm32f4xx_usart.o(.text)
    USART_GetITStatus                        0x08006f27   Thumb Code    62  stm32f4xx_usart.o(.text)
    USART_ClearITPendingBit                  0x08006f65   Thumb Code    12  stm32f4xx_usart.o(.text)
    TIM_DeInit                               0x08006f91   Thumb Code   284  stm32f4xx_tim.o(.text)
    TIM_TimeBaseInit                         0x080070ad   Thumb Code    96  stm32f4xx_tim.o(.text)
    TIM_TimeBaseStructInit                   0x0800710d   Thumb Code    18  stm32f4xx_tim.o(.text)
    TIM_PrescalerConfig                      0x0800711f   Thumb Code     6  stm32f4xx_tim.o(.text)
    TIM_CounterModeConfig                    0x08007125   Thumb Code    12  stm32f4xx_tim.o(.text)
    TIM_SetCounter                           0x08007131   Thumb Code     4  stm32f4xx_tim.o(.text)
    TIM_SetAutoreload                        0x08007135   Thumb Code     4  stm32f4xx_tim.o(.text)
    TIM_GetCounter                           0x08007139   Thumb Code     4  stm32f4xx_tim.o(.text)
    TIM_GetPrescaler                         0x0800713d   Thumb Code     4  stm32f4xx_tim.o(.text)
    TIM_UpdateDisableConfig                  0x08007141   Thumb Code    20  stm32f4xx_tim.o(.text)
    TIM_UpdateRequestConfig                  0x08007155   Thumb Code    20  stm32f4xx_tim.o(.text)
    TIM_ARRPreloadConfig                     0x08007169   Thumb Code    20  stm32f4xx_tim.o(.text)
    TIM_SelectOnePulseMode                   0x0800717d   Thumb Code    16  stm32f4xx_tim.o(.text)
    TIM_SetClockDivision                     0x0800718d   Thumb Code    16  stm32f4xx_tim.o(.text)
    TIM_Cmd                                  0x0800719d   Thumb Code    20  stm32f4xx_tim.o(.text)
    TIM_OC1Init                              0x080071b1   Thumb Code    88  stm32f4xx_tim.o(.text)
    TIM_OC2Init                              0x08007209   Thumb Code   120  stm32f4xx_tim.o(.text)
    TIM_OC3Init                              0x08007281   Thumb Code   116  stm32f4xx_tim.o(.text)
    TIM_OC4Init                              0x080072f5   Thumb Code    88  stm32f4xx_tim.o(.text)
    TIM_OCStructInit                         0x0800734d   Thumb Code    20  stm32f4xx_tim.o(.text)
    TIM_SelectOCxM                           0x08007361   Thumb Code   130  stm32f4xx_tim.o(.text)
    TIM_SetCompare1                          0x080073e3   Thumb Code     4  stm32f4xx_tim.o(.text)
    TIM_SetCompare2                          0x080073e7   Thumb Code     4  stm32f4xx_tim.o(.text)
    TIM_SetCompare3                          0x080073eb   Thumb Code     4  stm32f4xx_tim.o(.text)
    TIM_SetCompare4                          0x080073ef   Thumb Code     4  stm32f4xx_tim.o(.text)
    TIM_ForcedOC1Config                      0x080073f3   Thumb Code    12  stm32f4xx_tim.o(.text)
    TIM_ForcedOC2Config                      0x080073ff   Thumb Code    20  stm32f4xx_tim.o(.text)
    TIM_ForcedOC3Config                      0x08007413   Thumb Code    12  stm32f4xx_tim.o(.text)
    TIM_ForcedOC4Config                      0x0800741f   Thumb Code    20  stm32f4xx_tim.o(.text)
    TIM_OC1PreloadConfig                     0x08007433   Thumb Code    12  stm32f4xx_tim.o(.text)
    TIM_OC2PreloadConfig                     0x0800743f   Thumb Code    20  stm32f4xx_tim.o(.text)
    TIM_OC3PreloadConfig                     0x08007453   Thumb Code    12  stm32f4xx_tim.o(.text)
    TIM_OC4PreloadConfig                     0x0800745f   Thumb Code    20  stm32f4xx_tim.o(.text)
    TIM_OC1FastConfig                        0x08007473   Thumb Code    12  stm32f4xx_tim.o(.text)
    TIM_OC2FastConfig                        0x0800747f   Thumb Code    20  stm32f4xx_tim.o(.text)
    TIM_OC3FastConfig                        0x08007493   Thumb Code    12  stm32f4xx_tim.o(.text)
    TIM_OC4FastConfig                        0x0800749f   Thumb Code    20  stm32f4xx_tim.o(.text)
    TIM_ClearOC1Ref                          0x080074b3   Thumb Code    12  stm32f4xx_tim.o(.text)
    TIM_ClearOC2Ref                          0x080074bf   Thumb Code    20  stm32f4xx_tim.o(.text)
    TIM_ClearOC3Ref                          0x080074d3   Thumb Code    12  stm32f4xx_tim.o(.text)
    TIM_ClearOC4Ref                          0x080074df   Thumb Code    20  stm32f4xx_tim.o(.text)
    TIM_OC1PolarityConfig                    0x080074f3   Thumb Code    12  stm32f4xx_tim.o(.text)
    TIM_OC1NPolarityConfig                   0x080074ff   Thumb Code    12  stm32f4xx_tim.o(.text)
    TIM_OC2PolarityConfig                    0x0800750b   Thumb Code    20  stm32f4xx_tim.o(.text)
    TIM_OC2NPolarityConfig                   0x0800751f   Thumb Code    20  stm32f4xx_tim.o(.text)
    TIM_OC3PolarityConfig                    0x08007533   Thumb Code    20  stm32f4xx_tim.o(.text)
    TIM_OC3NPolarityConfig                   0x08007547   Thumb Code    20  stm32f4xx_tim.o(.text)
    TIM_OC4PolarityConfig                    0x0800755b   Thumb Code    20  stm32f4xx_tim.o(.text)
    TIM_CCxCmd                               0x0800756f   Thumb Code    22  stm32f4xx_tim.o(.text)
    TIM_CCxNCmd                              0x08007585   Thumb Code    22  stm32f4xx_tim.o(.text)
    TIM_SetIC4Prescaler                      0x0800759b   Thumb Code    24  stm32f4xx_tim.o(.text)
    TIM_SetIC3Prescaler                      0x080075b3   Thumb Code    16  stm32f4xx_tim.o(.text)
    TIM_SetIC2Prescaler                      0x080075c3   Thumb Code    24  stm32f4xx_tim.o(.text)
    TIM_SetIC1Prescaler                      0x08007611   Thumb Code    16  stm32f4xx_tim.o(.text)
    TIM_ICInit                               0x08007621   Thumb Code   164  stm32f4xx_tim.o(.text)
    TIM_ICStructInit                         0x080076c5   Thumb Code    16  stm32f4xx_tim.o(.text)
    TIM_PWMIConfig                           0x080076d5   Thumb Code   104  stm32f4xx_tim.o(.text)
    TIM_GetCapture1                          0x0800773d   Thumb Code     4  stm32f4xx_tim.o(.text)
    TIM_GetCapture2                          0x08007741   Thumb Code     4  stm32f4xx_tim.o(.text)
    TIM_GetCapture3                          0x08007745   Thumb Code     4  stm32f4xx_tim.o(.text)
    TIM_GetCapture4                          0x08007749   Thumb Code     4  stm32f4xx_tim.o(.text)
    TIM_BDTRConfig                           0x0800774d   Thumb Code    34  stm32f4xx_tim.o(.text)
    TIM_BDTRStructInit                       0x0800776f   Thumb Code    18  stm32f4xx_tim.o(.text)
    TIM_CtrlPWMOutputs                       0x08007781   Thumb Code    22  stm32f4xx_tim.o(.text)
    TIM_SelectCOM                            0x08007797   Thumb Code    20  stm32f4xx_tim.o(.text)
    TIM_CCPreloadControl                     0x080077ab   Thumb Code    20  stm32f4xx_tim.o(.text)
    TIM_ITConfig                             0x080077bf   Thumb Code    16  stm32f4xx_tim.o(.text)
    TIM_GenerateEvent                        0x080077cf   Thumb Code     4  stm32f4xx_tim.o(.text)
    TIM_GetFlagStatus                        0x080077d3   Thumb Code    14  stm32f4xx_tim.o(.text)
    TIM_ClearFlag                            0x080077e1   Thumb Code     6  stm32f4xx_tim.o(.text)
    TIM_GetITStatus                          0x080077e7   Thumb Code    24  stm32f4xx_tim.o(.text)
    TIM_ClearITPendingBit                    0x080077ff   Thumb Code     6  stm32f4xx_tim.o(.text)
    TIM_DMAConfig                            0x08007805   Thumb Code     8  stm32f4xx_tim.o(.text)
    TIM_DMACmd                               0x0800780d   Thumb Code    16  stm32f4xx_tim.o(.text)
    TIM_SelectCCDMA                          0x0800781d   Thumb Code    20  stm32f4xx_tim.o(.text)
    TIM_InternalClockConfig                  0x08007831   Thumb Code    10  stm32f4xx_tim.o(.text)
    TIM_SelectInputTrigger                   0x0800783b   Thumb Code    12  stm32f4xx_tim.o(.text)
    TIM_ITRxExternalClockConfig              0x08007847   Thumb Code    18  stm32f4xx_tim.o(.text)
    TIM_TIxExternalClockConfig               0x08007859   Thumb Code    46  stm32f4xx_tim.o(.text)
    TIM_ETRConfig                            0x08007887   Thumb Code    24  stm32f4xx_tim.o(.text)
    TIM_ETRClockMode1Config                  0x0800789f   Thumb Code    18  stm32f4xx_tim.o(.text)
    TIM_ETRClockMode2Config                  0x080078b1   Thumb Code    18  stm32f4xx_tim.o(.text)
    TIM_SelectOutputTrigger                  0x080078c3   Thumb Code    16  stm32f4xx_tim.o(.text)
    TIM_SelectSlaveMode                      0x080078d3   Thumb Code    16  stm32f4xx_tim.o(.text)
    TIM_SelectMasterSlaveMode                0x080078e3   Thumb Code    16  stm32f4xx_tim.o(.text)
    TIM_EncoderInterfaceConfig               0x080078f3   Thumb Code    50  stm32f4xx_tim.o(.text)
    TIM_SelectHallSensor                     0x08007925   Thumb Code    20  stm32f4xx_tim.o(.text)
    TIM_RemapConfig                          0x08007939   Thumb Code     6  stm32f4xx_tim.o(.text)
    usmart_sys_cmd_exe                       0x0800796d   Thumb Code  1472  usmart.o(.text)
    usmart_reset_runtime                     0x08007f2d   Thumb Code    40  usmart.o(.text)
    usmart_get_runtime                       0x08007f55   Thumb Code    48  usmart.o(.text)
    TIM4_IRQHandler                          0x08007f85   Thumb Code    50  usmart.o(.text)
    Timer4_Init                              0x08007fb7   Thumb Code    88  usmart.o(.text)
    usmart_init                              0x0800800f   Thumb Code    36  usmart.o(.text)
    usmart_cmd_rec                           0x08008033   Thumb Code   144  usmart.o(.text)
    usmart_exe                               0x080080c3   Thumb Code   680  usmart.o(.text)
    usmart_scan                              0x0800836b   Thumb Code    92  usmart.o(.text)
    read_addr                                0x080083c7   Thumb Code     4  usmart.o(.text)
    write_addr                               0x080083cb   Thumb Code     4  usmart.o(.text)
    usmart_strcmp                            0x08008429   Thumb Code    24  usmart_str.o(.text)
    usmart_strcopy                           0x08008441   Thumb Code    18  usmart_str.o(.text)
    usmart_strlen                            0x08008453   Thumb Code    18  usmart_str.o(.text)
    usmart_pow                               0x08008465   Thumb Code    16  usmart_str.o(.text)
    usmart_str2num                           0x08008475   Thumb Code   158  usmart_str.o(.text)
    usmart_get_cmdname                       0x08008513   Thumb Code    46  usmart_str.o(.text)
    usmart_search_nextc                      0x08008541   Thumb Code    16  usmart_str.o(.text)
    usmart_get_fname                         0x08008551   Thumb Code   356  usmart_str.o(.text)
    usmart_get_aparm                         0x080086b5   Thumb Code   156  usmart_str.o(.text)
    usmart_get_parmpos                       0x08008751   Thumb Code    30  usmart_str.o(.text)
    usmart_get_fparam                        0x0800876f   Thumb Code   206  usmart_str.o(.text)
    __use_no_semihosting                     0x08008849   Thumb Code     2  use_no_semi_2.o(.text)
    __2printf                                0x0800884d   Thumb Code    20  noretval__2printf.o(.text)
    __2sprintf                               0x08008865   Thumb Code    34  noretval__2sprintf.o(.text)
    _printf_pre_padding                      0x0800888d   Thumb Code    44  _printf_pad.o(.text)
    _printf_post_padding                     0x080088b9   Thumb Code    34  _printf_pad.o(.text)
    _printf_str                              0x080088db   Thumb Code    82  _printf_str.o(.text)
    _printf_int_dec                          0x0800892d   Thumb Code   104  _printf_dec.o(.text)
    _printf_int_hex                          0x080089a5   Thumb Code    84  _printf_hex_int.o(.text)
    _printf_longlong_hex                     0x080089a5   Thumb Code     0  _printf_hex_int.o(.text)
    __printf                                 0x080089fd   Thumb Code   388  __printf_flags_ss_wp.o(.text)
    __use_two_region_memory                  0x08008b85   Thumb Code     2  heapauxi.o(.text)
    __rt_heap_escrow$2region                 0x08008b87   Thumb Code     2  heapauxi.o(.text)
    __rt_heap_expand$2region                 0x08008b89   Thumb Code     2  heapauxi.o(.text)
    __I$use$semihosting                      0x08008b8b   Thumb Code     0  use_no_semi.o(.text)
    __use_no_semihosting_swi                 0x08008b8b   Thumb Code     2  use_no_semi.o(.text)
    _printf_int_common                       0x08008b8d   Thumb Code   178  _printf_intcommon.o(.text)
    _printf_char_common                      0x08008c4b   Thumb Code    32  _printf_char_common.o(.text)
    _sputc                                   0x08008c71   Thumb Code    10  _sputc.o(.text)
    _printf_cs_common                        0x08008c7b   Thumb Code    20  _printf_char.o(.text)
    _printf_char                             0x08008c8f   Thumb Code    16  _printf_char.o(.text)
    _printf_string                           0x08008c9f   Thumb Code     8  _printf_char.o(.text)
    _printf_char_file                        0x08008ca9   Thumb Code    32  _printf_char_file.o(.text)
    ferror                                   0x08008ccd   Thumb Code     8  ferror.o(.text)
    __user_setup_stackheap                   0x08008cd5   Thumb Code    74  sys_stackheap_outer.o(.text)
    exit                                     0x08008d1f   Thumb Code    18  exit.o(.text)
    __user_libspace                          0x08008d31   Thumb Code     8  libspace.o(.text)
    __user_perproc_libspace                  0x08008d31   Thumb Code     0  libspace.o(.text)
    __user_perthread_libspace                0x08008d31   Thumb Code     0  libspace.o(.text)
    _is_digit                                0x08008d39   Thumb Code    14  __printf_wp.o(i._is_digit)
    _fp_init                                 0x08008d47   Thumb Code    10  fpinit.o(x$fpl$fpinit)
    __fplib_config_fpu_vfp                   0x08008d4f   Thumb Code     0  fpinit.o(x$fpl$fpinit)
    __fplib_config_pureend_doubles           0x08008d4f   Thumb Code     0  fpinit.o(x$fpl$fpinit)
    jpeg_img_size_tbl                        0x08008d50   Data          36  main.o(.constdata)
    asc2_1206                                0x08008d74   Data        1140  lcd.o(.constdata)
    asc2_1608                                0x080091e8   Data        1520  lcd.o(.constdata)
    asc2_2412                                0x080097d8   Data        3420  lcd.o(.constdata)
    ov2640_sxga_init_reg_tbl                 0x0800a534   Data         356  ov2640.o(.constdata)
    ov2640_jpeg_reg_tbl                      0x0800a698   Data          14  ov2640.o(.constdata)
    ov2640_rgb565_reg_tbl                    0x0800a6a6   Data          28  ov2640.o(.constdata)
    ov2640_yuv422_reg_tbl                    0x0800a6c2   Data          16  ov2640.o(.constdata)
    FSMC_DefaultTimingStruct                 0x0800a6fc   Data          28  stm32f4xx_fsmc.o(.constdata)
    Region$$Table$$Base                      0x0800ab08   Number         0  anon$$obj.o(Region$$Table)
    Region$$Table$$Limit                     0x0800ab28   Number         0  anon$$obj.o(Region$$Table)
    ov2640_mode                              0x20000000   Data           1  main.o(.data)
    jpeg_data_ok                             0x20000001   Data           1  main.o(.data)
    Com1SendFlag                             0x20000002   Data           1  main.o(.data)
    jpeg_data_len                            0x20000004   Data           4  main.o(.data)
    EFFECTS_TBL                              0x20000008   Data          28  main.o(.data)
    JPEG_SIZE_TBL                            0x20000024   Data          36  main.o(.data)
    SystemCoreClock                          0x20000048   Data           4  system_stm32f4xx.o(.data)
    AHBPrescTable                            0x2000004c   Data          16  system_stm32f4xx.o(.data)
    POINT_COLOR                              0x2000005c   Data           2  lcd.o(.data)
    BACK_COLOR                               0x2000005e   Data           2  lcd.o(.data)
    Key_Flag                                 0x20000060   Data           1  key.o(.data)
    key_up                                   0x20000061   Data           1  key.o(.data)
    Key_times                                0x20000062   Data           6  key.o(.data)
    Key_Time_out                             0x20000068   Data           6  key.o(.data)
    ov_frame                                 0x2000006e   Data           1  dcmi.o(.data)
    TimeS                                    0x2000006f   Data           1  timer.o(.data)
    USART_RX_STA                             0x20000074   Data           2  usart.o(.data)
    __stdout                                 0x20000078   Data           4  usart.o(.data)
    sys_cmd_tab                              0x2000008c   Data          28  usmart.o(.data)
    usmart_nametab                           0x200000a8   Data         168  usmart_config.o(.data)
    usmart_dev                               0x20000150   Data         244  usmart_config.o(.data)
    jpeg_buf                                 0x20000244   Data       126976  main.o(.bss)
    lcddev                                   0x2001f244   Data          14  lcd.o(.bss)
    DCMI_InitStructure                       0x2001f252   Data          14  dcmi.o(.bss)
    USART_RX_BUF                             0x2001f260   Data         200  usart.o(.bss)
    __libspace_start                         0x2001f328   Data          96  libspace.o(.bss)
    __temporary_stack_top$libspace           0x2001f388   Data           0  libspace.o(.bss)



==============================================================================

Memory Map of the image

  Image Entry point : 0x08000189

  Load Region LR_IROM1 (Base: 0x08000000, Size: 0x0000ad6c, Max: 0x00080000, ABSOLUTE, COMPRESSED[0x0000ac28])

    Execution Region ER_IROM1 (Base: 0x08000000, Size: 0x0000ab28, Max: 0x00080000, ABSOLUTE)

    Base Addr    Size         Type   Attr      Idx    E Section Name        Object

    0x08000000   0x00000188   Data   RO          532    RESET               startup_stm32f40_41xxx.o
    0x08000188   0x00000008   Code   RO          860  * !!!main             c_w.l(__main.o)
    0x08000190   0x00000034   Code   RO         1034    !!!scatter          c_w.l(__scatter.o)
    0x080001c4   0x0000005a   Code   RO         1032    !!dczerorl2         c_w.l(__dczerorl2.o)
    0x0800021e   0x00000002   PAD
    0x08000220   0x0000001c   Code   RO         1036    !!handler_zi        c_w.l(__scatter_zi.o)
    0x0800023c   0x00000000   Code   RO          857    .ARM.Collect$$_printf_percent$$00000000  c_w.l(_printf_percent.o)
    0x0800023c   0x00000006   Code   RO          855    .ARM.Collect$$_printf_percent$$00000009  c_w.l(_printf_d.o)
    0x08000242   0x00000006   Code   RO          856    .ARM.Collect$$_printf_percent$$0000000A  c_w.l(_printf_u.o)
    0x08000248   0x00000006   Code   RO          854    .ARM.Collect$$_printf_percent$$0000000C  c_w.l(_printf_x.o)
    0x0800024e   0x00000006   Code   RO          852    .ARM.Collect$$_printf_percent$$00000013  c_w.l(_printf_c.o)
    0x08000254   0x00000006   Code   RO          853    .ARM.Collect$$_printf_percent$$00000014  c_w.l(_printf_s.o)
    0x0800025a   0x00000004   Code   RO          875    .ARM.Collect$$_printf_percent$$00000017  c_w.l(_printf_percent_end.o)
    0x0800025e   0x00000002   Code   RO          906    .ARM.Collect$$libinit$$00000000  c_w.l(libinit.o)
    0x08000260   0x00000004   Code   RO          912    .ARM.Collect$$libinit$$00000001  c_w.l(libinit2.o)
    0x08000264   0x00000000   Code   RO          915    .ARM.Collect$$libinit$$00000004  c_w.l(libinit2.o)
    0x08000264   0x00000000   Code   RO          918    .ARM.Collect$$libinit$$0000000A  c_w.l(libinit2.o)
    0x08000264   0x00000000   Code   RO          920    .ARM.Collect$$libinit$$0000000C  c_w.l(libinit2.o)
    0x08000264   0x00000000   Code   RO          922    .ARM.Collect$$libinit$$0000000E  c_w.l(libinit2.o)
    0x08000264   0x00000000   Code   RO          925    .ARM.Collect$$libinit$$00000011  c_w.l(libinit2.o)
    0x08000264   0x00000000   Code   RO          927    .ARM.Collect$$libinit$$00000013  c_w.l(libinit2.o)
    0x08000264   0x00000000   Code   RO          929    .ARM.Collect$$libinit$$00000015  c_w.l(libinit2.o)
    0x08000264   0x00000000   Code   RO          931    .ARM.Collect$$libinit$$00000017  c_w.l(libinit2.o)
    0x08000264   0x00000000   Code   RO          933    .ARM.Collect$$libinit$$00000019  c_w.l(libinit2.o)
    0x08000264   0x00000000   Code   RO          935    .ARM.Collect$$libinit$$0000001B  c_w.l(libinit2.o)
    0x08000264   0x00000000   Code   RO          937    .ARM.Collect$$libinit$$0000001D  c_w.l(libinit2.o)
    0x08000264   0x00000000   Code   RO          939    .ARM.Collect$$libinit$$0000001F  c_w.l(libinit2.o)
    0x08000264   0x00000000   Code   RO          941    .ARM.Collect$$libinit$$00000021  c_w.l(libinit2.o)
    0x08000264   0x00000000   Code   RO          943    .ARM.Collect$$libinit$$00000023  c_w.l(libinit2.o)
    0x08000264   0x00000000   Code   RO          945    .ARM.Collect$$libinit$$00000025  c_w.l(libinit2.o)
    0x08000264   0x00000000   Code   RO          949    .ARM.Collect$$libinit$$0000002C  c_w.l(libinit2.o)
    0x08000264   0x00000000   Code   RO          951    .ARM.Collect$$libinit$$0000002E  c_w.l(libinit2.o)
    0x08000264   0x00000000   Code   RO          953    .ARM.Collect$$libinit$$00000030  c_w.l(libinit2.o)
    0x08000264   0x00000000   Code   RO          955    .ARM.Collect$$libinit$$00000032  c_w.l(libinit2.o)
    0x08000264   0x00000002   Code   RO          956    .ARM.Collect$$libinit$$00000033  c_w.l(libinit2.o)
    0x08000266   0x00000002   Code   RO          974    .ARM.Collect$$libshutdown$$00000000  c_w.l(libshutdown.o)
    0x08000268   0x00000000   Code   RO          984    .ARM.Collect$$libshutdown$$00000002  c_w.l(libshutdown2.o)
    0x08000268   0x00000000   Code   RO          986    .ARM.Collect$$libshutdown$$00000004  c_w.l(libshutdown2.o)
    0x08000268   0x00000000   Code   RO          989    .ARM.Collect$$libshutdown$$00000007  c_w.l(libshutdown2.o)
    0x08000268   0x00000000   Code   RO          992    .ARM.Collect$$libshutdown$$0000000A  c_w.l(libshutdown2.o)
    0x08000268   0x00000000   Code   RO          994    .ARM.Collect$$libshutdown$$0000000C  c_w.l(libshutdown2.o)
    0x08000268   0x00000000   Code   RO          997    .ARM.Collect$$libshutdown$$0000000F  c_w.l(libshutdown2.o)
    0x08000268   0x00000002   Code   RO          998    .ARM.Collect$$libshutdown$$00000010  c_w.l(libshutdown2.o)
    0x0800026a   0x00000000   Code   RO          864    .ARM.Collect$$rtentry$$00000000  c_w.l(__rtentry.o)
    0x0800026a   0x00000000   Code   RO          877    .ARM.Collect$$rtentry$$00000002  c_w.l(__rtentry2.o)
    0x0800026a   0x00000006   Code   RO          889    .ARM.Collect$$rtentry$$00000004  c_w.l(__rtentry4.o)
    0x08000270   0x00000000   Code   RO          879    .ARM.Collect$$rtentry$$00000009  c_w.l(__rtentry2.o)
    0x08000270   0x00000004   Code   RO          880    .ARM.Collect$$rtentry$$0000000A  c_w.l(__rtentry2.o)
    0x08000274   0x00000000   Code   RO          882    .ARM.Collect$$rtentry$$0000000C  c_w.l(__rtentry2.o)
    0x08000274   0x00000008   Code   RO          883    .ARM.Collect$$rtentry$$0000000D  c_w.l(__rtentry2.o)
    0x0800027c   0x00000002   Code   RO          910    .ARM.Collect$$rtexit$$00000000  c_w.l(rtexit.o)
    0x0800027e   0x00000000   Code   RO          958    .ARM.Collect$$rtexit$$00000002  c_w.l(rtexit2.o)
    0x0800027e   0x00000004   Code   RO          959    .ARM.Collect$$rtexit$$00000003  c_w.l(rtexit2.o)
    0x08000282   0x00000006   Code   RO          960    .ARM.Collect$$rtexit$$00000004  c_w.l(rtexit2.o)
    0x08000288   0x00000748   Code   RO            3    .text               main.o
    0x080009d0   0x00000012   Code   RO          186    .text               stm32f4xx_it.o
    0x080009e2   0x00000002   PAD
    0x080009e4   0x0000017c   Code   RO          235    .text               system_stm32f4xx.o
    0x08000b60   0x0000003c   Code   RO          261    .text               led.o
    0x08000b9c   0x00004208   Code   RO          281    .text               lcd.o
    0x08004da4   0x00000150   Code   RO          320    .text               key.o
    0x08004ef4   0x00000298   Code   RO          343    .text               dcmi.o
    0x0800518c   0x0000052a   Code   RO          368    .text               ov2640.o
    0x080056b6   0x00000002   PAD
    0x080056b8   0x00000250   Code   RO          395    .text               sccb.o
    0x08005908   0x00000084   Code   RO          416    .text               usart2.o
    0x0800598c   0x000000b8   Code   RO          436    .text               timer.o
    0x08005a44   0x000000b8   Code   RO          460    .text               delay.o
    0x08005afc   0x00000124   Code   RO          500    .text               usart.o
    0x08005c20   0x00000040   Code   RO          533    .text               startup_stm32f40_41xxx.o
    0x08005c60   0x000000b0   Code   RO          539    .text               misc.o
    0x08005d10   0x00000134   Code   RO          559    .text               stm32f4xx_dcmi.o
    0x08005e44   0x0000020c   Code   RO          579    .text               stm32f4xx_gpio.o
    0x08006050   0x00000448   Code   RO          599    .text               stm32f4xx_fsmc.o
    0x08006498   0x00000320   Code   RO          622    .text               stm32f4xx_dma.o
    0x080067b8   0x00000480   Code   RO          642    .text               stm32f4xx_rcc.o
    0x08006c38   0x00000358   Code   RO          684    .text               stm32f4xx_usart.o
    0x08006f90   0x000009dc   Code   RO          704    .text               stm32f4xx_tim.o
    0x0800796c   0x00000abc   Code   RO          725    .text               usmart.o
    0x08008428   0x00000420   Code   RO          772    .text               usmart_str.o
    0x08008848   0x00000002   Code   RO          793    .text               c_w.l(use_no_semi_2.o)
    0x0800884a   0x00000002   PAD
    0x0800884c   0x00000018   Code   RO          799    .text               c_w.l(noretval__2printf.o)
    0x08008864   0x00000028   Code   RO          801    .text               c_w.l(noretval__2sprintf.o)
    0x0800888c   0x0000004e   Code   RO          805    .text               c_w.l(_printf_pad.o)
    0x080088da   0x00000052   Code   RO          807    .text               c_w.l(_printf_str.o)
    0x0800892c   0x00000078   Code   RO          809    .text               c_w.l(_printf_dec.o)
    0x080089a4   0x00000058   Code   RO          814    .text               c_w.l(_printf_hex_int.o)
    0x080089fc   0x00000188   Code   RO          849    .text               c_w.l(__printf_flags_ss_wp.o)
    0x08008b84   0x00000006   Code   RO          858    .text               c_w.l(heapauxi.o)
    0x08008b8a   0x00000002   Code   RO          862    .text               c_w.l(use_no_semi.o)
    0x08008b8c   0x000000b2   Code   RO          865    .text               c_w.l(_printf_intcommon.o)
    0x08008c3e   0x00000002   PAD
    0x08008c40   0x00000030   Code   RO          867    .text               c_w.l(_printf_char_common.o)
    0x08008c70   0x0000000a   Code   RO          869    .text               c_w.l(_sputc.o)
    0x08008c7a   0x0000002c   Code   RO          871    .text               c_w.l(_printf_char.o)
    0x08008ca6   0x00000002   PAD
    0x08008ca8   0x00000024   Code   RO          873    .text               c_w.l(_printf_char_file.o)
    0x08008ccc   0x00000008   Code   RO          893    .text               c_w.l(ferror.o)
    0x08008cd4   0x0000004a   Code   RO          897    .text               c_w.l(sys_stackheap_outer.o)
    0x08008d1e   0x00000012   Code   RO          899    .text               c_w.l(exit.o)
    0x08008d30   0x00000008   Code   RO          907    .text               c_w.l(libspace.o)
    0x08008d38   0x0000000e   Code   RO          842    i._is_digit         c_w.l(__printf_wp.o)
    0x08008d46   0x0000000a   Code   RO          966    x$fpl$fpinit        fz_wm.l(fpinit.o)
    0x08008d50   0x00000024   Data   RO            5    .constdata          main.o
    0x08008d74   0x000017c0   Data   RO          283    .constdata          lcd.o
    0x0800a534   0x000001c6   Data   RO          369    .constdata          ov2640.o
    0x0800a6fa   0x00000002   PAD
    0x0800a6fc   0x0000001c   Data   RO          600    .constdata          stm32f4xx_fsmc.o
    0x0800a718   0x00000028   Data   RO          815    .constdata          c_w.l(_printf_hex_int.o)
    0x0800a740   0x00000011   Data   RO          850    .constdata          c_w.l(__printf_flags_ss_wp.o)
    0x0800a751   0x00000003   PAD
    0x0800a754   0x00000077   Data   RO            6    .conststring        main.o
    0x0800a7cb   0x00000001   PAD
    0x0800a7cc   0x00000028   Data   RO          726    .conststring        usmart.o
    0x0800a7f4   0x00000311   Data   RO          750    .conststring        usmart_config.o
    0x0800ab05   0x00000003   PAD
    0x0800ab08   0x00000020   Data   RO         1030    Region$$Table       anon$$obj.o


    Execution Region RW_IRAM1 (Base: 0x20000000, Size: 0x0001f988, Max: 0x00020000, ABSOLUTE, COMPRESSED[0x00000100])

    Base Addr    Size         Type   Attr      Idx    E Section Name        Object

    0x20000000   0x00000048   Data   RW            7    .data               main.o
    0x20000048   0x00000014   Data   RW          236    .data               system_stm32f4xx.o
    0x2000005c   0x00000004   Data   RW          284    .data               lcd.o
    0x20000060   0x0000000e   Data   RW          321    .data               key.o
    0x2000006e   0x00000001   Data   RW          345    .data               dcmi.o
    0x2000006f   0x00000001   Data   RW          437    .data               timer.o
    0x20000070   0x00000004   Data   RW          461    .data               delay.o
    0x20000074   0x00000002   Data   RW          502    .data               usart.o
    0x20000076   0x00000002   PAD
    0x20000078   0x00000004   Data   RW          503    .data               usart.o
    0x2000007c   0x00000010   Data   RW          643    .data               stm32f4xx_rcc.o
    0x2000008c   0x0000001c   Data   RW          727    .data               usmart.o
    0x200000a8   0x000000a8   Data   RW          751    .data               usmart_config.o
    0x20000150   0x000000f4   Data   RW          752    .data               usmart_config.o
    0x20000244   0x0001f000   Zero   RW            4    .bss                main.o
    0x2001f244   0x0000000e   Zero   RW          282    .bss                lcd.o
    0x2001f252   0x0000000e   Zero   RW          344    .bss                dcmi.o
    0x2001f260   0x000000c8   Zero   RW          501    .bss                usart.o
    0x2001f328   0x00000060   Zero   RW          908    .bss                c_w.l(libspace.o)
    0x2001f388   0x00000200   Zero   RW          531    HEAP                startup_stm32f40_41xxx.o
    0x2001f588   0x00000400   Zero   RW          530    STACK               startup_stm32f40_41xxx.o


==============================================================================

Image component sizes


      Code (inc. data)   RO Data    RW Data    ZI Data      Debug   Object Name

       664         36          0          1         14       3098   dcmi.o
       184          4          0          4          0       1549   delay.o
       336         14          0         14          0       1601   key.o
     16904         98       6080          4         14      24051   lcd.o
        60          4          0          0          0        551   led.o
      1864        430        155         72     126976     309782   main.o
       176         12          0          0          0       2025   misc.o
      1322         56        454          0          0       6437   ov2640.o
       592         10          0          0          0       2962   sccb.o
        64         26        392          0       1536        844   startup_stm32f40_41xxx.o
       308          4          0          0          0       3686   stm32f4xx_dcmi.o
       800         32          0          0          0       7041   stm32f4xx_dma.o
      1096         10         28          0          0       6194   stm32f4xx_fsmc.o
       524         44          0          0          0       4549   stm32f4xx_gpio.o
        18          0          0          0          0       1230   stm32f4xx_it.o
      1152         48          0         16          0      13436   stm32f4xx_rcc.o
      2524         52          0          0          0      24074   stm32f4xx_tim.o
       856         32          0          0          0       8368   stm32f4xx_usart.o
       380         36          0         20          0       1943   system_stm32f4xx.o
       184         16          0          1          0       1152   timer.o
       292         16          0          6        200       3442   usart.o
       132          8          0          0          0        738   usart2.o
      2748       1212         40         28          0       4776   usmart.o
         0          0        785        412          0       1616   usmart_config.o
      1056         12          0          0          0       6267   usmart_str.o

    ----------------------------------------------------------------------
     34240       2212       7972        580     128740     441412   Object Totals
         0          0         32          0          0          0   (incl. Generated)
         4          0          6          2          0          0   (incl. Padding)

    ----------------------------------------------------------------------

      Code (inc. data)   RO Data    RW Data    ZI Data      Debug   Library Member Name

        90          0          0          0          0          0   __dczerorl2.o
         8          0          0          0          0         68   __main.o
       392          4         17          0          0         92   __printf_flags_ss_wp.o
        14          0          0          0          0         68   __printf_wp.o
         0          0          0          0          0          0   __rtentry.o
        12          0          0          0          0          0   __rtentry2.o
         6          0          0          0          0          0   __rtentry4.o
        52          8          0          0          0          0   __scatter.o
        28          0          0          0          0          0   __scatter_zi.o
         6          0          0          0          0          0   _printf_c.o
        44          0          0          0          0        108   _printf_char.o
        48          6          0          0          0         96   _printf_char_common.o
        36          4          0          0          0         80   _printf_char_file.o
         6          0          0          0          0          0   _printf_d.o
       120         16          0          0          0         92   _printf_dec.o
        88          4         40          0          0         88   _printf_hex_int.o
       178          0          0          0          0         88   _printf_intcommon.o
        78          0          0          0          0        108   _printf_pad.o
         0          0          0          0          0          0   _printf_percent.o
         4          0          0          0          0          0   _printf_percent_end.o
         6          0          0          0          0          0   _printf_s.o
        82          0          0          0          0         80   _printf_str.o
         6          0          0          0          0          0   _printf_u.o
         6          0          0          0          0          0   _printf_x.o
        10          0          0          0          0         68   _sputc.o
        18          0          0          0          0         80   exit.o
         8          0          0          0          0         68   ferror.o
         6          0          0          0          0        152   heapauxi.o
         2          0          0          0          0          0   libinit.o
         6          0          0          0          0          0   libinit2.o
         2          0          0          0          0          0   libshutdown.o
         2          0          0          0          0          0   libshutdown2.o
         8          4          0          0         96         68   libspace.o
        24          4          0          0          0         84   noretval__2printf.o
        40          6          0          0          0         84   noretval__2sprintf.o
         2          0          0          0          0          0   rtexit.o
        10          0          0          0          0          0   rtexit2.o
        74          0          0          0          0         80   sys_stackheap_outer.o
         2          0          0          0          0         68   use_no_semi.o
         2          0          0          0          0         68   use_no_semi_2.o
        10          0          0          0          0        116   fpinit.o

    ----------------------------------------------------------------------
      1544         56         60          0         96       1904   Library Totals
         8          0          3          0          0          0   (incl. Padding)

    ----------------------------------------------------------------------

      Code (inc. data)   RO Data    RW Data    ZI Data      Debug   Library Name

      1526         56         57          0         96       1788   c_w.l
        10          0          0          0          0        116   fz_wm.l

    ----------------------------------------------------------------------
      1544         56         60          0         96       1904   Library Totals

    ----------------------------------------------------------------------

==============================================================================


      Code (inc. data)   RO Data    RW Data    ZI Data      Debug   

     35784       2268       8032        580     128836     436832   Grand Totals
     35784       2268       8032        256     128836     436832   ELF Image Totals (compressed)
     35784       2268       8032        256          0          0   ROM Totals

==============================================================================

    Total RO  Size (Code + RO Data)                43816 (  42.79kB)
    Total RW  Size (RW Data + ZI Data)            129416 ( 126.38kB)
    Total ROM Size (Code + RO Data + RW Data)      44072 (  43.04kB)

==============================================================================

